----- timezone:GMT
01-02 00:53:44.142397   927 20730 I RilOemClient: arg : -1
01-02 00:53:44.144775   927   949 D RmcOemRequestHandler: [0] onHandleRequest: RFX_MSG_REQUEST_QUERY_MODEM_THERMAL(55019)
01-02 00:53:44.144951   927   949 I RmcOemRequestHandler: requestQueryThermal Enter: -1
01-02 00:53:44.145067   927   949 I AT      : [0] AT> AT+ETHERMAL (RIL_CMD_READER_1, tid:523765904624)
01-02 00:53:44.156507   927   948 I AT      : [0] AT< +ETHERMAL: 2, 32767, -127, 20821, 32767, -20554 (RIL_CMD_READER_1, tid:523772122352)
01-02 00:53:44.157322   927   948 I AT      : [0] AT< OK (RIL_CMD_READER_1, tid:523772122352)
01-02 00:53:44.157623   927   949 I RmcOemRequestHandler: requestQueryThermal success
01-02 00:53:44.158749   927   940 D RtcRilClientController: client 1001 handle requestComplete
01-02 00:53:44.158895   927   940 I RilOemClient: request for THERMAL returned
01-02 00:53:44.158998   927   940 I RilOemClient: mThermalFd is valid strResult is  2, 32767, -127, 20821, 32767, -20554
01-02 00:53:44.160516   927 20731 D RilOemClient: stream null here
01-02 00:53:44.161710   927 20732 I RilClient: start listen on fd: 11, soicket name: rild-oem
01-02 00:53:52.907978   927   945 I AT      : [0] AT< +ECSQ: 77,44,1,-173,-10,1,1,4,32767,1 (RIL_URC_READER, tid:523767977200)
01-02 00:53:52.910173   927   947 D RmcNwHdlr: [0] handleSignalStrength, sig1:99, sig2:-1, cdma_dbm:-1, cdma_ecio:-1, evdo_dbm:-1,evdo_ecio:-1, evdo_snr:-1, lte_sig:99, lte_rsrp:2147483647, lte_rsrq:2147483647, lte_rssnr:2147483647, lte_cqi:2147483647,lte_timing_advance:2147483647, td_scdma_rscp:43
01-02 00:53:52.913416  1421  1421 D MTKSST  : [CdmaLteSST0] old:{level:0, raw:SignalStrength: 99 -1 -120 -160 -120 -1 -1 99 2147483647 2147483647 2147483647 2147483647 0 -44 cdma}, new:{level:0, raw:SignalStrength: 99 -1 -120 -160 -120 -1 -1 99 2147483647 2147483647 2147483647 2147483647 0 -43 cdma}
01-02 00:53:54.166869   927 20732 I RilClient: initialize: commandFd is 69
01-02 00:53:54.168424   927 20743 I RilOemClient: NUMBER:1
01-02 00:53:54.168766   927 20743 I RilOemClient: arg len:14
01-02 00:53:54.168909   927 20743 I RilOemClient: ARGS[0]:THERMAL,0,-1
01-02 00:53:54.169083   927 20743 I RilOemClient: executeThermal
01-02 00:53:54.169311   927 20743 D RilOemClient: Thermal line = THERMAL,0,-1
01-02 00:53:54.169311   927 20743 D RilOemClient: , cmd:THERMAL, slotId:0, targetSim: 0
01-02 00:53:54.169430   927 20743 I RilOemClient: arg : -1
01-02 00:53:54.172112   927   949 D RmcOemRequestHandler: [0] onHandleRequest: RFX_MSG_REQUEST_QUERY_MODEM_THERMAL(55019)
01-02 00:53:54.172293   927   949 I RmcOemRequestHandler: requestQueryThermal Enter: -1
01-02 00:53:54.172410   927   949 I AT      : [0] AT> AT+ETHERMAL (RIL_CMD_READER_1, tid:523765904624)
01-02 00:53:54.183194   927   948 I AT      : [0] AT< +ETHERMAL: 2, 32767, -127, 20821, 32767, -20554 (RIL_CMD_READER_1, tid:523772122352)
01-02 00:53:54.184440   927   948 I AT      : [0] AT< OK (RIL_CMD_READER_1, tid:523772122352)
01-02 00:53:54.185004   927   949 I RmcOemRequestHandler: requestQueryThermal success
01-02 00:53:54.186470   927   940 D RtcRilClientController: client 1001 handle requestComplete
01-02 00:53:54.186614   927   940 I RilOemClient: request for THERMAL returned
01-02 00:53:54.186715   927   940 I RilOemClient: mThermalFd is valid strResult is  2, 32767, -127, 20821, 32767, -20554
01-02 00:53:54.188069   927 20744 D RilOemClient: stream null here
01-02 00:53:54.189326   927 20745 I RilClient: start listen on fd: 11, soicket name: rild-oem
01-02 00:53:58.018769   927   945 I AT      : [0] AT< +ECSQ: 76,43,1,-179,-11,1,1,4,32767,1 (RIL_URC_READER, tid:523767977200)
01-02 00:53:58.023682   927   947 D RmcNwHdlr: [0] handleSignalStrength, sig1:99, sig2:-1, cdma_dbm:-1, cdma_ecio:-1, evdo_dbm:-1,evdo_ecio:-1, evdo_snr:-1, lte_sig:99, lte_rsrp:2147483647, lte_rsrq:2147483647, lte_rssnr:2147483647, lte_cqi:2147483647,lte_timing_advance:2147483647, td_scdma_rscp:44
01-02 00:53:58.026632  1421  1421 D MTKSST  : [CdmaLteSST0] old:{level:0, raw:SignalStrength: 99 -1 -120 -160 -120 -1 -1 99 2147483647 2147483647 2147483647 2147483647 0 -43 cdma}, new:{level:0, raw:SignalStrength: 99 -1 -120 -160 -120 -1 -1 99 2147483647 2147483647 2147483647 2147483647 0 -44 cdma}
01-02 00:54:03.139573   927   945 I AT      : [0] AT< +ECSQ: 76,43,1,-180,-12,1,1,4,32767,1 (RIL_URC_READER, tid:523767977200)
01-02 00:54:03.141913   927   947 D RmcNwHdlr: [0] handleSignalStrength, sig1:99, sig2:-1, cdma_dbm:-1, cdma_ecio:-1, evdo_dbm:-1,evdo_ecio:-1, evdo_snr:-1, lte_sig:99, lte_rsrp:2147483647, lte_rsrq:2147483647, lte_rssnr:2147483647, lte_cqi:2147483647,lte_timing_advance:2147483647, td_scdma_rscp:45
01-02 00:54:03.145139  1421  1421 D MTKSST  : [CdmaLteSST0] old:{level:0, raw:SignalStrength: 99 -1 -120 -160 -120 -1 -1 99 2147483647 2147483647 2147483647 2147483647 0 -44 cdma}, new:{level:0, raw:SignalStrength: 99 -1 -120 -160 -120 -1 -1 99 2147483647 2147483647 2147483647 2147483647 0 -45 cdma}
01-02 00:54:04.194728   927 20745 I RilClient: initialize: commandFd is 0
01-02 00:54:04.196322   927 20756 I RilOemClient: NUMBER:1
01-02 00:54:04.196662   927 20756 I RilOemClient: arg len:14
01-02 00:54:04.196807   927 20756 I RilOemClient: ARGS[0]:THERMAL,0,-1
01-02 00:54:04.196979   927 20756 I RilOemClient: executeThermal
01-02 00:54:04.197216   927 20756 D RilOemClient: Thermal line = THERMAL,0,-1
01-02 00:54:04.197216   927 20756 D RilOemClient: , cmd:THERMAL, slotId:0, targetSim: 0
01-02 00:54:04.197339   927 20756 I RilOemClient: arg : -1
01-02 00:54:04.199664   927   949 D RmcOemRequestHandler: [0] onHandleRequest: RFX_MSG_REQUEST_QUERY_MODEM_THERMAL(55019)
01-02 00:54:04.199837   927   949 I RmcOemRequestHandler: requestQueryThermal Enter: -1
01-02 00:54:04.199956   927   949 I AT      : [0] AT> AT+ETHERMAL (RIL_CMD_READER_1, tid:523765904624)
01-02 00:54:04.210741   927   948 I AT      : [0] AT< +ETHERMAL: 2, 32767, -127, 20821, 32767, -20554 (RIL_CMD_READER_1, tid:523772122352)
01-02 00:54:04.211694   927   948 I AT      : [0] AT< OK (RIL_CMD_READER_1, tid:523772122352)
01-02 00:54:04.212028   927   949 I RmcOemRequestHandler: requestQueryThermal success
01-02 00:54:04.213473   927   940 D RtcRilClientController: client 1001 handle requestComplete
01-02 00:54:04.213615   927   940 I RilOemClient: request for THERMAL returned
01-02 00:54:04.213714   927   940 I RilOemClient: mThermalFd is valid strResult is  2, 32767, -127, 20821, 32767, -20554
01-02 00:54:04.214867   927 20757 D RilOemClient: stream null here
01-02 00:54:04.216477   927 20758 I RilClient: start listen on fd: 11, soicket name: rild-oem
01-02 00:54:08.261754   927   945 I AT      : [0] AT< +ECSQ: 77,42,1,-174,-13,1,1,4,32767,1 (RIL_URC_READER, tid:523767977200)
01-02 00:54:08.263961   927   947 D RmcNwHdlr: [0] handleSignalStrength, sig1:99, sig2:-1, cdma_dbm:-1, cdma_ecio:-1, evdo_dbm:-1,evdo_ecio:-1, evdo_snr:-1, lte_sig:99, lte_rsrp:2147483647, lte_rsrq:2147483647, lte_rssnr:2147483647, lte_cqi:2147483647,lte_timing_advance:2147483647, td_scdma_rscp:43
01-02 00:54:08.267533  1421  1421 D MTKSST  : [CdmaLteSST0] old:{level:0, raw:SignalStrength: 99 -1 -120 -160 -120 -1 -1 99 2147483647 2147483647 2147483647 2147483647 0 -45 cdma}, new:{level:0, raw:SignalStrength: 99 -1 -120 -160 -120 -1 -1 99 2147483647 2147483647 2147483647 2147483647 0 -43 cdma}
01-02 00:54:13.382660   927   945 I AT      : [0] AT< +ECSQ: 76,43,1,-177,-12,1,1,4,32767,1 (RIL_URC_READER, tid:523767977200)
01-02 00:54:13.384881   927   947 D RmcNwHdlr: [0] handleSignalStrength, sig1:99, sig2:-1, cdma_dbm:-1, cdma_ecio:-1, evdo_dbm:-1,evdo_ecio:-1, evdo_snr:-1, lte_sig:99, lte_rsrp:2147483647, lte_rsrq:2147483647, lte_rssnr:2147483647, lte_cqi:2147483647,lte_timing_advance:2147483647, td_scdma_rscp:44
01-02 00:54:13.387755  1421  1421 D MTKSST  : [CdmaLteSST0] old:{level:0, raw:SignalStrength: 99 -1 -120 -160 -120 -1 -1 99 2147483647 2147483647 2147483647 2147483647 0 -43 cdma}, new:{level:0, raw:SignalStrength: 99 -1 -120 -160 -120 -1 -1 99 2147483647 2147483647 2147483647 2147483647 0 -44 cdma}
01-02 00:54:13.789872   577  1084 E RPC     : entry g_lowpower_mode
01-02 00:54:14.221679   927 20758 I RilClient: initialize: commandFd is 69
01-02 00:54:14.224020   927 20771 I RilOemClient: NUMBER:1
01-02 00:54:14.224359   927 20771 I RilOemClient: arg len:14
01-02 00:54:14.224499   927 20771 I RilOemClient: ARGS[0]:THERMAL,0,-1
01-02 00:54:14.224632   927 20771 I RilOemClient: executeThermal
01-02 00:54:14.224814   927 20771 D RilOemClient: Thermal line = THERMAL,0,-1
01-02 00:54:14.224814   927 20771 D RilOemClient: , cmd:THERMAL, slotId:0, targetSim: 0
01-02 00:54:14.224939   927 20771 I RilOemClient: arg : -1
01-02 00:54:14.227628   927   949 D RmcOemRequestHandler: [0] onHandleRequest: RFX_MSG_REQUEST_QUERY_MODEM_THERMAL(55019)
01-02 00:54:14.227796   927   949 I RmcOemRequestHandler: requestQueryThermal Enter: -1
01-02 00:54:14.227914   927   949 I AT      : [0] AT> AT+ETHERMAL (RIL_CMD_READER_1, tid:523765904624)
01-02 00:54:14.238694   927   948 I AT      : [0] AT< +ETHERMAL: 2, 32767, -127, 20821, 32767, -20554 (RIL_CMD_READER_1, tid:523772122352)
01-02 00:54:14.239605   927   948 I AT      : [0] AT< OK (RIL_CMD_READER_1, tid:523772122352)
01-02 00:54:14.239948   927   949 I RmcOemRequestHandler: requestQueryThermal success
01-02 00:54:14.241284   927   940 D RtcRilClientController: client 1001 handle requestComplete
01-02 00:54:14.241426   927   940 I RilOemClient: request for THERMAL returned
01-02 00:54:14.241526   927   940 I RilOemClient: mThermalFd is valid strResult is  2, 32767, -127, 20821, 32767, -20554
01-02 00:54:14.242623   927 20772 D RilOemClient: stream null here
01-02 00:54:14.244103   927 20773 I RilClient: start listen on fd: 11, soicket name: rild-oem
01-02 00:54:18.503091   927   945 I AT      : [0] AT< +ECSQ: 77,43,1,-175,-12,1,1,4,32767,1 (RIL_URC_READER, tid:523767977200)
01-02 00:54:18.505179   927   947 D RmcNwHdlr: [0] handleSignalStrength, sig1:99, sig2:-1, cdma_dbm:-1, cdma_ecio:-1, evdo_dbm:-1,evdo_ecio:-1, evdo_snr:-1, lte_sig:99, lte_rsrp:2147483647, lte_rsrq:2147483647, lte_rssnr:2147483647, lte_cqi:2147483647,lte_timing_advance:2147483647, td_scdma_rscp:43
01-02 00:54:18.507667  1421  1421 D MTKSST  : [CdmaLteSST0] old:{level:0, raw:SignalStrength: 99 -1 -120 -160 -120 -1 -1 99 2147483647 2147483647 2147483647 2147483647 0 -44 cdma}, new:{level:0, raw:SignalStrength: 99 -1 -120 -160 -120 -1 -1 99 2147483647 2147483647 2147483647 2147483647 0 -43 cdma}
01-02 00:54:23.624317   927   945 I AT      : [0] AT< +ECSQ: 77,43,1,-174,-11,1,1,4,32767,1 (RIL_URC_READER, tid:523767977200)
01-02 00:54:24.249701   927 20773 I RilClient: initialize: commandFd is 0
01-02 00:54:24.251532   927 20784 I RilOemClient: NUMBER:1
01-02 00:54:24.251876   927 20784 I RilOemClient: arg len:14
01-02 00:54:24.252018   927 20784 I RilOemClient: ARGS[0]:THERMAL,0,-1
01-02 00:54:24.252199   927 20784 I RilOemClient: executeThermal
01-02 00:54:24.252437   927 20784 D RilOemClient: Thermal line = THERMAL,0,-1
01-02 00:54:24.252437   927 20784 D RilOemClient: , cmd:THERMAL, slotId:0, targetSim: 0
01-02 00:54:24.252558   927 20784 I RilOemClient: arg : -1
01-02 00:54:24.255195   927   949 D RmcOemRequestHandler: [0] onHandleRequest: RFX_MSG_REQUEST_QUERY_MODEM_THERMAL(55019)
01-02 00:54:24.255491   927   949 I RmcOemRequestHandler: requestQueryThermal Enter: -1
01-02 00:54:24.255611   927   949 I AT      : [0] AT> AT+ETHERMAL (RIL_CMD_READER_1, tid:523765904624)
01-02 00:54:24.267128   927   948 I AT      : [0] AT< +ETHERMAL: 2, 32767, -127, 20821, 32767, -20554 (RIL_CMD_READER_1, tid:523772122352)
01-02 00:54:24.268496   927   948 I AT      : [0] AT< OK (RIL_CMD_READER_1, tid:523772122352)
01-02 00:54:24.269013   927   949 I RmcOemRequestHandler: requestQueryThermal success
01-02 00:54:24.270452   927   940 D RtcRilClientController: client 1001 handle requestComplete
01-02 00:54:24.270598   927   940 I RilOemClient: request for THERMAL returned
01-02 00:54:24.270700   927   940 I RilOemClient: mThermalFd is valid strResult is  2, 32767, -127, 20821, 32767, -20554
01-02 00:54:24.271913   927 20785 D RilOemClient: stream null here
01-02 00:54:24.273227   927 20787 I RilClient: start listen on fd: 11, soicket name: rild-oem
01-02 00:54:27.488525   577  1037 E RPC     : entry g_lowpower_mode
01-02 00:54:28.746522   927   945 I AT      : [0] AT< +ECSQ: 76,45,1,-180,-8,1,1,4,32767,1 (RIL_URC_READER, tid:523767977200)
01-02 00:54:28.748855   927   947 D RmcNwHdlr: [0] handleSignalStrength, sig1:99, sig2:-1, cdma_dbm:-1, cdma_ecio:-1, evdo_dbm:-1,evdo_ecio:-1, evdo_snr:-1, lte_sig:99, lte_rsrp:2147483647, lte_rsrq:2147483647, lte_rssnr:2147483647, lte_cqi:2147483647,lte_timing_advance:2147483647, td_scdma_rscp:45
01-02 00:54:28.752063  1421  1421 D MTKSST  : [CdmaLteSST0] old:{level:0, raw:SignalStrength: 99 -1 -120 -160 -120 -1 -1 99 2147483647 2147483647 2147483647 2147483647 0 -43 cdma}, new:{level:0, raw:SignalStrength: 99 -1 -120 -160 -120 -1 -1 99 2147483647 2147483647 2147483647 2147483647 0 -45 cdma}
01-02 00:54:33.866865   927   945 I AT      : [0] AT< +ECSQ: 75,43,1,-183,-12,1,1,4,32767,1 (RIL_URC_READER, tid:523767977200)
01-02 00:54:34.278846   927 20787 I RilClient: initialize: commandFd is 69
01-02 00:54:34.281135   927 20807 I RilOemClient: NUMBER:1
01-02 00:54:34.281511   927 20807 I RilOemClient: arg len:14
01-02 00:54:34.281652   927 20807 I RilOemClient: ARGS[0]:THERMAL,0,-1
01-02 00:54:34.281839   927 20807 I RilOemClient: executeThermal
01-02 00:54:34.282069   927 20807 D RilOemClient: Thermal line = THERMAL,0,-1
01-02 00:54:34.282069   927 20807 D RilOemClient: , cmd:THERMAL, slotId:0, targetSim: 0
01-02 00:54:34.282191   927 20807 I RilOemClient: arg : -1
01-02 00:54:34.284589   927   949 D RmcOemRequestHandler: [0] onHandleRequest: RFX_MSG_REQUEST_QUERY_MODEM_THERMAL(55019)
01-02 00:54:34.284770   927   949 I RmcOemRequestHandler: requestQueryThermal Enter: -1
01-02 00:54:34.284889   927   949 I AT      : [0] AT> AT+ETHERMAL (RIL_CMD_READER_1, tid:523765904624)
01-02 00:54:34.296138   927   948 I AT      : [0] AT< +ETHERMAL: 2, 32767, -127, 20821, 32767, -20554 (RIL_CMD_READER_1, tid:523772122352)
01-02 00:54:34.296951   927   948 I AT      : [0] AT< OK (RIL_CMD_READER_1, tid:523772122352)
01-02 00:54:34.297290   927   949 I RmcOemRequestHandler: requestQueryThermal success
01-02 00:54:34.298417   927   940 D RtcRilClientController: client 1001 handle requestComplete
01-02 00:54:34.298558   927   940 I RilOemClient: request for THERMAL returned
01-02 00:54:34.298659   927   940 I RilOemClient: mThermalFd is valid strResult is  2, 32767, -127, 20821, 32767, -20554
01-02 00:54:34.300641   927 20808 D RilOemClient: stream null here
01-02 00:54:34.301903   927 20809 I RilClient: start listen on fd: 11, soicket name: rild-oem
01-02 00:54:38.979343   927   945 I AT      : [0] AT< +ECSQ: 76,43,1,-180,-12,1,1,4,32767,1 (RIL_URC_READER, tid:523767977200)
01-02 00:54:44.099392   927   945 I AT      : [0] AT< +ECSQ: 78,43,1,-170,-11,1,1,4,32767,1 (RIL_URC_READER, tid:523767977200)
01-02 00:54:44.101409   927   947 D RmcNwHdlr: [0] handleSignalStrength, sig1:99, sig2:-1, cdma_dbm:-1, cdma_ecio:-1, evdo_dbm:-1,evdo_ecio:-1, evdo_snr:-1, lte_sig:99, lte_rsrp:2147483647, lte_rsrq:2147483647, lte_rssnr:2147483647, lte_cqi:2147483647,lte_timing_advance:2147483647, td_scdma_rscp:42
01-02 00:54:44.104268  1421  1421 D MTKSST  : [CdmaLteSST0] old:{level:0, raw:SignalStrength: 99 -1 -120 -160 -120 -1 -1 99 2147483647 2147483647 2147483647 2147483647 0 -45 cdma}, new:{level:0, raw:SignalStrength: 99 -1 -120 -160 -120 -1 -1 99 2147483647 2147483647 2147483647 2147483647 0 -42 cdma}
01-02 00:54:44.307230   927 20809 I RilClient: initialize: commandFd is 0
01-02 00:54:44.310344   927 20821 I RilOemClient: NUMBER:1
01-02 00:54:44.310690   927 20821 I RilOemClient: arg len:14
01-02 00:54:44.310835   927 20821 I RilOemClient: ARGS[0]:THERMAL,0,-1
01-02 00:54:44.311015   927 20821 I RilOemClient: executeThermal
01-02 00:54:44.311328   927 20821 D RilOemClient: Thermal line = THERMAL,0,-1
01-02 00:54:44.311328   927 20821 D RilOemClient: , cmd:THERMAL, slotId:0, targetSim: 0
01-02 00:54:44.311465   927 20821 I RilOemClient: arg : -1
01-02 00:54:44.314287   927   949 D RmcOemRequestHandler: [0] onHandleRequest: RFX_MSG_REQUEST_QUERY_MODEM_THERMAL(55019)
01-02 00:54:44.314458   927   949 I RmcOemRequestHandler: requestQueryThermal Enter: -1
01-02 00:54:44.314575   927   949 I AT      : [0] AT> AT+ETHERMAL (RIL_CMD_READER_1, tid:523765904624)
01-02 00:54:44.325791   927   948 I AT      : [0] AT< +ETHERMAL: 2, 32767, -127, 20821, 32767, -20554 (RIL_CMD_READER_1, tid:523772122352)
01-02 00:54:44.326896   927   948 I AT      : [0] AT< OK (RIL_CMD_READER_1, tid:523772122352)
01-02 00:54:44.327536   927   949 I RmcOemRequestHandler: requestQueryThermal success
01-02 00:54:44.329293   927   940 D RtcRilClientController: client 1001 handle requestComplete
01-02 00:54:44.329438   927   940 I RilOemClient: request for THERMAL returned
01-02 00:54:44.329541   927   940 I RilOemClient: mThermalFd is valid strResult is  2, 32767, -127, 20821, 32767, -20554
01-02 00:54:44.330729   927 20822 D RilOemClient: stream null here
01-02 00:54:44.332224   927 20823 I RilClient: start listen on fd: 11, soicket name: rild-oem
01-02 00:54:49.221588   927   945 I AT      : [0] AT< +ECSQ: 78,42,1,-172,-13,1,1,4,32767,1 (RIL_URC_READER, tid:523767977200)
01-02 00:54:49.223897   927   947 D RmcNwHdlr: [0] handleSignalStrength, sig1:99, sig2:-1, cdma_dbm:-1, cdma_ecio:-1, evdo_dbm:-1,evdo_ecio:-1, evdo_snr:-1, lte_sig:99, lte_rsrp:2147483647, lte_rsrq:2147483647, lte_rssnr:2147483647, lte_cqi:2147483647,lte_timing_advance:2147483647, td_scdma_rscp:43
01-02 00:54:49.227400  1421  1421 D MTKSST  : [CdmaLteSST0] old:{level:0, raw:SignalStrength: 99 -1 -120 -160 -120 -1 -1 99 2147483647 2147483647 2147483647 2147483647 0 -42 cdma}, new:{level:0, raw:SignalStrength: 99 -1 -120 -160 -120 -1 -1 99 2147483647 2147483647 2147483647 2147483647 0 -43 cdma}
01-02 00:54:54.337375   927 20823 I RilClient: initialize: commandFd is 69
01-02 00:54:54.339673   927 20834 I RilOemClient: NUMBER:1
01-02 00:54:54.340061   927 20834 I RilOemClient: arg len:14
01-02 00:54:54.340218   927 20834 I RilOemClient: ARGS[0]:THERMAL,0,-1
01-02 00:54:54.340417   927 20834 I RilOemClient: executeThermal
01-02 00:54:54.340723   927 20834 D RilOemClient: Thermal line = THERMAL,0,-1
01-02 00:54:54.340723   927 20834 D RilOemClient: , cmd:THERMAL, slotId:0, targetSim: 0
01-02 00:54:54.340846   927 20834 I RilOemClient: arg : -1
01-02 00:54:54.341659   927   945 I AT      : [0] AT< +ECSQ: 77,43,1,-174,-11,1,1,4,32767,1 (RIL_URC_READER, tid:523767977200)
01-02 00:54:54.343728   927   949 D RmcOemRequestHandler: [0] onHandleRequest: RFX_MSG_REQUEST_QUERY_MODEM_THERMAL(55019)
01-02 00:54:54.343894   927   949 I RmcOemRequestHandler: requestQueryThermal Enter: -1
01-02 00:54:54.344058   927   949 I AT      : [0] AT> AT+ETHERMAL (RIL_CMD_READER_1, tid:523765904624)
01-02 00:54:54.355779   927   948 I AT      : [0] AT< +ETHERMAL: 2, 32767, -127, 20821, 32767, -20554 (RIL_CMD_READER_1, tid:523772122352)
01-02 00:54:54.356484   927   948 I AT      : [0] AT< OK (RIL_CMD_READER_1, tid:523772122352)
01-02 00:54:54.357110   927   949 I RmcOemRequestHandler: requestQueryThermal success
01-02 00:54:54.358257   927   940 D RtcRilClientController: client 1001 handle requestComplete
01-02 00:54:54.358394   927   940 I RilOemClient: request for THERMAL returned
01-02 00:54:54.358494   927   940 I RilOemClient: mThermalFd is valid strResult is  2, 32767, -127, 20821, 32767, -20554
01-02 00:54:54.359762   927 20835 D RilOemClient: stream null here
01-02 00:54:54.361117   927 20836 I RilClient: start listen on fd: 11, soicket name: rild-oem
01-02 00:54:59.463442   927   945 I AT      : [0] AT< +ECSQ: 79,43,1,-165,-11,1,1,4,32767,1 (RIL_URC_READER, tid:523767977200)
01-02 00:54:59.465519   927   947 D RmcNwHdlr: [0] handleSignalStrength, sig1:99, sig2:-1, cdma_dbm:-1, cdma_ecio:-1, evdo_dbm:-1,evdo_ecio:-1, evdo_snr:-1, lte_sig:99, lte_rsrp:2147483647, lte_rsrq:2147483647, lte_rssnr:2147483647, lte_cqi:2147483647,lte_timing_advance:2147483647, td_scdma_rscp:41
01-02 00:54:59.468723  1421  1421 D MTKSST  : [CdmaLteSST0] old:{level:0, raw:SignalStrength: 99 -1 -120 -160 -120 -1 -1 99 2147483647 2147483647 2147483647 2147483647 0 -43 cdma}, new:{level:0, raw:SignalStrength: 99 -1 -120 -160 -120 -1 -1 99 2147483647 2147483647 2147483647 2147483647 0 -41 cdma}
01-02 00:55:04.366800   927 20836 I RilClient: initialize: commandFd is 0
01-02 00:55:04.368391   927 20847 I RilOemClient: NUMBER:1
01-02 00:55:04.368727   927 20847 I RilOemClient: arg len:14
01-02 00:55:04.368867   927 20847 I RilOemClient: ARGS[0]:THERMAL,0,-1
01-02 00:55:04.369037   927 20847 I RilOemClient: executeThermal
01-02 00:55:04.369274   927 20847 D RilOemClient: Thermal line = THERMAL,0,-1
01-02 00:55:04.369274   927 20847 D RilOemClient: , cmd:THERMAL, slotId:0, targetSim: 0
01-02 00:55:04.369395   927 20847 I RilOemClient: arg : -1
01-02 00:55:04.372139   927   949 D RmcOemRequestHandler: [0] onHandleRequest: RFX_MSG_REQUEST_QUERY_MODEM_THERMAL(55019)
01-02 00:55:04.372326   927   949 I RmcOemRequestHandler: requestQueryThermal Enter: -1
01-02 00:55:04.372449   927   949 I AT      : [0] AT> AT+ETHERMAL (RIL_CMD_READER_1, tid:523765904624)
01-02 00:55:04.383474   927   948 I AT      : [0] AT< +ETHERMAL: 2, 32767, -127, 20821, 32767, -20554 (RIL_CMD_READER_1, tid:523772122352)
01-02 00:55:04.384461   927   948 I AT      : [0] AT< OK (RIL_CMD_READER_1, tid:523772122352)
01-02 00:55:04.384800   927   949 I RmcOemRequestHandler: requestQueryThermal success
01-02 00:55:04.386151   927   940 D RtcRilClientController: client 1001 handle requestComplete
01-02 00:55:04.386296   927   940 I RilOemClient: request for THERMAL returned
01-02 00:55:04.386399   927   940 I RilOemClient: mThermalFd is valid strResult is  2, 32767, -127, 20821, 32767, -20554
01-02 00:55:04.388123   927 20848 D RilOemClient: stream null here
01-02 00:55:04.390420   927 20849 I RilClient: start listen on fd: 11, soicket name: rild-oem
01-02 00:55:04.585000   927   945 I AT      : [0] AT< +ECSQ: 80,43,1,-161,-12,1,1,4,32767,1 (RIL_URC_READER, tid:523767977200)
01-02 00:55:04.587204   927   947 D RmcNwHdlr: [0] handleSignalStrength, sig1:99, sig2:-1, cdma_dbm:-1, cdma_ecio:-1, evdo_dbm:-1,evdo_ecio:-1, evdo_snr:-1, lte_sig:99, lte_rsrp:2147483647, lte_rsrq:2147483647, lte_rssnr:2147483647, lte_cqi:2147483647,lte_timing_advance:2147483647, td_scdma_rscp:40
01-02 00:55:04.590405  1421  1421 D MTKSST  : [CdmaLteSST0] old:{level:0, raw:SignalStrength: 99 -1 -120 -160 -120 -1 -1 99 2147483647 2147483647 2147483647 2147483647 0 -41 cdma}, new:{level:0, raw:SignalStrength: 99 -1 -120 -160 -120 -1 -1 99 2147483647 2147483647 2147483647 2147483647 0 -40 cdma}
01-02 00:55:09.706525   927   945 I AT      : [0] AT< +ECSQ: 80,42,1,-163,-13,1,1,4,32767,1 (RIL_URC_READER, tid:523767977200)
01-02 00:55:13.830727   577  1084 E RPC     : entry g_lowpower_mode
01-02 00:55:14.394333   927 20849 I RilClient: initialize: commandFd is 69
01-02 00:55:14.396454   927 20865 I RilOemClient: NUMBER:1
01-02 00:55:14.396837   927 20865 I RilOemClient: arg len:14
01-02 00:55:14.396988   927 20865 I RilOemClient: ARGS[0]:THERMAL,0,-1
01-02 00:55:14.398530   927 20865 I RilOemClient: executeThermal
01-02 00:55:14.399526   927 20865 D RilOemClient: Thermal line = THERMAL,0,-1
01-02 00:55:14.399526   927 20865 D RilOemClient: , cmd:THERMAL, slotId:0, targetSim: 0
01-02 00:55:14.399686   927 20865 I RilOemClient: arg : -1
01-02 00:55:14.402775   927   949 D RmcOemRequestHandler: [0] onHandleRequest: RFX_MSG_REQUEST_QUERY_MODEM_THERMAL(55019)
01-02 00:55:14.402971   927   949 I RmcOemRequestHandler: requestQueryThermal Enter: -1
01-02 00:55:14.403093   927   949 I AT      : [0] AT> AT+ETHERMAL (RIL_CMD_READER_1, tid:523765904624)
01-02 00:55:14.414253   927   948 I AT      : [0] AT< +ETHERMAL: 2, 32767, -127, 20821, 32767, -20554 (RIL_CMD_READER_1, tid:523772122352)
01-02 00:55:14.414626   927   948 I AT      : [0] AT< OK (RIL_CMD_READER_1, tid:523772122352)
01-02 00:55:14.414904   927   949 I RmcOemRequestHandler: requestQueryThermal success
01-02 00:55:14.415929   927   940 D RtcRilClientController: client 1001 handle requestComplete
01-02 00:55:14.416073   927   940 I RilOemClient: request for THERMAL returned
01-02 00:55:14.416154   927   940 I RilOemClient: mThermalFd is valid strResult is  2, 32767, -127, 20821, 32767, -20554
01-02 00:55:14.417118   927 20866 D RilOemClient: stream null here
01-02 00:55:14.418180   927 20867 I RilClient: start listen on fd: 11, soicket name: rild-oem
01-02 00:55:14.826087   927   945 I AT      : [0] AT< +ECSQ: 81,42,1,-160,-13,1,1,4,32767,1 (RIL_URC_READER, tid:523767977200)
01-02 00:55:19.937948   927   945 I AT      : [0] AT< +ECSQ: 79,42,1,-165,-13,1,1,4,32767,1 (RIL_URC_READER, tid:523767977200)
01-02 00:55:19.940098   927   947 D RmcNwHdlr: [0] handleSignalStrength, sig1:99, sig2:-1, cdma_dbm:-1, cdma_ecio:-1, evdo_dbm:-1,evdo_ecio:-1, evdo_snr:-1, lte_sig:99, lte_rsrp:2147483647, lte_rsrq:2147483647, lte_rssnr:2147483647, lte_cqi:2147483647,lte_timing_advance:2147483647, td_scdma_rscp:41
01-02 00:55:19.943223  1421  1421 D MTKSST  : [CdmaLteSST0] old:{level:0, raw:SignalStrength: 99 -1 -120 -160 -120 -1 -1 99 2147483647 2147483647 2147483647 2147483647 0 -40 cdma}, new:{level:0, raw:SignalStrength: 99 -1 -120 -160 -120 -1 -1 99 2147483647 2147483647 2147483647 2147483647 0 -41 cdma}
01-02 00:55:24.420769   927 20867 I RilClient: initialize: commandFd is 0
01-02 00:55:24.422318   927 20887 I RilOemClient: NUMBER:1
01-02 00:55:24.422635   927 20887 I RilOemClient: arg len:14
01-02 00:55:24.422775   927 20887 I RilOemClient: ARGS[0]:THERMAL,0,-1
01-02 00:55:24.422904   927 20887 I RilOemClient: executeThermal
01-02 00:55:24.423130   927 20887 I RilOemClient: arg : -1
01-02 00:55:24.425729   927   949 I RmcOemRequestHandler: requestQueryThermal Enter: -1
01-02 00:55:24.425946   927   949 I AT      : [0] AT> AT+ETHERMAL (RIL_CMD_READER_1, tid:523765904624)
01-02 00:55:24.437530   927   948 I AT      : [0] AT< +ETHERMAL: 2, 32767, -127, 20821, 32767, -20554 (RIL_CMD_READER_1, tid:523772122352)
01-02 00:55:24.438069   927   948 I AT      : [0] AT< OK (RIL_CMD_READER_1, tid:523772122352)
01-02 00:55:24.438329   927   949 I RmcOemRequestHandler: requestQueryThermal success
01-02 00:55:24.439199   927   940 I RilOemClient: request for THERMAL returned
01-02 00:55:24.439387   927   940 I RilOemClient: mThermalFd is valid strResult is  2, 32767, -127, 20821, 32767, -20554
01-02 00:55:24.440894   927 20889 I RilClient: start listen on fd: 11, soicket name: rild-oem
01-02 00:55:25.058661   927   945 I AT      : [0] AT< +ECSQ: 80,43,1,-163,-12,1,1,4,32767,1 (RIL_URC_READER, tid:523767977200)
01-02 00:55:25.060353   927   947 D RmcNwHdlr: [0] handleSignalStrength, sig1:99, sig2:-1, cdma_dbm:-1, cdma_ecio:-1, evdo_dbm:-1,evdo_ecio:-1, evdo_snr:-1, lte_sig:99, lte_rsrp:2147483647, lte_rsrq:2147483647, lte_rssnr:2147483647, lte_cqi:2147483647,lte_timing_advance:2147483647, td_scdma_rscp:40
01-02 00:55:25.062959  1421  1421 D MTKSST  : [CdmaLteSST0] old:{level:0, raw:SignalStrength: 99 -1 -120 -160 -120 -1 -1 99 2147483647 2147483647 2147483647 2147483647 0 -41 cdma}, new:{level:0, raw:SignalStrength: 99 -1 -120 -160 -120 -1 -1 99 2147483647 2147483647 2147483647 2147483647 0 -40 cdma}
01-02 00:55:27.508788   577  1037 E RPC     : entry g_lowpower_mode
01-02 00:55:30.181591   927   945 I AT      : [0] AT< +ECSQ: 77,43,1,-175,-11,1,1,4,32767,1 (RIL_URC_READER, tid:523767977200)
01-02 00:55:30.183610   927   947 D RmcNwHdlr: [0] handleSignalStrength, sig1:99, sig2:-1, cdma_dbm:-1, cdma_ecio:-1, evdo_dbm:-1,evdo_ecio:-1, evdo_snr:-1, lte_sig:99, lte_rsrp:2147483647, lte_rsrq:2147483647, lte_rssnr:2147483647, lte_cqi:2147483647,lte_timing_advance:2147483647, td_scdma_rscp:43
01-02 00:55:30.185987  1421  1421 D MTKSST  : [CdmaLteSST0] old:{level:0, raw:SignalStrength: 99 -1 -120 -160 -120 -1 -1 99 2147483647 2147483647 2147483647 2147483647 0 -40 cdma}, new:{level:0, raw:SignalStrength: 99 -1 -120 -160 -120 -1 -1 99 2147483647 2147483647 2147483647 2147483647 0 -43 cdma}
01-02 00:55:34.445830   927 20889 I RilClient: initialize: commandFd is 69
01-02 00:55:34.447549   927 20904 I RilOemClient: NUMBER:1
01-02 00:55:34.447891   927 20904 I RilOemClient: arg len:14
01-02 00:55:34.448089   927 20904 I RilOemClient: ARGS[0]:THERMAL,0,-1
01-02 00:55:34.448255   927 20904 I RilOemClient: executeThermal
01-02 00:55:34.448517   927 20904 I RilOemClient: arg : -1
01-02 00:55:34.450884   927   949 I RmcOemRequestHandler: requestQueryThermal Enter: -1
01-02 00:55:34.451058   927   949 I AT      : [0] AT> AT+ETHERMAL (RIL_CMD_READER_1, tid:523765904624)
01-02 00:55:34.462885   927   948 I AT      : [0] AT< +ETHERMAL: 2, 32767, -127, 20821, 32767, -20554 (RIL_CMD_READER_1, tid:523772122352)
01-02 00:55:34.463784   927   948 I AT      : [0] AT< OK (RIL_CMD_READER_1, tid:523772122352)
01-02 00:55:34.464388   927   949 I RmcOemRequestHandler: requestQueryThermal success
01-02 00:55:34.465739   927   940 I RilOemClient: request for THERMAL returned
01-02 00:55:34.465889   927   940 I RilOemClient: mThermalFd is valid strResult is  2, 32767, -127, 20821, 32767, -20554
01-02 00:55:34.467855   927 20906 I RilClient: start listen on fd: 11, soicket name: rild-oem
01-02 00:55:35.302353   927   945 I AT      : [0] AT< +ECSQ: 73,42,1,-191,-14,1,1,4,32767,1 (RIL_URC_READER, tid:523767977200)
01-02 00:55:35.304724   927   947 D RmcNwHdlr: [0] handleSignalStrength, sig1:99, sig2:-1, cdma_dbm:-1, cdma_ecio:-1, evdo_dbm:-1,evdo_ecio:-1, evdo_snr:-1, lte_sig:99, lte_rsrp:2147483647, lte_rsrq:2147483647, lte_rssnr:2147483647, lte_cqi:2147483647,lte_timing_advance:2147483647, td_scdma_rscp:47
01-02 00:55:35.308143  1421  1421 D MTKSST  : [CdmaLteSST0] old:{level:0, raw:SignalStrength: 99 -1 -120 -160 -120 -1 -1 99 2147483647 2147483647 2147483647 2147483647 0 -43 cdma}, new:{level:0, raw:SignalStrength: 99 -1 -120 -160 -120 -1 -1 99 2147483647 2147483647 2147483647 2147483647 0 -47 cdma}
01-02 00:55:40.422939   927   945 I AT      : [0] AT< +ECSQ: 78,43,1,-171,-12,1,1,4,32767,1 (RIL_URC_READER, tid:523767977200)
01-02 00:55:40.424907   927   947 D RmcNwHdlr: [0] handleSignalStrength, sig1:99, sig2:-1, cdma_dbm:-1, cdma_ecio:-1, evdo_dbm:-1,evdo_ecio:-1, evdo_snr:-1, lte_sig:99, lte_rsrp:2147483647, lte_rsrq:2147483647, lte_rssnr:2147483647, lte_cqi:2147483647,lte_timing_advance:2147483647, td_scdma_rscp:42
01-02 00:55:40.427910  1421  1421 D MTKSST  : [CdmaLteSST0] old:{level:0, raw:SignalStrength: 99 -1 -120 -160 -120 -1 -1 99 2147483647 2147483647 2147483647 2147483647 0 -47 cdma}, new:{level:0, raw:SignalStrength: 99 -1 -120 -160 -120 -1 -1 99 2147483647 2147483647 2147483647 2147483647 0 -42 cdma}
01-02 00:55:44.473535   927 20906 I RilClient: initialize: commandFd is 0
01-02 00:55:44.475526   927 20945 I RilOemClient: NUMBER:1
01-02 00:55:44.475873   927 20945 I RilOemClient: arg len:14
01-02 00:55:44.476014   927 20945 I RilOemClient: ARGS[0]:THERMAL,0,-1
01-02 00:55:44.476186   927 20945 I RilOemClient: executeThermal
01-02 00:55:44.476410   927 20945 D RilOemClient: Thermal line = THERMAL,0,-1
01-02 00:55:44.476410   927 20945 D RilOemClient: , cmd:THERMAL, slotId:0, targetSim: 0
01-02 00:55:44.476535   927 20945 I RilOemClient: arg : -1
01-02 00:55:44.478989   927   949 D RmcOemRequestHandler: [0] onHandleRequest: RFX_MSG_REQUEST_QUERY_MODEM_THERMAL(55019)
01-02 00:55:44.479159   927   949 I RmcOemRequestHandler: requestQueryThermal Enter: -1
01-02 00:55:44.479400   927   949 I AT      : [0] AT> AT+ETHERMAL (RIL_CMD_READER_1, tid:523765904624)
01-02 00:55:44.490119   927   948 I AT      : [0] AT< +ETHERMAL: 2, 32767, -127, 20821, 32767, -20554 (RIL_CMD_READER_1, tid:523772122352)
01-02 00:55:44.490919   927   948 I AT      : [0] AT< OK (RIL_CMD_READER_1, tid:523772122352)
01-02 00:55:44.491384   927   949 I RmcOemRequestHandler: requestQueryThermal success
01-02 00:55:44.492541   927   940 D RtcRilClientController: client 1001 handle requestComplete
01-02 00:55:44.492686   927   940 I RilOemClient: request for THERMAL returned
01-02 00:55:44.492788   927   940 I RilOemClient: mThermalFd is valid strResult is  2, 32767, -127, 20821, 32767, -20554
01-02 00:55:44.495026   927 20946 D RilOemClient: stream null here
01-02 00:55:44.496519   927 20947 I RilClient: start listen on fd: 11, soicket name: rild-oem
01-02 00:55:45.544851   927   945 I AT      : [0] AT< +ECSQ: 79,43,1,-165,-12,1,1,4,32767,1 (RIL_URC_READER, tid:523767977200)
01-02 00:55:45.546665   927   947 D RmcNwHdlr: [0] handleSignalStrength, sig1:99, sig2:-1, cdma_dbm:-1, cdma_ecio:-1, evdo_dbm:-1,evdo_ecio:-1, evdo_snr:-1, lte_sig:99, lte_rsrp:2147483647, lte_rsrq:2147483647, lte_rssnr:2147483647, lte_cqi:2147483647,lte_timing_advance:2147483647, td_scdma_rscp:41
01-02 00:55:45.549673  1421  1421 D MTKSST  : [CdmaLteSST0] old:{level:0, raw:SignalStrength: 99 -1 -120 -160 -120 -1 -1 99 2147483647 2147483647 2147483647 2147483647 0 -42 cdma}, new:{level:0, raw:SignalStrength: 99 -1 -120 -160 -120 -1 -1 99 2147483647 2147483647 2147483647 2147483647 0 -41 cdma}
01-02 00:55:50.666459   927   945 I AT      : [0] AT< +ECSQ: 80,43,1,-164,-11,1,1,4,32767,1 (RIL_URC_READER, tid:523767977200)
01-02 00:55:54.501194   927 20947 I RilClient: initialize: commandFd is 69
01-02 00:55:54.502665   927 20958 I RilOemClient: NUMBER:1
01-02 00:55:54.503007   927 20958 I RilOemClient: arg len:14
01-02 00:55:54.503147   927 20958 I RilOemClient: ARGS[0]:THERMAL,0,-1
01-02 00:55:54.503504   927 20958 I RilOemClient: executeThermal
01-02 00:55:54.503786   927 20958 D RilOemClient: Thermal line = THERMAL,0,-1
01-02 00:55:54.503786   927 20958 D RilOemClient: , cmd:THERMAL, slotId:0, targetSim: 0
01-02 00:55:54.503916   927 20958 I RilOemClient: arg : -1
01-02 00:55:54.506453   927   949 D RmcOemRequestHandler: [0] onHandleRequest: RFX_MSG_REQUEST_QUERY_MODEM_THERMAL(55019)
01-02 00:55:54.506621   927   949 I RmcOemRequestHandler: requestQueryThermal Enter: -1
01-02 00:55:54.506737   927   949 I AT      : [0] AT> AT+ETHERMAL (RIL_CMD_READER_1, tid:523765904624)
01-02 00:55:54.517656   927   948 I AT      : [0] AT< +ETHERMAL: 2, 32767, -127, 20821, 32767, -20554 (RIL_CMD_READER_1, tid:523772122352)
01-02 00:55:54.518278   927   948 I AT      : [0] AT< OK (RIL_CMD_READER_1, tid:523772122352)
01-02 00:55:54.518605   927   949 I RmcOemRequestHandler: requestQueryThermal success
01-02 00:55:54.519837   927   940 D RtcRilClientController: client 1001 handle requestComplete
01-02 00:55:54.519980   927   940 I RilOemClient: request for THERMAL returned
01-02 00:55:54.520081   927   940 I RilOemClient: mThermalFd is valid strResult is  2, 32767, -127, 20821, 32767, -20554
01-02 00:55:54.521226   927 20959 D RilOemClient: stream null here
01-02 00:55:54.522430   927 20960 I RilClient: start listen on fd: 11, soicket name: rild-oem
01-02 00:55:55.787040   927   945 I AT      : [0] AT< +ECSQ: 77,43,1,-174,-12,1,1,4,32767,1 (RIL_URC_READER, tid:523767977200)
01-02 00:55:55.789297   927   947 D RmcNwHdlr: [0] handleSignalStrength, sig1:99, sig2:-1, cdma_dbm:-1, cdma_ecio:-1, evdo_dbm:-1,evdo_ecio:-1, evdo_snr:-1, lte_sig:99, lte_rsrp:2147483647, lte_rsrq:2147483647, lte_rssnr:2147483647, lte_cqi:2147483647,lte_timing_advance:2147483647, td_scdma_rscp:43
01-02 00:55:55.792570  1421  1421 D MTKSST  : [CdmaLteSST0] old:{level:0, raw:SignalStrength: 99 -1 -120 -160 -120 -1 -1 99 2147483647 2147483647 2147483647 2147483647 0 -41 cdma}, new:{level:0, raw:SignalStrength: 99 -1 -120 -160 -120 -1 -1 99 2147483647 2147483647 2147483647 2147483647 0 -43 cdma}
01-02 00:56:00.898544   927   945 I AT      : [0] AT< +ECSQ: 76,42,1,-177,-14,1,1,4,32767,1 (RIL_URC_READER, tid:523767977200)
01-02 00:56:00.900781   927   947 D RmcNwHdlr: [0] handleSignalStrength, sig1:99, sig2:-1, cdma_dbm:-1, cdma_ecio:-1, evdo_dbm:-1,evdo_ecio:-1, evdo_snr:-1, lte_sig:99, lte_rsrp:2147483647, lte_rsrq:2147483647, lte_rssnr:2147483647, lte_cqi:2147483647,lte_timing_advance:2147483647, td_scdma_rscp:44
01-02 00:56:00.903771  1421  1421 D MTKSST  : [CdmaLteSST0] old:{level:0, raw:SignalStrength: 99 -1 -120 -160 -120 -1 -1 99 2147483647 2147483647 2147483647 2147483647 0 -43 cdma}, new:{level:0, raw:SignalStrength: 99 -1 -120 -160 -120 -1 -1 99 2147483647 2147483647 2147483647 2147483647 0 -44 cdma}
01-02 00:56:04.528833   927 20960 I RilClient: initialize: commandFd is 0
01-02 00:56:04.530556   927 20971 I RilOemClient: NUMBER:1
01-02 00:56:04.530897   927 20971 I RilOemClient: arg len:14
01-02 00:56:04.531039   927 20971 I RilOemClient: ARGS[0]:THERMAL,0,-1
01-02 00:56:04.531369   927 20971 I RilOemClient: executeThermal
01-02 00:56:04.531634   927 20971 D RilOemClient: Thermal line = THERMAL,0,-1
01-02 00:56:04.531634   927 20971 D RilOemClient: , cmd:THERMAL, slotId:0, targetSim: 0
01-02 00:56:04.531755   927 20971 I RilOemClient: arg : -1
01-02 00:56:04.534045   927   949 D RmcOemRequestHandler: [0] onHandleRequest: RFX_MSG_REQUEST_QUERY_MODEM_THERMAL(55019)
01-02 00:56:04.534209   927   949 I RmcOemRequestHandler: requestQueryThermal Enter: -1
01-02 00:56:04.534326   927   949 I AT      : [0] AT> AT+ETHERMAL (RIL_CMD_READER_1, tid:523765904624)
01-02 00:56:04.545335   927   948 I AT      : [0] AT< +ETHERMAL: 2, 32767, -127, 20821, 32767, -20554 (RIL_CMD_READER_1, tid:523772122352)
01-02 00:56:04.545962   927   948 I AT      : [0] AT< OK (RIL_CMD_READER_1, tid:523772122352)
01-02 00:56:04.546316   927   949 I RmcOemRequestHandler: requestQueryThermal success
01-02 00:56:04.547563   927   940 D RtcRilClientController: client 1001 handle requestComplete
01-02 00:56:04.547719   927   940 I RilOemClient: request for THERMAL returned
01-02 00:56:04.547822   927   940 I RilOemClient: mThermalFd is valid strResult is  2, 32767, -127, 20821, 32767, -20554
01-02 00:56:04.549460   927 20972 D RilOemClient: stream null here
01-02 00:56:04.552545   927 20973 I RilClient: start listen on fd: 11, soicket name: rild-oem
01-02 00:56:06.019490   927   945 I AT      : [0] AT< +ECSQ: 75,44,1,-183,-10,1,1,4,32767,1 (RIL_URC_READER, tid:523767977200)
01-02 00:56:06.021369   927   947 D RmcNwHdlr: [0] handleSignalStrength, sig1:99, sig2:-1, cdma_dbm:-1, cdma_ecio:-1, evdo_dbm:-1,evdo_ecio:-1, evdo_snr:-1, lte_sig:99, lte_rsrp:2147483647, lte_rsrq:2147483647, lte_rssnr:2147483647, lte_cqi:2147483647,lte_timing_advance:2147483647, td_scdma_rscp:45
01-02 00:56:06.024340  1421  1421 D MTKSST  : [CdmaLteSST0] old:{level:0, raw:SignalStrength: 99 -1 -120 -160 -120 -1 -1 99 2147483647 2147483647 2147483647 2147483647 0 -44 cdma}, new:{level:0, raw:SignalStrength: 99 -1 -120 -160 -120 -1 -1 99 2147483647 2147483647 2147483647 2147483647 0 -45 cdma}
01-02 00:56:11.141461   927   945 I AT      : [0] AT< +ECSQ: 75,42,1,-183,-13,1,1,4,32767,1 (RIL_URC_READER, tid:523767977200)
01-02 00:56:13.863969   577  1084 E RPC     : entry g_lowpower_mode
01-02 00:56:14.556275   927 20973 I RilClient: initialize: commandFd is 69
01-02 00:56:14.558213   927 20985 I RilOemClient: NUMBER:1
01-02 00:56:14.558544   927 20985 I RilOemClient: arg len:14
01-02 00:56:14.558687   927 20985 I RilOemClient: ARGS[0]:THERMAL,0,-1
01-02 00:56:14.558864   927 20985 I RilOemClient: executeThermal
01-02 00:56:14.559105   927 20985 D RilOemClient: Thermal line = THERMAL,0,-1
01-02 00:56:14.559105   927 20985 D RilOemClient: , cmd:THERMAL, slotId:0, targetSim: 0
01-02 00:56:14.559226   927 20985 I RilOemClient: arg : -1
01-02 00:56:14.561626   927   949 D RmcOemRequestHandler: [0] onHandleRequest: RFX_MSG_REQUEST_QUERY_MODEM_THERMAL(55019)
01-02 00:56:14.561795   927   949 I RmcOemRequestHandler: requestQueryThermal Enter: -1
01-02 00:56:14.561912   927   949 I AT      : [0] AT> AT+ETHERMAL (RIL_CMD_READER_1, tid:523765904624)
01-02 00:56:14.572880   927   948 I AT      : [0] AT< +ETHERMAL: 2, 32767, -127, 20821, 32767, -20554 (RIL_CMD_READER_1, tid:523772122352)
01-02 00:56:14.573889   927   948 I AT      : [0] AT< OK (RIL_CMD_READER_1, tid:523772122352)
01-02 00:56:14.574206   927   949 I RmcOemRequestHandler: requestQueryThermal success
01-02 00:56:14.575443   927   940 D RtcRilClientController: client 1001 handle requestComplete
01-02 00:56:14.575594   927   940 I RilOemClient: request for THERMAL returned
01-02 00:56:14.575695   927   940 I RilOemClient: mThermalFd is valid strResult is  2, 32767, -127, 20821, 32767, -20554
01-02 00:56:14.576861   927 20986 D RilOemClient: stream null here
01-02 00:56:14.578137   927 20987 I RilClient: start listen on fd: 11, soicket name: rild-oem
01-02 00:56:16.262057   927   945 I AT      : [0] AT< +ECSQ: 76,43,1,-180,-12,1,1,4,32767,1 (RIL_URC_READER, tid:523767977200)
01-02 00:56:21.383408   927   945 I AT      : [0] AT< +ECSQ: 75,42,1,-181,-14,1,1,4,32767,1 (RIL_URC_READER, tid:523767977200)
01-02 00:56:24.584482   927 20987 I RilClient: initialize: commandFd is 0
01-02 00:56:24.585964   927 20996 I RilOemClient: NUMBER:1
01-02 00:56:24.586303   927 20996 I RilOemClient: arg len:14
01-02 00:56:24.586444   927 20996 I RilOemClient: ARGS[0]:THERMAL,0,-1
01-02 00:56:24.586632   927 20996 I RilOemClient: executeThermal
01-02 00:56:24.586877   927 20996 D RilOemClient: Thermal line = THERMAL,0,-1
01-02 00:56:24.586877   927 20996 D RilOemClient: , cmd:THERMAL, slotId:0, targetSim: 0
01-02 00:56:24.587002   927 20996 I RilOemClient: arg : -1
01-02 00:56:24.590013   927   949 D RmcOemRequestHandler: [0] onHandleRequest: RFX_MSG_REQUEST_QUERY_MODEM_THERMAL(55019)
01-02 00:56:24.590191   927   949 I RmcOemRequestHandler: requestQueryThermal Enter: -1
01-02 00:56:24.590310   927   949 I AT      : [0] AT> AT+ETHERMAL (RIL_CMD_READER_1, tid:523765904624)
01-02 00:56:24.601827   927   948 I AT      : [0] AT< +ETHERMAL: 2, 32767, -127, 20821, 32767, -20554 (RIL_CMD_READER_1, tid:523772122352)
01-02 00:56:24.602948   927   948 I AT      : [0] AT< OK (RIL_CMD_READER_1, tid:523772122352)
01-02 00:56:24.603386   927   949 I RmcOemRequestHandler: requestQueryThermal success
01-02 00:56:24.604528   927   940 D RtcRilClientController: client 1001 handle requestComplete
01-02 00:56:24.604665   927   940 I RilOemClient: request for THERMAL returned
01-02 00:56:24.604764   927   940 I RilOemClient: mThermalFd is valid strResult is  2, 32767, -127, 20821, 32767, -20554
01-02 00:56:24.605821   927 20997 D RilOemClient: stream null here
01-02 00:56:24.607094   927 20998 I RilClient: start listen on fd: 11, soicket name: rild-oem
01-02 00:56:26.504907   927   945 I AT      : [0] AT< +ECSQ: 78,42,1,-169,-13,1,1,4,32767,1 (RIL_URC_READER, tid:523767977200)
01-02 00:56:26.507187   927   947 D RmcNwHdlr: [0] handleSignalStrength, sig1:99, sig2:-1, cdma_dbm:-1, cdma_ecio:-1, evdo_dbm:-1,evdo_ecio:-1, evdo_snr:-1, lte_sig:99, lte_rsrp:2147483647, lte_rsrq:2147483647, lte_rssnr:2147483647, lte_cqi:2147483647,lte_timing_advance:2147483647, td_scdma_rscp:42
01-02 00:56:26.510499  1421  1421 D MTKSST  : [CdmaLteSST0] old:{level:0, raw:SignalStrength: 99 -1 -120 -160 -120 -1 -1 99 2147483647 2147483647 2147483647 2147483647 0 -45 cdma}, new:{level:0, raw:SignalStrength: 99 -1 -120 -160 -120 -1 -1 99 2147483647 2147483647 2147483647 2147483647 0 -42 cdma}
01-02 00:56:27.548221   577  1037 E RPC     : entry g_lowpower_mode
01-02 00:56:31.625814   927   945 I AT      : [0] AT< +ECSQ: 76,44,1,-179,-9,1,1,4,32767,1 (RIL_URC_READER, tid:523767977200)
01-02 00:56:31.627773   927   947 D RmcNwHdlr: [0] handleSignalStrength, sig1:99, sig2:-1, cdma_dbm:-1, cdma_ecio:-1, evdo_dbm:-1,evdo_ecio:-1, evdo_snr:-1, lte_sig:99, lte_rsrp:2147483647, lte_rsrq:2147483647, lte_rssnr:2147483647, lte_cqi:2147483647,lte_timing_advance:2147483647, td_scdma_rscp:44
01-02 00:56:31.630641  1421  1421 D MTKSST  : [CdmaLteSST0] old:{level:0, raw:SignalStrength: 99 -1 -120 -160 -120 -1 -1 99 2147483647 2147483647 2147483647 2147483647 0 -42 cdma}, new:{level:0, raw:SignalStrength: 99 -1 -120 -160 -120 -1 -1 99 2147483647 2147483647 2147483647 2147483647 0 -44 cdma}
01-02 00:56:34.613194   927 20998 I RilClient: initialize: commandFd is 69
01-02 00:56:34.615468   927 21010 I RilOemClient: NUMBER:1
01-02 00:56:34.615852   927 21010 I RilOemClient: arg len:14
01-02 00:56:34.615999   927 21010 I RilOemClient: ARGS[0]:THERMAL,0,-1
01-02 00:56:34.616179   927 21010 I RilOemClient: executeThermal
01-02 00:56:34.616435   927 21010 D RilOemClient: Thermal line = THERMAL,0,-1
01-02 00:56:34.616435   927 21010 D RilOemClient: , cmd:THERMAL, slotId:0, targetSim: 0
01-02 00:56:34.616518   927 21010 I RilOemClient: arg : -1
01-02 00:56:34.619189   927   949 D RmcOemRequestHandler: [0] onHandleRequest: RFX_MSG_REQUEST_QUERY_MODEM_THERMAL(55019)
01-02 00:56:34.619454   927   949 I RmcOemRequestHandler: requestQueryThermal Enter: -1
01-02 00:56:34.619573   927   949 I AT      : [0] AT> AT+ETHERMAL (RIL_CMD_READER_1, tid:523765904624)
01-02 00:56:34.630650   927   948 I AT      : [0] AT< +ETHERMAL: 2, 32767, -127, 20821, 32767, -20554 (RIL_CMD_READER_1, tid:523772122352)
01-02 00:56:34.631595   927   948 I AT      : [0] AT< OK (RIL_CMD_READER_1, tid:523772122352)
01-02 00:56:34.632189   927   949 I RmcOemRequestHandler: requestQueryThermal success
01-02 00:56:34.633705   927   940 D RtcRilClientController: client 1001 handle requestComplete
01-02 00:56:34.633855   927   940 I RilOemClient: request for THERMAL returned
01-02 00:56:34.633957   927   940 I RilOemClient: mThermalFd is valid strResult is  2, 32767, -127, 20821, 32767, -20554
01-02 00:56:34.635208   927 21011 D RilOemClient: stream null here
01-02 00:56:34.636764   927 21012 I RilClient: start listen on fd: 11, soicket name: rild-oem
01-02 00:56:36.747353   927   945 I AT      : [0] AT< +ECSQ: 73,43,1,-189,-11,1,1,4,32767,1 (RIL_URC_READER, tid:523767977200)
01-02 00:56:36.749691   927   947 D RmcNwHdlr: [0] handleSignalStrength, sig1:99, sig2:-1, cdma_dbm:-1, cdma_ecio:-1, evdo_dbm:-1,evdo_ecio:-1, evdo_snr:-1, lte_sig:99, lte_rsrp:2147483647, lte_rsrq:2147483647, lte_rssnr:2147483647, lte_cqi:2147483647,lte_timing_advance:2147483647, td_scdma_rscp:47
01-02 00:56:36.752874  1421  1421 D MTKSST  : [CdmaLteSST0] old:{level:0, raw:SignalStrength: 99 -1 -120 -160 -120 -1 -1 99 2147483647 2147483647 2147483647 2147483647 0 -44 cdma}, new:{level:0, raw:SignalStrength: 99 -1 -120 -160 -120 -1 -1 99 2147483647 2147483647 2147483647 2147483647 0 -47 cdma}
01-02 00:56:41.858752   927   945 I AT      : [0] AT< +ECSQ: 76,42,1,-178,-13,1,1,4,32767,1 (RIL_URC_READER, tid:523767977200)
01-02 00:56:41.861187   927   947 D RmcNwHdlr: [0] handleSignalStrength, sig1:99, sig2:-1, cdma_dbm:-1, cdma_ecio:-1, evdo_dbm:-1,evdo_ecio:-1, evdo_snr:-1, lte_sig:99, lte_rsrp:2147483647, lte_rsrq:2147483647, lte_rssnr:2147483647, lte_cqi:2147483647,lte_timing_advance:2147483647, td_scdma_rscp:44
01-02 00:56:41.864446  1421  1421 D MTKSST  : [CdmaLteSST0] old:{level:0, raw:SignalStrength: 99 -1 -120 -160 -120 -1 -1 99 2147483647 2147483647 2147483647 2147483647 0 -47 cdma}, new:{level:0, raw:SignalStrength: 99 -1 -120 -160 -120 -1 -1 99 2147483647 2147483647 2147483647 2147483647 0 -44 cdma}
01-02 00:56:44.642672   927 21012 I RilClient: initialize: commandFd is 0
01-02 00:56:44.644431   927 21025 I RilOemClient: NUMBER:1
01-02 00:56:44.644774   927 21025 I RilOemClient: arg len:14
01-02 00:56:44.644915   927 21025 I RilOemClient: ARGS[0]:THERMAL,0,-1
01-02 00:56:44.645093   927 21025 I RilOemClient: executeThermal
01-02 00:56:44.645333   927 21025 D RilOemClient: Thermal line = THERMAL,0,-1
01-02 00:56:44.645333   927 21025 D RilOemClient: , cmd:THERMAL, slotId:0, targetSim: 0
01-02 00:56:44.645462   927 21025 I RilOemClient: arg : -1
01-02 00:56:44.647839   927   949 D RmcOemRequestHandler: [0] onHandleRequest: RFX_MSG_REQUEST_QUERY_MODEM_THERMAL(55019)
01-02 00:56:44.648020   927   949 I RmcOemRequestHandler: requestQueryThermal Enter: -1
01-02 00:56:44.648141   927   949 I AT      : [0] AT> AT+ETHERMAL (RIL_CMD_READER_1, tid:523765904624)
01-02 00:56:44.658864   927   948 I AT      : [0] AT< +ETHERMAL: 2, 32767, -127, 20821, 32767, -20554 (RIL_CMD_READER_1, tid:523772122352)
01-02 00:56:44.660085   927   948 I AT      : [0] AT< OK (RIL_CMD_READER_1, tid:523772122352)
01-02 00:56:44.660682   927   949 I RmcOemRequestHandler: requestQueryThermal success
01-02 00:56:44.662288   927   940 D RtcRilClientController: client 1001 handle requestComplete
01-02 00:56:44.662439   927   940 I RilOemClient: request for THERMAL returned
01-02 00:56:44.662541   927   940 I RilOemClient: mThermalFd is valid strResult is  2, 32767, -127, 20821, 32767, -20554
01-02 00:56:44.664465   927 21026 D RilOemClient: stream null here
01-02 00:56:44.666335   927 21027 I RilClient: start listen on fd: 11, soicket name: rild-oem
01-02 00:56:46.980470   927   945 I AT      : [0] AT< +ECSQ: 78,42,1,-170,-14,1,1,4,32767,1 (RIL_URC_READER, tid:523767977200)
01-02 00:56:46.982695   927   947 D RmcNwHdlr: [0] handleSignalStrength, sig1:99, sig2:-1, cdma_dbm:-1, cdma_ecio:-1, evdo_dbm:-1,evdo_ecio:-1, evdo_snr:-1, lte_sig:99, lte_rsrp:2147483647, lte_rsrq:2147483647, lte_rssnr:2147483647, lte_cqi:2147483647,lte_timing_advance:2147483647, td_scdma_rscp:42
01-02 00:56:46.985619  1421  1421 D MTKSST  : [CdmaLteSST0] old:{level:0, raw:SignalStrength: 99 -1 -120 -160 -120 -1 -1 99 2147483647 2147483647 2147483647 2147483647 0 -44 cdma}, new:{level:0, raw:SignalStrength: 99 -1 -120 -160 -120 -1 -1 99 2147483647 2147483647 2147483647 2147483647 0 -42 cdma}
01-02 00:56:52.100811   927   945 I AT      : [0] AT< +ECSQ: 79,42,1,-168,-13,1,1,4,32767,1 (RIL_URC_READER, tid:523767977200)
01-02 00:56:54.670562   927 21027 I RilClient: initialize: commandFd is 69
01-02 00:56:54.672377   927 21038 I RilOemClient: NUMBER:1
