01-02 01:09:55.464853  1421  1421 D MTKSST  : [CdmaLteSST0] old:{level:0, raw:SignalStrength: 99 -1 -120 -160 -120 -1 -1 99 2147483647 2147483647 2147483647 2147483647 0 -42 cdma}, new:{level:0, raw:SignalStrength: 99 -1 -120 -160 -120 -1 -1 99 2147483647 2147483647 2147483647 2147483647 0 -43 cdma}
01-02 01:09:56.800912   927 22421 I RilClient: initialize: commandFd is 69
01-02 01:09:56.802573   927 22444 I RilOemClient: NUMBER:1
01-02 01:09:56.802906   927 22444 I RilOemClient: arg len:14
01-02 01:09:56.803047   927 22444 I RilOemClient: ARGS[0]:THERMAL,0,-1
01-02 01:09:56.803180   927 22444 I RilOemClient: executeThermal
01-02 01:09:56.803517   927 22444 D RilOemClient: Thermal line = THERMAL,0,-1
01-02 01:09:56.803517   927 22444 D RilOemClient: , cmd:THERMAL, slotId:0, targetSim: 0
01-02 01:09:56.803606   927 22444 I RilOemClient: arg : -1
01-02 01:09:56.806035   927   949 D RmcOemRequestHandler: [0] onHandleRequest: RFX_MSG_REQUEST_QUERY_MODEM_THERMAL(55019)
01-02 01:09:56.806208   927   949 I RmcOemRequestHandler: requestQueryThermal Enter: -1
01-02 01:09:56.806333   927   949 I AT      : [0] AT> AT+ETHERMAL (RIL_CMD_READER_1, tid:523765904624)
01-02 01:09:56.817570   927   948 I AT      : [0] AT< +ETHERMAL: 2, 32767, -127, 20821, 32767, -20554 (RIL_CMD_READER_1, tid:523772122352)
01-02 01:09:56.818342   927   948 I AT      : [0] AT< OK (RIL_CMD_READER_1, tid:523772122352)
01-02 01:09:56.818700   927   949 I RmcOemRequestHandler: requestQueryThermal success
01-02 01:09:56.820154   927   940 D RtcRilClientController: client 1001 handle requestComplete
01-02 01:09:56.820308   927   940 I RilOemClient: request for THERMAL returned
01-02 01:09:56.820409   927   940 I RilOemClient: mThermalFd is valid strResult is  2, 32767, -127, 20821, 32767, -20554
01-02 01:09:56.821522   927 22445 D RilOemClient: stream null here
01-02 01:09:56.822793   927 22446 I RilClient: start listen on fd: 11, soicket name: rild-oem
01-02 01:10:00.581496   927   945 I AT      : [0] AT< +ECSQ: 77,42,1,-175,-13,1,1,4,32767,1 (RIL_URC_READER, tid:523767977200)
01-02 01:10:05.702729   927   945 I AT      : [0] AT< +ECSQ: 78,43,1,-171,-12,1,1,4,32767,1 (RIL_URC_READER, tid:523767977200)
01-02 01:10:05.705276   927   947 D RmcNwHdlr: [0] handleSignalStrength, sig1:99, sig2:-1, cdma_dbm:-1, cdma_ecio:-1, evdo_dbm:-1,evdo_ecio:-1, evdo_snr:-1, lte_sig:99, lte_rsrp:2147483647, lte_rsrq:2147483647, lte_rssnr:2147483647, lte_cqi:2147483647,lte_timing_advance:2147483647, td_scdma_rscp:42
01-02 01:10:05.708380  1421  1421 D MTKSST  : [CdmaLteSST0] old:{level:0, raw:SignalStrength: 99 -1 -120 -160 -120 -1 -1 99 2147483647 2147483647 2147483647 2147483647 0 -43 cdma}, new:{level:0, raw:SignalStrength: 99 -1 -120 -160 -120 -1 -1 99 2147483647 2147483647 2147483647 2147483647 0 -42 cdma}
01-02 01:10:06.828517   927 22446 I RilClient: initialize: commandFd is 0
01-02 01:10:06.830294   927 22465 I RilOemClient: NUMBER:1
01-02 01:10:06.830643   927 22465 I RilOemClient: arg len:14
01-02 01:10:06.830782   927 22465 I RilOemClient: ARGS[0]:THERMAL,0,-1
01-02 01:10:06.830988   927 22465 I RilOemClient: executeThermal
01-02 01:10:06.831209   927 22465 D RilOemClient: Thermal line = THERMAL,0,-1
01-02 01:10:06.831209   927 22465 D RilOemClient: , cmd:THERMAL, slotId:0, targetSim: 0
01-02 01:10:06.831427   927 22465 I RilOemClient: arg : -1
01-02 01:10:06.833954   927   949 D RmcOemRequestHandler: [0] onHandleRequest: RFX_MSG_REQUEST_QUERY_MODEM_THERMAL(55019)
01-02 01:10:06.834134   927   949 I RmcOemRequestHandler: requestQueryThermal Enter: -1
01-02 01:10:06.834254   927   949 I AT      : [0] AT> AT+ETHERMAL (RIL_CMD_READER_1, tid:523765904624)
01-02 01:10:06.846246   927   948 I AT      : [0] AT< +ETHERMAL: 2, 32767, -127, 20821, 32767, -20554 (RIL_CMD_READER_1, tid:523772122352)
01-02 01:10:06.846871   927   948 I AT      : [0] AT< OK (RIL_CMD_READER_1, tid:523772122352)
01-02 01:10:06.847453   927   949 I RmcOemRequestHandler: requestQueryThermal success
01-02 01:10:06.848780   927   940 D RtcRilClientController: client 1001 handle requestComplete
01-02 01:10:06.848930   927   940 I RilOemClient: request for THERMAL returned
01-02 01:10:06.849032   927   940 I RilOemClient: mThermalFd is valid strResult is  2, 32767, -127, 20821, 32767, -20554
01-02 01:10:06.850832   927 22466 D RilOemClient: stream null here
01-02 01:10:06.852503   927 22467 I RilClient: start listen on fd: 11, soicket name: rild-oem
01-02 01:10:10.824158   927   945 I AT      : [0] AT< +ECSQ: 77,42,1,-173,-14,1,1,4,32767,1 (RIL_URC_READER, tid:523767977200)
01-02 01:10:10.826163   927   947 D RmcNwHdlr: [0] handleSignalStrength, sig1:99, sig2:-1, cdma_dbm:-1, cdma_ecio:-1, evdo_dbm:-1,evdo_ecio:-1, evdo_snr:-1, lte_sig:99, lte_rsrp:2147483647, lte_rsrq:2147483647, lte_rssnr:2147483647, lte_cqi:2147483647,lte_timing_advance:2147483647, td_scdma_rscp:43
01-02 01:10:10.829130  1421  1421 D MTKSST  : [CdmaLteSST0] old:{level:0, raw:SignalStrength: 99 -1 -120 -160 -120 -1 -1 99 2147483647 2147483647 2147483647 2147483647 0 -42 cdma}, new:{level:0, raw:SignalStrength: 99 -1 -120 -160 -120 -1 -1 99 2147483647 2147483647 2147483647 2147483647 0 -43 cdma}
01-02 01:10:14.308435   577  1084 E RPC     : entry g_lowpower_mode
01-02 01:10:15.945487   927   945 I AT      : [0] AT< +ECSQ: 77,42,1,-175,-13,1,1,4,32767,1 (RIL_URC_READER, tid:523767977200)
01-02 01:10:16.857443   927 22467 I RilClient: initialize: commandFd is 69
01-02 01:10:16.859734   927 22487 I RilOemClient: NUMBER:1
01-02 01:10:16.860087   927 22487 I RilOemClient: arg len:14
01-02 01:10:16.860229   927 22487 I RilOemClient: ARGS[0]:THERMAL,0,-1
01-02 01:10:16.860414   927 22487 I RilOemClient: executeThermal
01-02 01:10:16.860661   927 22487 D RilOemClient: Thermal line = THERMAL,0,-1
01-02 01:10:16.860661   927 22487 D RilOemClient: , cmd:THERMAL, slotId:0, targetSim: 0
01-02 01:10:16.860781   927 22487 I RilOemClient: arg : -1
01-02 01:10:16.863627   927   949 D RmcOemRequestHandler: [0] onHandleRequest: RFX_MSG_REQUEST_QUERY_MODEM_THERMAL(55019)
01-02 01:10:16.863805   927   949 I RmcOemRequestHandler: requestQueryThermal Enter: -1
01-02 01:10:16.863924   927   949 I AT      : [0] AT> AT+ETHERMAL (RIL_CMD_READER_1, tid:523765904624)
01-02 01:10:16.875472   927   948 I AT      : [0] AT< +ETHERMAL: 2, 32767, -127, 20821, 32767, -20554 (RIL_CMD_READER_1, tid:523772122352)
01-02 01:10:16.876491   927   948 I AT      : [0] AT< OK (RIL_CMD_READER_1, tid:523772122352)
01-02 01:10:16.877113   927   949 I RmcOemRequestHandler: requestQueryThermal success
01-02 01:10:16.878265   927   940 D RtcRilClientController: client 1001 handle requestComplete
01-02 01:10:16.878409   927   940 I RilOemClient: request for THERMAL returned
01-02 01:10:16.878510   927   940 I RilOemClient: mThermalFd is valid strResult is  2, 32767, -127, 20821, 32767, -20554
01-02 01:10:16.880490   927 22488 D RilOemClient: stream null here
01-02 01:10:16.882037   927 22489 I RilClient: start listen on fd: 11, soicket name: rild-oem
01-02 01:10:21.057722   927   945 I AT      : [0] AT< +ECSQ: 77,43,1,-173,-11,1,1,4,32767,1 (RIL_URC_READER, tid:523767977200)
01-02 01:10:26.178053   927   945 I AT      : [0] AT< +ECSQ: 76,43,1,-179,-12,1,1,4,32767,1 (RIL_URC_READER, tid:523767977200)
01-02 01:10:26.180334   927   947 D RmcNwHdlr: [0] handleSignalStrength, sig1:99, sig2:-1, cdma_dbm:-1, cdma_ecio:-1, evdo_dbm:-1,evdo_ecio:-1, evdo_snr:-1, lte_sig:99, lte_rsrp:2147483647, lte_rsrq:2147483647, lte_rssnr:2147483647, lte_cqi:2147483647,lte_timing_advance:2147483647, td_scdma_rscp:44
01-02 01:10:26.183490  1421  1421 D MTKSST  : [CdmaLteSST0] old:{level:0, raw:SignalStrength: 99 -1 -120 -160 -120 -1 -1 99 2147483647 2147483647 2147483647 2147483647 0 -43 cdma}, new:{level:0, raw:SignalStrength: 99 -1 -120 -160 -120 -1 -1 99 2147483647 2147483647 2147483647 2147483647 0 -44 cdma}
01-02 01:10:26.886564   927 22489 I RilClient: initialize: commandFd is 0
01-02 01:10:26.888812   927 22546 I RilOemClient: NUMBER:1
01-02 01:10:26.889161   927 22546 I RilOemClient: arg len:14
01-02 01:10:26.889306   927 22546 I RilOemClient: ARGS[0]:THERMAL,0,-1
01-02 01:10:26.889495   927 22546 I RilOemClient: executeThermal
01-02 01:10:26.889735   927 22546 D RilOemClient: Thermal line = THERMAL,0,-1
01-02 01:10:26.889735   927 22546 D RilOemClient: , cmd:THERMAL, slotId:0, targetSim: 0
01-02 01:10:26.889856   927 22546 I RilOemClient: arg : -1
01-02 01:10:26.892409   927   949 D RmcOemRequestHandler: [0] onHandleRequest: RFX_MSG_REQUEST_QUERY_MODEM_THERMAL(55019)
01-02 01:10:26.892598   927   949 I RmcOemRequestHandler: requestQueryThermal Enter: -1
01-02 01:10:26.892717   927   949 I AT      : [0] AT> AT+ETHERMAL (RIL_CMD_READER_1, tid:523765904624)
01-02 01:10:26.903545   927   948 I AT      : [0] AT< +ETHERMAL: 2, 32767, -127, 20821, 32767, -20554 (RIL_CMD_READER_1, tid:523772122352)
01-02 01:10:26.904403   927   948 I AT      : [0] AT< OK (RIL_CMD_READER_1, tid:523772122352)
01-02 01:10:26.904743   927   949 I RmcOemRequestHandler: requestQueryThermal success
01-02 01:10:26.905875   927   940 D RtcRilClientController: client 1001 handle requestComplete
01-02 01:10:26.906015   927   940 I RilOemClient: request for THERMAL returned
01-02 01:10:26.906116   927   940 I RilOemClient: mThermalFd is valid strResult is  2, 32767, -127, 20821, 32767, -20554
01-02 01:10:26.907223   927 22547 D RilOemClient: stream null here
01-02 01:10:26.908714   927 22548 I RilClient: start listen on fd: 11, soicket name: rild-oem
01-02 01:10:28.088053   577  1037 E RPC     : entry g_lowpower_mode
01-02 01:10:31.299369   927   945 I AT      : [0] AT< +ECSQ: 75,43,1,-184,-11,1,1,4,32767,1 (RIL_URC_READER, tid:523767977200)
01-02 01:10:31.301219   927   947 D RmcNwHdlr: [0] handleSignalStrength, sig1:99, sig2:-1, cdma_dbm:-1, cdma_ecio:-1, evdo_dbm:-1,evdo_ecio:-1, evdo_snr:-1, lte_sig:99, lte_rsrp:2147483647, lte_rsrq:2147483647, lte_rssnr:2147483647, lte_cqi:2147483647,lte_timing_advance:2147483647, td_scdma_rscp:46
01-02 01:10:31.304166  1421  1421 D MTKSST  : [CdmaLteSST0] old:{level:0, raw:SignalStrength: 99 -1 -120 -160 -120 -1 -1 99 2147483647 2147483647 2147483647 2147483647 0 -44 cdma}, new:{level:0, raw:SignalStrength: 99 -1 -120 -160 -120 -1 -1 99 2147483647 2147483647 2147483647 2147483647 0 -46 cdma}
01-02 01:10:36.420432   927   945 I AT      : [0] AT< +ECSQ: 72,44,1,-194,-10,1,1,4,32767,1 (RIL_URC_READER, tid:523767977200)
01-02 01:10:36.422489   927   947 D RmcNwHdlr: [0] handleSignalStrength, sig1:99, sig2:-1, cdma_dbm:-1, cdma_ecio:-1, evdo_dbm:-1,evdo_ecio:-1, evdo_snr:-1, lte_sig:99, lte_rsrp:2147483647, lte_rsrq:2147483647, lte_rssnr:2147483647, lte_cqi:2147483647,lte_timing_advance:2147483647, td_scdma_rscp:48
01-02 01:10:36.425823  1421  1421 D MTKSST  : [CdmaLteSST0] old:{level:0, raw:SignalStrength: 99 -1 -120 -160 -120 -1 -1 99 2147483647 2147483647 2147483647 2147483647 0 -46 cdma}, new:{level:0, raw:SignalStrength: 99 -1 -120 -160 -120 -1 -1 99 2147483647 2147483647 2147483647 2147483647 0 -48 cdma}
01-02 01:10:36.914237   927 22548 I RilClient: initialize: commandFd is 69
01-02 01:10:36.916988   927 22557 I RilOemClient: NUMBER:1
01-02 01:10:36.917335   927 22557 I RilOemClient: arg len:14
01-02 01:10:36.917480   927 22557 I RilOemClient: ARGS[0]:THERMAL,0,-1
01-02 01:10:36.917653   927 22557 I RilOemClient: executeThermal
01-02 01:10:36.917888   927 22557 D RilOemClient: Thermal line = THERMAL,0,-1
01-02 01:10:36.917888   927 22557 D RilOemClient: , cmd:THERMAL, slotId:0, targetSim: 0
01-02 01:10:36.918013   927 22557 I RilOemClient: arg : -1
01-02 01:10:36.920440   927   949 D RmcOemRequestHandler: [0] onHandleRequest: RFX_MSG_REQUEST_QUERY_MODEM_THERMAL(55019)
01-02 01:10:36.920619   927   949 I RmcOemRequestHandler: requestQueryThermal Enter: -1
01-02 01:10:36.920738   927   949 I AT      : [0] AT> AT+ETHERMAL (RIL_CMD_READER_1, tid:523765904624)
01-02 01:10:36.931974   927   948 I AT      : [0] AT< +ETHERMAL: 2, 32767, -127, 20821, 32767, -20554 (RIL_CMD_READER_1, tid:523772122352)
01-02 01:10:36.932431   927   948 I AT      : [0] AT< OK (RIL_CMD_READER_1, tid:523772122352)
01-02 01:10:36.932738   927   949 I RmcOemRequestHandler: requestQueryThermal success
01-02 01:10:36.934072   927   940 D RtcRilClientController: client 1001 handle requestComplete
01-02 01:10:36.934217   927   940 I RilOemClient: request for THERMAL returned
01-02 01:10:36.934320   927   940 I RilOemClient: mThermalFd is valid strResult is  2, 32767, -127, 20821, 32767, -20554
01-02 01:10:36.935601   927 22558 D RilOemClient: stream null here
01-02 01:10:36.936962   927 22559 I RilClient: start listen on fd: 11, soicket name: rild-oem
01-02 01:10:41.541601   927   945 I AT      : [0] AT< +ECSQ: 71,43,1,-197,-11,1,1,4,32767,1 (RIL_URC_READER, tid:523767977200)
01-02 01:10:41.543977   927   947 D RmcNwHdlr: [0] handleSignalStrength, sig1:99, sig2:-1, cdma_dbm:-1, cdma_ecio:-1, evdo_dbm:-1,evdo_ecio:-1, evdo_snr:-1, lte_sig:99, lte_rsrp:2147483647, lte_rsrq:2147483647, lte_rssnr:2147483647, lte_cqi:2147483647,lte_timing_advance:2147483647, td_scdma_rscp:49
01-02 01:10:41.547424  1421  1421 D MTKSST  : [CdmaLteSST0] old:{level:0, raw:SignalStrength: 99 -1 -120 -160 -120 -1 -1 99 2147483647 2147483647 2147483647 2147483647 0 -48 cdma}, new:{level:0, raw:SignalStrength: 99 -1 -120 -160 -120 -1 -1 99 2147483647 2147483647 2147483647 2147483647 0 -49 cdma}
01-02 01:10:46.661703   927   945 I AT      : [0] AT< +ECSQ: 72,42,1,-196,-13,1,1,4,32767,1 (RIL_URC_READER, tid:523767977200)
01-02 01:10:46.942938   927 22559 I RilClient: initialize: commandFd is 0
01-02 01:10:46.945015   927 22572 I RilOemClient: NUMBER:1
01-02 01:10:46.945340   927 22572 I RilOemClient: arg len:14
01-02 01:10:46.945479   927 22572 I RilOemClient: ARGS[0]:THERMAL,0,-1
01-02 01:10:46.945658   927 22572 I RilOemClient: executeThermal
01-02 01:10:46.945882   927 22572 D RilOemClient: Thermal line = THERMAL,0,-1
01-02 01:10:46.945882   927 22572 D RilOemClient: , cmd:THERMAL, slotId:0, targetSim: 0
01-02 01:10:46.946002   927 22572 I RilOemClient: arg : -1
01-02 01:10:46.948781   927   949 D RmcOemRequestHandler: [0] onHandleRequest: RFX_MSG_REQUEST_QUERY_MODEM_THERMAL(55019)
01-02 01:10:46.948960   927   949 I RmcOemRequestHandler: requestQueryThermal Enter: -1
01-02 01:10:46.949079   927   949 I AT      : [0] AT> AT+ETHERMAL (RIL_CMD_READER_1, tid:523765904624)
01-02 01:10:46.960007   927   948 I AT      : [0] AT< +ETHERMAL: 2, 32767, -127, 20821, 32767, -20554 (RIL_CMD_READER_1, tid:523772122352)
01-02 01:10:46.960818   927   948 I AT      : [0] AT< OK (RIL_CMD_READER_1, tid:523772122352)
01-02 01:10:46.961307   927   949 I RmcOemRequestHandler: requestQueryThermal success
01-02 01:10:46.962609   927   940 D RtcRilClientController: client 1001 handle requestComplete
01-02 01:10:46.962757   927   940 I RilOemClient: request for THERMAL returned
01-02 01:10:46.962857   927   940 I RilOemClient: mThermalFd is valid strResult is  2, 32767, -127, 20821, 32767, -20554
01-02 01:10:46.964409   927 22573 D RilOemClient: stream null here
01-02 01:10:46.965742   927 22574 I RilClient: start listen on fd: 11, soicket name: rild-oem
01-02 01:10:51.783435   927   945 I AT      : [0] AT< +ECSQ: 72,41,1,-195,-15,1,1,4,32767,1 (RIL_URC_READER, tid:523767977200)
01-02 01:10:51.785400   927   947 D RmcNwHdlr: [0] handleSignalStrength, sig1:99, sig2:-1, cdma_dbm:-1, cdma_ecio:-1, evdo_dbm:-1,evdo_ecio:-1, evdo_snr:-1, lte_sig:99, lte_rsrp:2147483647, lte_rsrq:2147483647, lte_rssnr:2147483647, lte_cqi:2147483647,lte_timing_advance:2147483647, td_scdma_rscp:48
01-02 01:10:51.788485  1421  1421 D MTKSST  : [CdmaLteSST0] old:{level:0, raw:SignalStrength: 99 -1 -120 -160 -120 -1 -1 99 2147483647 2147483647 2147483647 2147483647 0 -49 cdma}, new:{level:0, raw:SignalStrength: 99 -1 -120 -160 -120 -1 -1 99 2147483647 2147483647 2147483647 2147483647 0 -48 cdma}
01-02 01:10:56.971405   927 22574 I RilClient: initialize: commandFd is 69
01-02 01:10:56.973409   927 22585 I RilOemClient: NUMBER:1
01-02 01:10:56.973745   927 22585 I RilOemClient: arg len:14
01-02 01:10:56.973887   927 22585 I RilOemClient: ARGS[0]:THERMAL,0,-1
01-02 01:10:56.974082   927 22585 I RilOemClient: executeThermal
01-02 01:10:56.974317   927 22585 D RilOemClient: Thermal line = THERMAL,0,-1
01-02 01:10:56.974317   927 22585 D RilOemClient: , cmd:THERMAL, slotId:0, targetSim: 0
01-02 01:10:56.974436   927 22585 I RilOemClient: arg : -1
01-02 01:10:56.976832   927   949 D RmcOemRequestHandler: [0] onHandleRequest: RFX_MSG_REQUEST_QUERY_MODEM_THERMAL(55019)
01-02 01:10:56.977008   927   949 I RmcOemRequestHandler: requestQueryThermal Enter: -1
01-02 01:10:56.977126   927   949 I AT      : [0] AT> AT+ETHERMAL (RIL_CMD_READER_1, tid:523765904624)
01-02 01:10:56.988624   927   948 I AT      : [0] AT< +ETHERMAL: 2, 32767, -127, 20821, 32767, -20554 (RIL_CMD_READER_1, tid:523772122352)
01-02 01:10:56.989262   927   948 I AT      : [0] AT< OK (RIL_CMD_READER_1, tid:523772122352)
01-02 01:10:56.989581   927   949 I RmcOemRequestHandler: requestQueryThermal success
01-02 01:10:56.990825   927   940 D RtcRilClientController: client 1001 handle requestComplete
01-02 01:10:56.990977   927   940 I RilOemClient: request for THERMAL returned
01-02 01:10:56.991077   927   940 I RilOemClient: mThermalFd is valid strResult is  2, 32767, -127, 20821, 32767, -20554
01-02 01:10:56.992777   927 22586 D RilOemClient: stream null here
01-02 01:10:56.993951   927 22587 I RilClient: start listen on fd: 11, soicket name: rild-oem
01-02 01:11:02.017844   927   945 I AT      : [0] AT< +ECSQ: 70,42,1,-201,-13,1,1,4,32767,1 (RIL_URC_READER, tid:523767977200)
01-02 01:11:02.019777   927   947 D RmcNwHdlr: [0] handleSignalStrength, sig1:99, sig2:-1, cdma_dbm:-1, cdma_ecio:-1, evdo_dbm:-1,evdo_ecio:-1, evdo_snr:-1, lte_sig:99, lte_rsrp:2147483647, lte_rsrq:2147483647, lte_rssnr:2147483647, lte_cqi:2147483647,lte_timing_advance:2147483647, td_scdma_rscp:50
01-02 01:11:02.022547  1421  1421 D MTKSST  : [CdmaLteSST0] old:{level:0, raw:SignalStrength: 99 -1 -120 -160 -120 -1 -1 99 2147483647 2147483647 2147483647 2147483647 0 -48 cdma}, new:{level:0, raw:SignalStrength: 99 -1 -120 -160 -120 -1 -1 99 2147483647 2147483647 2147483647 2147483647 0 -50 cdma}
01-02 01:11:06.999225   927 22587 I RilClient: initialize: commandFd is 0
01-02 01:11:07.000823   927 22598 I RilOemClient: NUMBER:1
01-02 01:11:07.001151   927 22598 I RilOemClient: arg len:14
01-02 01:11:07.001292   927 22598 I RilOemClient: ARGS[0]:THERMAL,0,-1
01-02 01:11:07.001461   927 22598 I RilOemClient: executeThermal
01-02 01:11:07.001698   927 22598 D RilOemClient: Thermal line = THERMAL,0,-1
01-02 01:11:07.001698   927 22598 D RilOemClient: , cmd:THERMAL, slotId:0, targetSim: 0
01-02 01:11:07.001819   927 22598 I RilOemClient: arg : -1
01-02 01:11:07.004391   927   949 D RmcOemRequestHandler: [0] onHandleRequest: RFX_MSG_REQUEST_QUERY_MODEM_THERMAL(55019)
01-02 01:11:07.004566   927   949 I RmcOemRequestHandler: requestQueryThermal Enter: -1
01-02 01:11:07.004682   927   949 I AT      : [0] AT> AT+ETHERMAL (RIL_CMD_READER_1, tid:523765904624)
01-02 01:11:07.016748   927   948 I AT      : [0] AT< +ETHERMAL: 2, 32767, -127, 20821, 32767, -20554 (RIL_CMD_READER_1, tid:523772122352)
01-02 01:11:07.016991   927   948 I AT      : [0] AT< OK (RIL_CMD_READER_1, tid:523772122352)
01-02 01:11:07.017262   927   949 I RmcOemRequestHandler: requestQueryThermal success
01-02 01:11:07.018689   927   940 D RtcRilClientController: client 1001 handle requestComplete
01-02 01:11:07.018825   927   940 I RilOemClient: request for THERMAL returned
01-02 01:11:07.018925   927   940 I RilOemClient: mThermalFd is valid strResult is  2, 32767, -127, 20821, 32767, -20554
01-02 01:11:07.020077   927 22599 D RilOemClient: stream null here
01-02 01:11:07.021321   927 22600 I RilClient: start listen on fd: 11, soicket name: rild-oem
01-02 01:11:07.137396   927   945 I AT      : [0] AT< +ECSQ: 71,42,1,-198,-14,1,1,4,32767,1 (RIL_URC_READER, tid:523767977200)
01-02 01:11:07.139216   927   947 D RmcNwHdlr: [0] handleSignalStrength, sig1:99, sig2:-1, cdma_dbm:-1, cdma_ecio:-1, evdo_dbm:-1,evdo_ecio:-1, evdo_snr:-1, lte_sig:99, lte_rsrp:2147483647, lte_rsrq:2147483647, lte_rssnr:2147483647, lte_cqi:2147483647,lte_timing_advance:2147483647, td_scdma_rscp:49
01-02 01:11:07.141830  1421  1421 D MTKSST  : [CdmaLteSST0] old:{level:0, raw:SignalStrength: 99 -1 -120 -160 -120 -1 -1 99 2147483647 2147483647 2147483647 2147483647 0 -50 cdma}, new:{level:0, raw:SignalStrength: 99 -1 -120 -160 -120 -1 -1 99 2147483647 2147483647 2147483647 2147483647 0 -49 cdma}
01-02 01:11:12.258767   927   945 I AT      : [0] AT< +ECSQ: 77,42,1,-176,-13,1,1,4,32767,1 (RIL_URC_READER, tid:523767977200)
01-02 01:11:12.261164   927   947 D RmcNwHdlr: [0] handleSignalStrength, sig1:99, sig2:-1, cdma_dbm:-1, cdma_ecio:-1, evdo_dbm:-1,evdo_ecio:-1, evdo_snr:-1, lte_sig:99, lte_rsrp:2147483647, lte_rsrq:2147483647, lte_rssnr:2147483647, lte_cqi:2147483647,lte_timing_advance:2147483647, td_scdma_rscp:44
01-02 01:11:12.264267  1421  1421 D MTKSST  : [CdmaLteSST0] old:{level:0, raw:SignalStrength: 99 -1 -120 -160 -120 -1 -1 99 2147483647 2147483647 2147483647 2147483647 0 -49 cdma}, new:{level:0, raw:SignalStrength: 99 -1 -120 -160 -120 -1 -1 99 2147483647 2147483647 2147483647 2147483647 0 -44 cdma}
01-02 01:11:14.367777   577  1084 E RPC     : entry g_lowpower_mode
01-02 01:11:17.027196   927 22600 I RilClient: initialize: commandFd is 69
01-02 01:11:17.028869   927 22612 I RilOemClient: NUMBER:1
01-02 01:11:17.029216   927 22612 I RilOemClient: arg len:14
01-02 01:11:17.029361   927 22612 I RilOemClient: ARGS[0]:THERMAL,0,-1
01-02 01:11:17.029533   927 22612 I RilOemClient: executeThermal
01-02 01:11:17.029761   927 22612 D RilOemClient: Thermal line = THERMAL,0,-1
01-02 01:11:17.029761   927 22612 D RilOemClient: , cmd:THERMAL, slotId:0, targetSim: 0
01-02 01:11:17.029887   927 22612 I RilOemClient: arg : -1
01-02 01:11:17.032328   927   949 D RmcOemRequestHandler: [0] onHandleRequest: RFX_MSG_REQUEST_QUERY_MODEM_THERMAL(55019)
01-02 01:11:17.032509   927   949 I RmcOemRequestHandler: requestQueryThermal Enter: -1
01-02 01:11:17.032628   927   949 I AT      : [0] AT> AT+ETHERMAL (RIL_CMD_READER_1, tid:523765904624)
01-02 01:11:17.043944   927   948 I AT      : [0] AT< +ETHERMAL: 2, 32767, -127, 20821, 32767, -20554 (RIL_CMD_READER_1, tid:523772122352)
01-02 01:11:17.044577   927   948 I AT      : [0] AT< OK (RIL_CMD_READER_1, tid:523772122352)
01-02 01:11:17.044967   927   949 I RmcOemRequestHandler: requestQueryThermal success
01-02 01:11:17.046309   927   940 D RtcRilClientController: client 1001 handle requestComplete
01-02 01:11:17.046456   927   940 I RilOemClient: request for THERMAL returned
01-02 01:11:17.046556   927   940 I RilOemClient: mThermalFd is valid strResult is  2, 32767, -127, 20821, 32767, -20554
01-02 01:11:17.047788   927 22613 D RilOemClient: stream null here
01-02 01:11:17.049121   927 22614 I RilClient: start listen on fd: 11, soicket name: rild-oem
01-02 01:11:17.380641   927   945 I AT      : [0] AT< +ECSQ: 78,43,1,-171,-12,1,1,4,32767,1 (RIL_URC_READER, tid:523767977200)
01-02 01:11:17.382916   927   947 D RmcNwHdlr: [0] handleSignalStrength, sig1:99, sig2:-1, cdma_dbm:-1, cdma_ecio:-1, evdo_dbm:-1,evdo_ecio:-1, evdo_snr:-1, lte_sig:99, lte_rsrp:2147483647, lte_rsrq:2147483647, lte_rssnr:2147483647, lte_cqi:2147483647,lte_timing_advance:2147483647, td_scdma_rscp:42
01-02 01:11:17.386424  1421  1421 D MTKSST  : [CdmaLteSST0] old:{level:0, raw:SignalStrength: 99 -1 -120 -160 -120 -1 -1 99 2147483647 2147483647 2147483647 2147483647 0 -44 cdma}, new:{level:0, raw:SignalStrength: 99 -1 -120 -160 -120 -1 -1 99 2147483647 2147483647 2147483647 2147483647 0 -42 cdma}
01-02 01:11:22.501186   927   945 I AT      : [0] AT< +ECSQ: 78,42,1,-171,-14,1,1,4,32767,1 (RIL_URC_READER, tid:523767977200)
01-02 01:11:27.054797   927 22614 I RilClient: initialize: commandFd is 0
01-02 01:11:27.056952   927 22625 I RilOemClient: NUMBER:1
01-02 01:11:27.057304   927 22625 I RilOemClient: arg len:14
01-02 01:11:27.057445   927 22625 I RilOemClient: ARGS[0]:THERMAL,0,-1
01-02 01:11:27.057615   927 22625 I RilOemClient: executeThermal
01-02 01:11:27.057842   927 22625 D RilOemClient: Thermal line = THERMAL,0,-1
01-02 01:11:27.057842   927 22625 D RilOemClient: , cmd:THERMAL, slotId:0, targetSim: 0
01-02 01:11:27.057969   927 22625 I RilOemClient: arg : -1
01-02 01:11:27.060704   927   949 D RmcOemRequestHandler: [0] onHandleRequest: RFX_MSG_REQUEST_QUERY_MODEM_THERMAL(55019)
01-02 01:11:27.060880   927   949 I RmcOemRequestHandler: requestQueryThermal Enter: -1
01-02 01:11:27.061004   927   949 I AT      : [0] AT> AT+ETHERMAL (RIL_CMD_READER_1, tid:523765904624)
01-02 01:11:27.071878   927   948 I AT      : [0] AT< +ETHERMAL: 2, 32767, -127, 20821, 32767, -20554 (RIL_CMD_READER_1, tid:523772122352)
01-02 01:11:27.072714   927   948 I AT      : [0] AT< OK (RIL_CMD_READER_1, tid:523772122352)
01-02 01:11:27.073101   927   949 I RmcOemRequestHandler: requestQueryThermal success
01-02 01:11:27.074244   927   940 D RtcRilClientController: client 1001 handle requestComplete
01-02 01:11:27.074384   927   940 I RilOemClient: request for THERMAL returned
01-02 01:11:27.074486   927   940 I RilOemClient: mThermalFd is valid strResult is  2, 32767, -127, 20821, 32767, -20554
01-02 01:11:27.075750   927 22626 D RilOemClient: stream null here
01-02 01:11:27.077087   927 22627 I RilClient: start listen on fd: 11, soicket name: rild-oem
01-02 01:11:27.622874   927   945 I AT      : [0] AT< +ECSQ: 77,42,1,-175,-14,1,1,4,32767,1 (RIL_URC_READER, tid:523767977200)
01-02 01:11:27.625331   927   947 D RmcNwHdlr: [0] handleSignalStrength, sig1:99, sig2:-1, cdma_dbm:-1, cdma_ecio:-1, evdo_dbm:-1,evdo_ecio:-1, evdo_snr:-1, lte_sig:99, lte_rsrp:2147483647, lte_rsrq:2147483647, lte_rssnr:2147483647, lte_cqi:2147483647,lte_timing_advance:2147483647, td_scdma_rscp:43
01-02 01:11:27.628365  1421  1421 D MTKSST  : [CdmaLteSST0] old:{level:0, raw:SignalStrength: 99 -1 -120 -160 -120 -1 -1 99 2147483647 2147483647 2147483647 2147483647 0 -42 cdma}, new:{level:0, raw:SignalStrength: 99 -1 -120 -160 -120 -1 -1 99 2147483647 2147483647 2147483647 2147483647 0 -43 cdma}
01-02 01:11:28.100295   577  1037 E RPC     : entry g_lowpower_mode
01-02 01:11:32.742362   927   945 I AT      : [0] AT< +ECSQ: 73,41,1,-192,-15,1,1,4,32767,1 (RIL_URC_READER, tid:523767977200)
01-02 01:11:32.743757   927   947 D RmcNwHdlr: [0] handleSignalStrength, sig1:99, sig2:-1, cdma_dbm:-1, cdma_ecio:-1, evdo_dbm:-1,evdo_ecio:-1, evdo_snr:-1, lte_sig:99, lte_rsrp:2147483647, lte_rsrq:2147483647, lte_rssnr:2147483647, lte_cqi:2147483647,lte_timing_advance:2147483647, td_scdma_rscp:48
01-02 01:11:32.745274  1421  1421 D MTKSST  : [CdmaLteSST0] old:{level:0, raw:SignalStrength: 99 -1 -120 -160 -120 -1 -1 99 2147483647 2147483647 2147483647 2147483647 0 -43 cdma}, new:{level:0, raw:SignalStrength: 99 -1 -120 -160 -120 -1 -1 99 2147483647 2147483647 2147483647 2147483647 0 -48 cdma}
01-02 01:11:37.081905   927 22627 I RilClient: initialize: commandFd is 69
01-02 01:11:37.083950   927 22640 I RilOemClient: NUMBER:1
01-02 01:11:37.084302   927 22640 I RilOemClient: arg len:14
01-02 01:11:37.084420   927 22640 I RilOemClient: ARGS[0]:THERMAL,0,-1
01-02 01:11:37.084575   927 22640 I RilOemClient: executeThermal
01-02 01:11:37.084782   927 22640 D RilOemClient: Thermal line = THERMAL,0,-1
01-02 01:11:37.084782   927 22640 D RilOemClient: , cmd:THERMAL, slotId:0, targetSim: 0
01-02 01:11:37.084868   927 22640 I RilOemClient: arg : -1
01-02 01:11:37.086761   927   949 D RmcOemRequestHandler: [0] onHandleRequest: RFX_MSG_REQUEST_QUERY_MODEM_THERMAL(55019)
01-02 01:11:37.086934   927   949 I RmcOemRequestHandler: requestQueryThermal Enter: -1
01-02 01:11:37.087028   927   949 I AT      : [0] AT> AT+ETHERMAL (RIL_CMD_READER_1, tid:523765904624)
01-02 01:11:37.097945   927   948 I AT      : [0] AT< +ETHERMAL: 2, 32767, -127, 20821, 32767, -20554 (RIL_CMD_READER_1, tid:523772122352)
01-02 01:11:37.098124   927   948 I AT      : [0] AT< OK (RIL_CMD_READER_1, tid:523772122352)
01-02 01:11:37.098364   927   949 I RmcOemRequestHandler: requestQueryThermal success
01-02 01:11:37.099792   927   940 D RtcRilClientController: client 1001 handle requestComplete
01-02 01:11:37.099932   927   940 I RilOemClient: request for THERMAL returned
01-02 01:11:37.100009   927   940 I RilOemClient: mThermalFd is valid strResult is  2, 32767, -127, 20821, 32767, -20554
01-02 01:11:37.100940   927 22641 D RilOemClient: stream null here
01-02 01:11:37.105263   927 22642 I RilClient: start listen on fd: 11, soicket name: rild-oem
01-02 01:11:37.863847   927   945 I AT      : [0] AT< +ECSQ: 73,41,1,-190,-15,1,1,4,32767,1 (RIL_URC_READER, tid:523767977200)
01-02 01:11:37.865394   927   947 D RmcNwHdlr: [0] handleSignalStrength, sig1:99, sig2:-1, cdma_dbm:-1, cdma_ecio:-1, evdo_dbm:-1,evdo_ecio:-1, evdo_snr:-1, lte_sig:99, lte_rsrp:2147483647, lte_rsrq:2147483647, lte_rssnr:2147483647, lte_cqi:2147483647,lte_timing_advance:2147483647, td_scdma_rscp:47
01-02 01:11:37.867812  1421  1421 D MTKSST  : [CdmaLteSST0] old:{level:0, raw:SignalStrength: 99 -1 -120 -160 -120 -1 -1 99 2147483647 2147483647 2147483647 2147483647 0 -48 cdma}, new:{level:0, raw:SignalStrength: 99 -1 -120 -160 -120 -1 -1 99 2147483647 2147483647 2147483647 2147483647 0 -47 cdma}
01-02 01:11:42.976080   927   945 I AT      : [0] AT< +ECSQ: 73,42,1,-191,-13,1,1,4,32767,1 (RIL_URC_READER, tid:523767977200)
01-02 01:11:47.104932   927 22642 I RilClient: initialize: commandFd is 0
01-02 01:11:47.106609   927 22664 I RilOemClient: NUMBER:1
01-02 01:11:47.106927   927 22664 I RilOemClient: arg len:14
01-02 01:11:47.107067   927 22664 I RilOemClient: ARGS[0]:THERMAL,0,-1
01-02 01:11:47.107195   927 22664 I RilOemClient: executeThermal
01-02 01:11:47.107581   927 22664 I RilOemClient: arg : -1
01-02 01:11:47.110017   927   949 I RmcOemRequestHandler: requestQueryThermal Enter: -1
01-02 01:11:47.110210   927   949 I AT      : [0] AT> AT+ETHERMAL (RIL_CMD_READER_1, tid:523765904624)
01-02 01:11:47.121684   927   948 I AT      : [0] AT< +ETHERMAL: 2, 32767, -127, 20821, 32767, -20554 (RIL_CMD_READER_1, tid:523772122352)
01-02 01:11:47.122371   927   948 I AT      : [0] AT< OK (RIL_CMD_READER_1, tid:523772122352)
01-02 01:11:47.122653   927   949 I RmcOemRequestHandler: requestQueryThermal success
01-02 01:11:47.123589   927   940 I RilOemClient: request for THERMAL returned
01-02 01:11:47.123706   927   940 I RilOemClient: mThermalFd is valid strResult is  2, 32767, -127, 20821, 32767, -20554
01-02 01:11:47.125255   927 22666 I RilClient: start listen on fd: 11, soicket name: rild-oem
01-02 01:11:48.096789   927   945 I AT      : [0] AT< +ECSQ: 77,42,1,-175,-13,1,1,4,32767,1 (RIL_URC_READER, tid:523767977200)
01-02 01:11:48.098732   927   947 D RmcNwHdlr: [0] handleSignalStrength, sig1:99, sig2:-1, cdma_dbm:-1, cdma_ecio:-1, evdo_dbm:-1,evdo_ecio:-1, evdo_snr:-1, lte_sig:99, lte_rsrp:2147483647, lte_rsrq:2147483647, lte_rssnr:2147483647, lte_cqi:2147483647,lte_timing_advance:2147483647, td_scdma_rscp:43
01-02 01:11:48.101427  1421  1421 D MTKSST  : [CdmaLteSST0] old:{level:0, raw:SignalStrength: 99 -1 -120 -160 -120 -1 -1 99 2147483647 2147483647 2147483647 2147483647 0 -47 cdma}, new:{level:0, raw:SignalStrength: 99 -1 -120 -160 -120 -1 -1 99 2147483647 2147483647 2147483647 2147483647 0 -43 cdma}
01-02 01:11:53.217678   927   945 I AT      : [0] AT< +ECSQ: 81,43,1,-158,-12,1,1,4,32767,1 (RIL_URC_READER, tid:523767977200)
01-02 01:11:53.218363   927   947 D RmcNwHdlr: [0] handleSignalStrength, sig1:99, sig2:-1, cdma_dbm:-1, cdma_ecio:-1, evdo_dbm:-1,evdo_ecio:-1, evdo_snr:-1, lte_sig:99, lte_rsrp:2147483647, lte_rsrq:2147483647, lte_rssnr:2147483647, lte_cqi:2147483647,lte_timing_advance:2147483647, td_scdma_rscp:39
01-02 01:11:53.219586  1421  1421 D MTKSST  : [CdmaLteSST0] old:{level:0, raw:SignalStrength: 99 -1 -120 -160 -120 -1 -1 99 2147483647 2147483647 2147483647 2147483647 0 -43 cdma}, new:{level:0, raw:SignalStrength: 99 -1 -120 -160 -120 -1 -1 99 2147483647 2147483647 2147483647 2147483647 0 -39 cdma}
01-02 01:11:57.131702   927 22666 I RilClient: initialize: commandFd is 69
01-02 01:11:57.132796   927 22714 I RilOemClient: NUMBER:1
01-02 01:11:57.132968   927 22714 I RilOemClient: arg len:14
01-02 01:11:57.133002   927 22714 I RilOemClient: ARGS[0]:THERMAL,0,-1
01-02 01:11:57.133054   927 22714 I RilOemClient: executeThermal
01-02 01:11:57.133135   927 22714 I RilOemClient: arg : -1
01-02 01:11:57.134999   927   949 I RmcOemRequestHandler: requestQueryThermal Enter: -1
01-02 01:11:57.135157   927   949 I AT      : [0] AT> AT+ETHERMAL (RIL_CMD_READER_1, tid:523765904624)
01-02 01:11:57.144849   927   948 I AT      : [0] AT< +ETHERMAL: 2, 32767, -127, 20821, 32767, -20554 (RIL_CMD_READER_1, tid:523772122352)
01-02 01:11:57.145382   927   948 I AT      : [0] AT< OK (RIL_CMD_READER_1, tid:523772122352)
01-02 01:11:57.145638   927   949 I RmcOemRequestHandler: requestQueryThermal success
01-02 01:11:57.146334   927   940 I RilOemClient: request for THERMAL returned
01-02 01:11:57.146393   927   940 I RilOemClient: mThermalFd is valid strResult is  2, 32767, -127, 20821, 32767, -20554
01-02 01:11:57.147144   927 22716 I RilClient: start listen on fd: 11, soicket name: rild-oem
01-02 01:11:58.339611   927   945 I AT      : [0] AT< +ECSQ: 76,43,1,-180,-11,1,1,4,32767,1 (RIL_URC_READER, tid:523767977200)
01-02 01:11:58.341515   927   947 D RmcNwHdlr: [0] handleSignalStrength, sig1:99, sig2:-1, cdma_dbm:-1, cdma_ecio:-1, evdo_dbm:-1,evdo_ecio:-1, evdo_snr:-1, lte_sig:99, lte_rsrp:2147483647, lte_rsrq:2147483647, lte_rssnr:2147483647, lte_cqi:2147483647,lte_timing_advance:2147483647, td_scdma_rscp:45
01-02 01:11:58.344493  1421  1421 D MTKSST  : [CdmaLteSST0] old:{level:0, raw:SignalStrength: 99 -1 -120 -160 -120 -1 -1 99 2147483647 2147483647 2147483647 2147483647 0 -39 cdma}, new:{level:0, raw:SignalStrength: 99 -1 -120 -160 -120 -1 -1 99 2147483647 2147483647 2147483647 2147483647 0 -45 cdma}
01-02 01:12:03.461787   927   945 I AT      : [0] AT< +ECSQ: 79,43,1,-165,-12,1,1,4,32767,1 (RIL_URC_READER, tid:523767977200)
01-02 01:12:03.464376   927   947 D RmcNwHdlr: [0] handleSignalStrength, sig1:99, sig2:-1, cdma_dbm:-1, cdma_ecio:-1, evdo_dbm:-1,evdo_ecio:-1, evdo_snr:-1, lte_sig:99, lte_rsrp:2147483647, lte_rsrq:2147483647, lte_rssnr:2147483647, lte_cqi:2147483647,lte_timing_advance:2147483647, td_scdma_rscp:41
01-02 01:12:03.467094  1421  1421 D MTKSST  : [CdmaLteSST0] old:{level:0, raw:SignalStrength: 99 -1 -120 -160 -120 -1 -1 99 2147483647 2147483647 2147483647 2147483647 0 -45 cdma}, new:{level:0, raw:SignalStrength: 99 -1 -120 -160 -120 -1 -1 99 2147483647 2147483647 2147483647 2147483647 0 -41 cdma}
01-02 01:12:07.153640   927 22716 I RilClient: initialize: commandFd is 0
01-02 01:12:07.155161   927 22727 I RilOemClient: NUMBER:1
01-02 01:12:07.155632   927 22727 I RilOemClient: arg len:14
01-02 01:12:07.155783   927 22727 I RilOemClient: ARGS[0]:THERMAL,0,-1
01-02 01:12:07.155920   927 22727 I RilOemClient: executeThermal
01-02 01:12:07.156197   927 22727 I RilOemClient: arg : -1
01-02 01:12:07.158778   927   949 I RmcOemRequestHandler: requestQueryThermal Enter: -1
01-02 01:12:07.158962   927   949 I AT      : [0] AT> AT+ETHERMAL (RIL_CMD_READER_1, tid:523765904624)
01-02 01:12:07.170338   927   948 I AT      : [0] AT< +ETHERMAL: 2, 32767, -127, 20821, 32767, -20554 (RIL_CMD_READER_1, tid:523772122352)
01-02 01:12:07.171662   927   948 I AT      : [0] AT< OK (RIL_CMD_READER_1, tid:523772122352)
01-02 01:12:07.172007   927   949 I RmcOemRequestHandler: requestQueryThermal success
01-02 01:12:07.173278   927   940 I RilOemClient: request for THERMAL returned
01-02 01:12:07.173422   927   940 I RilOemClient: mThermalFd is valid strResult is  2, 32767, -127, 20821, 32767, -20554
01-02 01:12:07.176537   927 22729 I RilClient: start listen on fd: 11, soicket name: rild-oem
01-02 01:12:08.584097   927   945 I AT      : [0] AT< +ECSQ: 80,42,1,-163,-13,1,1,4,32767,1 (RIL_URC_READER, tid:523767977200)
01-02 01:12:08.586561   927   947 D RmcNwHdlr: [0] handleSignalStrength, sig1:99, sig2:-1, cdma_dbm:-1, cdma_ecio:-1, evdo_dbm:-1,evdo_ecio:-1, evdo_snr:-1, lte_sig:99, lte_rsrp:2147483647, lte_rsrq:2147483647, lte_rssnr:2147483647, lte_cqi:2147483647,lte_timing_advance:2147483647, td_scdma_rscp:40
01-02 01:12:08.589668  1421  1421 D MTKSST  : [CdmaLteSST0] old:{level:0, raw:SignalStrength: 99 -1 -120 -160 -120 -1 -1 99 2147483647 2147483647 2147483647 2147483647 0 -41 cdma}, new:{level:0, raw:SignalStrength: 99 -1 -120 -160 -120 -1 -1 99 2147483647 2147483647 2147483647 2147483647 0 -40 cdma}
01-02 01:12:13.704439   927   945 I AT      : [0] AT< +ECSQ: 80,43,1,-162,-12,1,1,4,32767,1 (RIL_URC_READER, tid:523767977200)
01-02 01:12:14.369672   577  1084 E RPC     : entry g_lowpower_mode
01-02 01:12:17.181300   927 22729 I RilClient: initialize: commandFd is 69
01-02 01:12:17.183079   927 22744 I RilOemClient: NUMBER:1
01-02 01:12:17.183521   927 22744 I RilOemClient: arg len:14
01-02 01:12:17.183701   927 22744 I RilOemClient: ARGS[0]:THERMAL,0,-1
01-02 01:12:17.183866   927 22744 I RilOemClient: executeThermal
01-02 01:12:17.184135   927 22744 I RilOemClient: arg : -1
01-02 01:12:17.186670   927   949 I RmcOemRequestHandler: requestQueryThermal Enter: -1
01-02 01:12:17.186855   927   949 I AT      : [0] AT> AT+ETHERMAL (RIL_CMD_READER_1, tid:523765904624)
01-02 01:12:17.197760   927   948 I AT      : [0] AT< +ETHERMAL: 2, 32767, -127, 20821, 32767, -20554 (RIL_CMD_READER_1, tid:523772122352)
01-02 01:12:17.198548   927   948 I AT      : [0] AT< OK (RIL_CMD_READER_1, tid:523772122352)
01-02 01:12:17.198858   927   949 I RmcOemRequestHandler: requestQueryThermal success
01-02 01:12:17.200154   927   940 I RilOemClient: request for THERMAL returned
01-02 01:12:17.200309   927   940 I RilOemClient: mThermalFd is valid strResult is  2, 32767, -127, 20821, 32767, -20554
01-02 01:12:17.202454   927 22746 I RilClient: start listen on fd: 11, soicket name: rild-oem
01-02 01:12:18.825415   927   945 I AT      : [0] AT< +ECSQ: 79,42,1,-166,-13,1,1,4,32767,1 (RIL_URC_READER, tid:523767977200)
01-02 01:12:18.827725   927   947 D RmcNwHdlr: [0] handleSignalStrength, sig1:99, sig2:-1, cdma_dbm:-1, cdma_ecio:-1, evdo_dbm:-1,evdo_ecio:-1, evdo_snr:-1, lte_sig:99, lte_rsrp:2147483647, lte_rsrq:2147483647, lte_rssnr:2147483647, lte_cqi:2147483647,lte_timing_advance:2147483647, td_scdma_rscp:41
01-02 01:12:18.830886  1421  1421 D MTKSST  : [CdmaLteSST0] old:{level:0, raw:SignalStrength: 99 -1 -120 -160 -120 -1 -1 99 2147483647 2147483647 2147483647 2147483647 0 -40 cdma}, new:{level:0, raw:SignalStrength: 99 -1 -120 -160 -120 -1 -1 99 2147483647 2147483647 2147483647 2147483647 0 -41 cdma}
01-02 01:12:23.936863   927   945 I AT      : [0] AT< +ECSQ: 78,43,1,-169,-11,1,1,4,32767,1 (RIL_URC_READER, tid:523767977200)
01-02 01:12:23.938904   927   947 D RmcNwHdlr: [0] handleSignalStrength, sig1:99, sig2:-1, cdma_dbm:-1, cdma_ecio:-1, evdo_dbm:-1,evdo_ecio:-1, evdo_snr:-1, lte_sig:99, lte_rsrp:2147483647, lte_rsrq:2147483647, lte_rssnr:2147483647, lte_cqi:2147483647,lte_timing_advance:2147483647, td_scdma_rscp:42
01-02 01:12:23.942223  1421  1421 D MTKSST  : [CdmaLteSST0] old:{level:0, raw:SignalStrength: 99 -1 -120 -160 -120 -1 -1 99 2147483647 2147483647 2147483647 2147483647 0 -41 cdma}, new:{level:0, raw:SignalStrength: 99 -1 -120 -160 -120 -1 -1 99 2147483647 2147483647 2147483647 2147483647 0 -42 cdma}
01-02 01:12:27.208985   927 22746 I RilClient: initialize: commandFd is 0
01-02 01:12:27.210512   927 22766 I RilOemClient: NUMBER:1
01-02 01:12:27.210824   927 22766 I RilOemClient: arg len:14
01-02 01:12:27.210965   927 22766 I RilOemClient: ARGS[0]:THERMAL,0,-1
01-02 01:12:27.211093   927 22766 I RilOemClient: executeThermal
01-02 01:12:27.211603   927 22766 I RilOemClient: arg : -1
01-02 01:12:27.213951   927   949 I RmcOemRequestHandler: requestQueryThermal Enter: -1
01-02 01:12:27.214125   927   949 I AT      : [0] AT> AT+ETHERMAL (RIL_CMD_READER_1, tid:523765904624)
01-02 01:12:27.225246   927   948 I AT      : [0] AT< +ETHERMAL: 2, 32767, -127, 20821, 32767, -20554 (RIL_CMD_READER_1, tid:523772122352)
01-02 01:12:27.225962   927   948 I AT      : [0] AT< OK (RIL_CMD_READER_1, tid:523772122352)
01-02 01:12:27.226260   927   949 I RmcOemRequestHandler: requestQueryThermal success
01-02 01:12:27.227491   927   940 I RilOemClient: request for THERMAL returned
01-02 01:12:27.227647   927   940 I RilOemClient: mThermalFd is valid strResult is  2, 32767, -127, 20821, 32767, -20554
01-02 01:12:27.229720   927 22768 I RilClient: start listen on fd: 11, soicket name: rild-oem
01-02 01:12:28.144022   577  1037 E RPC     : entry g_lowpower_mode
01-02 01:12:29.057971   927   945 I AT      : [0] AT< +ECSQ: 79,43,1,-168,-12,1,1,4,32767,1 (RIL_URC_READER, tid:523767977200)
01-02 01:12:34.178634   927   945 I AT      : [0] AT< +ECSQ: 80,43,1,-164,-11,1,1,4,32767,1 (RIL_URC_READER, tid:523767977200)
01-02 01:12:34.180771   927   947 D RmcNwHdlr: [0] handleSignalStrength, sig1:99, sig2:-1, cdma_dbm:-1, cdma_ecio:-1, evdo_dbm:-1,evdo_ecio:-1, evdo_snr:-1, lte_sig:99, lte_rsrp:2147483647, lte_rsrq:2147483647, lte_rssnr:2147483647, lte_cqi:2147483647,lte_timing_advance:2147483647, td_scdma_rscp:41
01-02 01:12:34.183669  1421  1421 D MTKSST  : [CdmaLteSST0] old:{level:0, raw:SignalStrength: 99 -1 -120 -160 -120 -1 -1 99 2147483647 2147483647 2147483647 2147483647 0 -42 cdma}, new:{level:0, raw:SignalStrength: 99 -1 -120 -160 -120 -1 -1 99 2147483647 2147483647 2147483647 2147483647 0 -41 cdma}
01-02 01:12:37.235769   927 22768 I RilClient: initialize: commandFd is 69
01-02 01:12:37.237382   927 22779 I RilOemClient: NUMBER:1
01-02 01:12:37.237754   927 22779 I RilOemClient: arg len:14
01-02 01:12:37.237936   927 22779 I RilOemClient: ARGS[0]:THERMAL,0,-1
01-02 01:12:37.238108   927 22779 I RilOemClient: executeThermal
01-02 01:12:37.238402   927 22779 I RilOemClient: arg : -1
01-02 01:12:37.241448   927   949 I RmcOemRequestHandler: requestQueryThermal Enter: -1
01-02 01:12:37.241652   927   949 I AT      : [0] AT> AT+ETHERMAL (RIL_CMD_READER_1, tid:523765904624)
01-02 01:12:37.252353   927   948 I AT      : [0] AT< +ETHERMAL: 2, 32767, -127, 20821, 32767, -20554 (RIL_CMD_READER_1, tid:523772122352)
01-02 01:12:37.253150   927   948 I AT      : [0] AT< OK (RIL_CMD_READER_1, tid:523772122352)
01-02 01:12:37.253431   927   949 I RmcOemRequestHandler: requestQueryThermal success
01-02 01:12:37.254551   927   940 I RilOemClient: request for THERMAL returned
01-02 01:12:37.254691   927   940 I RilOemClient: mThermalFd is valid strResult is  2, 32767, -127, 20821, 32767, -20554
01-02 01:12:37.256932   927 22781 I RilClient: start listen on fd: 11, soicket name: rild-oem
01-02 01:12:39.299438   927   945 I AT      : [0] AT< +ECSQ: 80,42,1,-164,-14,1,1,4,32767,1 (RIL_URC_READER, tid:523767977200)
01-02 01:12:44.421780   927   945 I AT      : [0] AT< +ECSQ: 80,41,1,-163,-16,1,1,4,32767,1 (RIL_URC_READER, tid:523767977200)
01-02 01:12:44.423945   927   947 D RmcNwHdlr: [0] handleSignalStrength, sig1:99, sig2:-1, cdma_dbm:-1, cdma_ecio:-1, evdo_dbm:-1,evdo_ecio:-1, evdo_snr:-1, lte_sig:99, lte_rsrp:2147483647, lte_rsrq:2147483647, lte_rssnr:2147483647, lte_cqi:2147483647,lte_timing_advance:2147483647, td_scdma_rscp:40
01-02 01:12:44.426903  1421  1421 D MTKSST  : [CdmaLteSST0] old:{level:0, raw:SignalStrength: 99 -1 -120 -160 -120 -1 -1 99 2147483647 2147483647 2147483647 2147483647 0 -41 cdma}, new:{level:0, raw:SignalStrength: 99 -1 -120 -160 -120 -1 -1 99 2147483647 2147483647 2147483647 2147483647 0 -40 cdma}
01-02 01:12:47.263551   927 22781 I RilClient: initialize: commandFd is 0
01-02 01:12:47.264923   927 22792 I RilOemClient: NUMBER:1
01-02 01:12:47.265224   927 22792 I RilOemClient: arg len:14
01-02 01:12:47.265404   927 22792 I RilOemClient: ARGS[0]:THERMAL,0,-1
01-02 01:12:47.265557   927 22792 I RilOemClient: executeThermal
01-02 01:12:47.265824   927 22792 I RilOemClient: arg : -1
01-02 01:12:47.268629   927   949 I RmcOemRequestHandler: requestQueryThermal Enter: -1
01-02 01:12:47.268822   927   949 I AT      : [0] AT> AT+ETHERMAL (RIL_CMD_READER_1, tid:523765904624)
01-02 01:12:47.279696   927   948 I AT      : [0] AT< +ETHERMAL: 2, 32767, -127, 20821, 32767, -20554 (RIL_CMD_READER_1, tid:523772122352)
01-02 01:12:47.280485   927   948 I AT      : [0] AT< OK (RIL_CMD_READER_1, tid:523772122352)
01-02 01:12:47.281017   927   949 I RmcOemRequestHandler: requestQueryThermal success
01-02 01:12:47.282189   927   940 I RilOemClient: request for THERMAL returned
01-02 01:12:47.282333   927   940 I RilOemClient: mThermalFd is valid strResult is  2, 32767, -127, 20821, 32767, -20554
01-02 01:12:47.284397   927 22794 I RilClient: start listen on fd: 11, soicket name: rild-oem
01-02 01:12:49.542973   927   945 I AT      : [0] AT< +ECSQ: 81,43,1,-160,-11,1,1,4,32767,1 (RIL_URC_READER, tid:523767977200)
01-02 01:12:54.664674   927   945 I AT      : [0] AT< +ECSQ: 80,42,1,-161,-13,1,1,4,32767,1 (RIL_URC_READER, tid:523767977200)
01-02 01:12:57.290814   927 22794 I RilClient: initialize: commandFd is 69
01-02 01:12:57.292862   927 22806 I RilOemClient: NUMBER:1
01-02 01:12:57.293210   927 22806 I RilOemClient: arg len:14
01-02 01:12:57.293433   927 22806 I RilOemClient: ARGS[0]:THERMAL,0,-1
01-02 01:12:57.293596   927 22806 I RilOemClient: executeThermal
01-02 01:12:57.293865   927 22806 I RilOemClient: arg : -1
01-02 01:12:57.296759   927   949 I RmcOemRequestHandler: requestQueryThermal Enter: -1
01-02 01:12:57.296941   927   949 I AT      : [0] AT> AT+ETHERMAL (RIL_CMD_READER_1, tid:523765904624)
01-02 01:12:57.307983   927   948 I AT      : [0] AT< +ETHERMAL: 2, 32767, -127, 20821, 32767, -20554 (RIL_CMD_READER_1, tid:523772122352)
01-02 01:12:57.308607   927   948 I AT      : [0] AT< OK (RIL_CMD_READER_1, tid:523772122352)
01-02 01:12:57.309095   927   949 I RmcOemRequestHandler: requestQueryThermal success
01-02 01:12:57.310448   927   940 I RilOemClient: request for THERMAL returned
01-02 01:12:57.310599   927   940 I RilOemClient: mThermalFd is valid strResult is  2, 32767, -127, 20821, 32767, -20554
01-02 01:12:57.312848   927 22808 I RilClient: start listen on fd: 11, soicket name: rild-oem
01-02 01:12:59.785086   927   945 I AT      : [0] AT< +ECSQ: 81,43,1,-159,-12,1,1,4,32767,1 (RIL_URC_READER, tid:523767977200)
01-02 01:12:59.787141   927   947 D RmcNwHdlr: [0] handleSignalStrength, sig1:99, sig2:-1, cdma_dbm:-1, cdma_ecio:-1, evdo_dbm:-1,evdo_ecio:-1, evdo_snr:-1, lte_sig:99, lte_rsrp:2147483647, lte_rsrq:2147483647, lte_rssnr:2147483647, lte_cqi:2147483647,lte_timing_advance:2147483647, td_scdma_rscp:39
01-02 01:12:59.790189  1421  1421 D MTKSST  : [CdmaLteSST0] old:{level:0, raw:SignalStrength: 99 -1 -120 -160 -120 -1 -1 99 2147483647 2147483647 2147483647 2147483647 0 -40 cdma}, new:{level:0, raw:SignalStrength: 99 -1 -120 -160 -120 -1 -1 99 2147483647 2147483647 2147483647 2147483647 0 -39 cdma}
01-02 01:13:04.897105   927   945 I AT      : [0] AT< +ECSQ: 81,43,1,-160,-12,1,1,4,32767,1 (RIL_URC_READER, tid:523767977200)
01-02 01:13:04.899366   927   947 D RmcNwHdlr: [0] handleSignalStrength, sig1:99, sig2:-1, cdma_dbm:-1, cdma_ecio:-1, evdo_dbm:-1,evdo_ecio:-1, evdo_snr:-1, lte_sig:99, lte_rsrp:2147483647, lte_rsrq:2147483647, lte_rssnr:2147483647, lte_cqi:2147483647,lte_timing_advance:2147483647, td_scdma_rscp:40
01-02 01:13:04.902280  1421  1421 D MTKSST  : [CdmaLteSST0] old:{level:0, raw:SignalStrength: 99 -1 -120 -160 -120 -1 -1 99 2147483647 2147483647 2147483647 2147483647 0 -39 cdma}, new:{level:0, raw:SignalStrength: 99 -1 -120 -160 -120 -1 -1 99 2147483647 2147483647 2147483647 2147483647 0 -40 cdma}
01-02 01:13:07.318577   927 22808 I RilClient: initialize: commandFd is 0
01-02 01:13:07.320107   927 22823 I RilOemClient: NUMBER:1
01-02 01:13:07.320391   927 22823 I RilOemClient: arg len:14
01-02 01:13:07.320493   927 22823 I RilOemClient: ARGS[0]:THERMAL,0,-1
01-02 01:13:07.320625   927 22823 I RilOemClient: executeThermal
01-02 01:13:07.320824   927 22823 I RilOemClient: arg : -1
01-02 01:13:07.322593   927   949 I RmcOemRequestHandler: requestQueryThermal Enter: -1
01-02 01:13:07.322738   927   949 I AT      : [0] AT> AT+ETHERMAL (RIL_CMD_READER_1, tid:523765904624)
01-02 01:13:07.332729   927   948 I AT      : [0] AT< +ETHERMAL: 2, 32767, -127, 20821, 32767, -20554 (RIL_CMD_READER_1, tid:523772122352)
01-02 01:13:07.333274   927   948 I AT      : [0] AT< OK (RIL_CMD_READER_1, tid:523772122352)
01-02 01:13:07.333549   927   949 I RmcOemRequestHandler: requestQueryThermal success
01-02 01:13:07.334663   927   940 I RilOemClient: request for THERMAL returned
01-02 01:13:07.334812   927   940 I RilOemClient: mThermalFd is valid strResult is  2, 32767, -127, 20821, 32767, -20554
01-02 01:13:07.337095   927 22825 I RilClient: start listen on fd: 11, soicket name: rild-oem
01-02 01:13:10.016502   927   945 I AT      : [0] AT< +ECSQ: 82,43,1,-154,-12,1,1,4,32767,1 (RIL_URC_READER, tid:523767977200)
01-02 01:13:10.018348   927   947 D RmcNwHdlr: [0] handleSignalStrength, sig1:99, sig2:-1, cdma_dbm:-1, cdma_ecio:-1, evdo_dbm:-1,evdo_ecio:-1, evdo_snr:-1, lte_sig:99, lte_rsrp:2147483647, lte_rsrq:2147483647, lte_rssnr:2147483647, lte_cqi:2147483647,lte_timing_advance:2147483647, td_scdma_rscp:38
01-02 01:13:10.022354  1421  1421 D MTKSST  : [CdmaLteSST0] old:{level:0, raw:SignalStrength: 99 -1 -120 -160 -120 -1 -1 99 2147483647 2147483647 2147483647 2147483647 0 -40 cdma}, new:{level:0, raw:SignalStrength: 99 -1 -120 -160 -120 -1 -1 99 2147483647 2147483647 2147483647 2147483647 0 -38 cdma}
01-02 01:13:14.427719   577  1084 E RPC     : entry g_lowpower_mode
