01-02 00:56:54.672721   927 21038 I RilOemClient: arg len:14
01-02 00:56:54.672869   927 21038 I RilOemClient: ARGS[0]:THERMAL,0,-1
01-02 00:56:54.673003   927 21038 I RilOemClient: executeThermal
01-02 00:56:54.673183   927 21038 D RilOemClient: Thermal line = THERMAL,0,-1
01-02 00:56:54.673183   927 21038 D RilOemClient: , cmd:THERMAL, slotId:0, targetSim: 0
01-02 00:56:54.673307   927 21038 I RilOemClient: arg : -1
01-02 00:56:54.676062   927   949 D RmcOemRequestHandler: [0] onHandleRequest: RFX_MSG_REQUEST_QUERY_MODEM_THERMAL(55019)
01-02 00:56:54.676233   927   949 I RmcOemRequestHandler: requestQueryThermal Enter: -1
01-02 00:56:54.676351   927   949 I AT      : [0] AT> AT+ETHERMAL (RIL_CMD_READER_1, tid:523765904624)
01-02 00:56:54.687450   927   948 I AT      : [0] AT< +ETHERMAL: 2, 32767, -127, 20821, 32767, -20554 (RIL_CMD_READER_1, tid:523772122352)
01-02 00:56:54.688440   927   948 I AT      : [0] AT< OK (RIL_CMD_READER_1, tid:523772122352)
01-02 00:56:54.688787   927   949 I RmcOemRequestHandler: requestQueryThermal success
01-02 00:56:54.690284   927   940 D RtcRilClientController: client 1001 handle requestComplete
01-02 00:56:54.690427   927   940 I RilOemClient: request for THERMAL returned
01-02 00:56:54.690524   927   940 I RilOemClient: mThermalFd is valid strResult is  2, 32767, -127, 20821, 32767, -20554
01-02 00:56:54.692406   927 21039 D RilOemClient: stream null here
01-02 00:56:54.693720   927 21040 I RilClient: start listen on fd: 11, soicket name: rild-oem
01-02 00:56:57.221694   927   945 I AT      : [0] AT< +ECSQ: 79,42,1,-168,-14,1,1,4,32767,1 (RIL_URC_READER, tid:523767977200)
01-02 00:57:02.343605   927   945 I AT      : [0] AT< +ECSQ: 77,43,1,-173,-12,1,1,4,32767,1 (RIL_URC_READER, tid:523767977200)
01-02 00:57:02.345689   927   947 D RmcNwHdlr: [0] handleSignalStrength, sig1:99, sig2:-1, cdma_dbm:-1, cdma_ecio:-1, evdo_dbm:-1,evdo_ecio:-1, evdo_snr:-1, lte_sig:99, lte_rsrp:2147483647, lte_rsrq:2147483647, lte_rssnr:2147483647, lte_cqi:2147483647,lte_timing_advance:2147483647, td_scdma_rscp:43
01-02 00:57:02.348835  1421  1421 D MTKSST  : [CdmaLteSST0] old:{level:0, raw:SignalStrength: 99 -1 -120 -160 -120 -1 -1 99 2147483647 2147483647 2147483647 2147483647 0 -42 cdma}, new:{level:0, raw:SignalStrength: 99 -1 -120 -160 -120 -1 -1 99 2147483647 2147483647 2147483647 2147483647 0 -43 cdma}
01-02 00:57:04.699054   927 21040 I RilClient: initialize: commandFd is 0
01-02 00:57:04.700741   927 21051 I RilOemClient: NUMBER:1
01-02 00:57:04.701084   927 21051 I RilOemClient: arg len:14
01-02 00:57:04.701226   927 21051 I RilOemClient: ARGS[0]:THERMAL,0,-1
01-02 00:57:04.701395   927 21051 I RilOemClient: executeThermal
01-02 00:57:04.701637   927 21051 D RilOemClient: Thermal line = THERMAL,0,-1
01-02 00:57:04.701637   927 21051 D RilOemClient: , cmd:THERMAL, slotId:0, targetSim: 0
01-02 00:57:04.701771   927 21051 I RilOemClient: arg : -1
01-02 00:57:04.704359   927   949 D RmcOemRequestHandler: [0] onHandleRequest: RFX_MSG_REQUEST_QUERY_MODEM_THERMAL(55019)
01-02 00:57:04.704548   927   949 I RmcOemRequestHandler: requestQueryThermal Enter: -1
01-02 00:57:04.704666   927   949 I AT      : [0] AT> AT+ETHERMAL (RIL_CMD_READER_1, tid:523765904624)
01-02 00:57:04.715964   927   948 I AT      : [0] AT< +ETHERMAL: 2, 32767, -127, 20821, 32767, -20554 (RIL_CMD_READER_1, tid:523772122352)
01-02 00:57:04.716785   927   948 I AT      : [0] AT< OK (RIL_CMD_READER_1, tid:523772122352)
01-02 00:57:04.717104   927   949 I RmcOemRequestHandler: requestQueryThermal success
01-02 00:57:04.718226   927   940 D RtcRilClientController: client 1001 handle requestComplete
01-02 00:57:04.718366   927   940 I RilOemClient: request for THERMAL returned
01-02 00:57:04.718467   927   940 I RilOemClient: mThermalFd is valid strResult is  2, 32767, -127, 20821, 32767, -20554
01-02 00:57:04.719733   927 21052 D RilOemClient: stream null here
01-02 00:57:04.720976   927 21053 I RilClient: start listen on fd: 11, soicket name: rild-oem
01-02 00:57:07.464314   927   945 I AT      : [0] AT< +ECSQ: 76,43,1,-178,-12,1,1,4,32767,1 (RIL_URC_READER, tid:523767977200)
01-02 00:57:07.466246   927   947 D RmcNwHdlr: [0] handleSignalStrength, sig1:99, sig2:-1, cdma_dbm:-1, cdma_ecio:-1, evdo_dbm:-1,evdo_ecio:-1, evdo_snr:-1, lte_sig:99, lte_rsrp:2147483647, lte_rsrq:2147483647, lte_rssnr:2147483647, lte_cqi:2147483647,lte_timing_advance:2147483647, td_scdma_rscp:44
01-02 00:57:07.469198  1421  1421 D MTKSST  : [CdmaLteSST0] old:{level:0, raw:SignalStrength: 99 -1 -120 -160 -120 -1 -1 99 2147483647 2147483647 2147483647 2147483647 0 -43 cdma}, new:{level:0, raw:SignalStrength: 99 -1 -120 -160 -120 -1 -1 99 2147483647 2147483647 2147483647 2147483647 0 -44 cdma}
01-02 00:57:12.586075   927   945 I AT      : [0] AT< +ECSQ: 75,42,1,-183,-13,1,1,4,32767,1 (RIL_URC_READER, tid:523767977200)
01-02 00:57:12.588370   927   947 D RmcNwHdlr: [0] handleSignalStrength, sig1:99, sig2:-1, cdma_dbm:-1, cdma_ecio:-1, evdo_dbm:-1,evdo_ecio:-1, evdo_snr:-1, lte_sig:99, lte_rsrp:2147483647, lte_rsrq:2147483647, lte_rssnr:2147483647, lte_cqi:2147483647,lte_timing_advance:2147483647, td_scdma_rscp:45
01-02 00:57:12.591734  1421  1421 D MTKSST  : [CdmaLteSST0] old:{level:0, raw:SignalStrength: 99 -1 -120 -160 -120 -1 -1 99 2147483647 2147483647 2147483647 2147483647 0 -44 cdma}, new:{level:0, raw:SignalStrength: 99 -1 -120 -160 -120 -1 -1 99 2147483647 2147483647 2147483647 2147483647 0 -45 cdma}
01-02 00:57:13.867785   577  1084 E RPC     : entry g_lowpower_mode
01-02 00:57:14.726841   927 21053 I RilClient: initialize: commandFd is 69
01-02 00:57:14.728606   927 21065 I RilOemClient: NUMBER:1
01-02 00:57:14.728972   927 21065 I RilOemClient: arg len:14
01-02 00:57:14.729114   927 21065 I RilOemClient: ARGS[0]:THERMAL,0,-1
01-02 00:57:14.729306   927 21065 I RilOemClient: executeThermal
01-02 00:57:14.729538   927 21065 D RilOemClient: Thermal line = THERMAL,0,-1
01-02 00:57:14.729538   927 21065 D RilOemClient: , cmd:THERMAL, slotId:0, targetSim: 0
01-02 00:57:14.729658   927 21065 I RilOemClient: arg : -1
01-02 00:57:14.732069   927   949 D RmcOemRequestHandler: [0] onHandleRequest: RFX_MSG_REQUEST_QUERY_MODEM_THERMAL(55019)
01-02 00:57:14.732252   927   949 I RmcOemRequestHandler: requestQueryThermal Enter: -1
01-02 00:57:14.732371   927   949 I AT      : [0] AT> AT+ETHERMAL (RIL_CMD_READER_1, tid:523765904624)
01-02 00:57:14.743411   927   948 I AT      : [0] AT< +ETHERMAL: 2, 32767, -127, 20821, 32767, -20554 (RIL_CMD_READER_1, tid:523772122352)
01-02 00:57:14.744338   927   948 I AT      : [0] AT< OK (RIL_CMD_READER_1, tid:523772122352)
01-02 00:57:14.744855   927   949 I RmcOemRequestHandler: requestQueryThermal success
01-02 00:57:14.746201   927   940 D RtcRilClientController: client 1001 handle requestComplete
01-02 00:57:14.746344   927   940 I RilOemClient: request for THERMAL returned
01-02 00:57:14.746444   927   940 I RilOemClient: mThermalFd is valid strResult is  2, 32767, -127, 20821, 32767, -20554
01-02 00:57:14.747854   927 21066 D RilOemClient: stream null here
01-02 00:57:14.750222   927 21067 I RilClient: start listen on fd: 11, soicket name: rild-oem
01-02 00:57:17.706879   927   945 I AT      : [0] AT< +ECSQ: 74,44,1,-186,-10,1,1,4,32767,1 (RIL_URC_READER, tid:523767977200)
01-02 00:57:17.709331   927   947 D RmcNwHdlr: [0] handleSignalStrength, sig1:99, sig2:-1, cdma_dbm:-1, cdma_ecio:-1, evdo_dbm:-1,evdo_ecio:-1, evdo_snr:-1, lte_sig:99, lte_rsrp:2147483647, lte_rsrq:2147483647, lte_rssnr:2147483647, lte_cqi:2147483647,lte_timing_advance:2147483647, td_scdma_rscp:46
01-02 00:57:17.712648  1421  1421 D MTKSST  : [CdmaLteSST0] old:{level:0, raw:SignalStrength: 99 -1 -120 -160 -120 -1 -1 99 2147483647 2147483647 2147483647 2147483647 0 -45 cdma}, new:{level:0, raw:SignalStrength: 99 -1 -120 -160 -120 -1 -1 99 2147483647 2147483647 2147483647 2147483647 0 -46 cdma}
01-02 00:57:22.818992   927   945 I AT      : [0] AT< +ECSQ: 75,43,1,-183,-11,1,1,4,32767,1 (RIL_URC_READER, tid:523767977200)
01-02 00:57:22.821196   927   947 D RmcNwHdlr: [0] handleSignalStrength, sig1:99, sig2:-1, cdma_dbm:-1, cdma_ecio:-1, evdo_dbm:-1,evdo_ecio:-1, evdo_snr:-1, lte_sig:99, lte_rsrp:2147483647, lte_rsrq:2147483647, lte_rssnr:2147483647, lte_cqi:2147483647,lte_timing_advance:2147483647, td_scdma_rscp:45
01-02 00:57:22.824570  1421  1421 D MTKSST  : [CdmaLteSST0] old:{level:0, raw:SignalStrength: 99 -1 -120 -160 -120 -1 -1 99 2147483647 2147483647 2147483647 2147483647 0 -46 cdma}, new:{level:0, raw:SignalStrength: 99 -1 -120 -160 -120 -1 -1 99 2147483647 2147483647 2147483647 2147483647 0 -45 cdma}
01-02 00:57:24.755208   927 21067 I RilClient: initialize: commandFd is 0
01-02 00:57:24.757176   927 21079 I RilOemClient: NUMBER:1
01-02 00:57:24.757533   927 21079 I RilOemClient: arg len:14
01-02 00:57:24.757684   927 21079 I RilOemClient: ARGS[0]:THERMAL,0,-1
01-02 00:57:24.757873   927 21079 I RilOemClient: executeThermal
01-02 00:57:24.758118   927 21079 D RilOemClient: Thermal line = THERMAL,0,-1
01-02 00:57:24.758118   927 21079 D RilOemClient: , cmd:THERMAL, slotId:0, targetSim: 0
01-02 00:57:24.758241   927 21079 I RilOemClient: arg : -1
01-02 00:57:24.760667   927   949 D RmcOemRequestHandler: [0] onHandleRequest: RFX_MSG_REQUEST_QUERY_MODEM_THERMAL(55019)
01-02 00:57:24.760845   927   949 I RmcOemRequestHandler: requestQueryThermal Enter: -1
01-02 00:57:24.760963   927   949 I AT      : [0] AT> AT+ETHERMAL (RIL_CMD_READER_1, tid:523765904624)
01-02 00:57:24.771934   927   948 I AT      : [0] AT< +ETHERMAL: 2, 32767, -127, 20821, 32767, -20554 (RIL_CMD_READER_1, tid:523772122352)
01-02 00:57:24.772555   927   948 I AT      : [0] AT< OK (RIL_CMD_READER_1, tid:523772122352)
01-02 00:57:24.772896   927   949 I RmcOemRequestHandler: requestQueryThermal success
01-02 00:57:24.774036   927   940 D RtcRilClientController: client 1001 handle requestComplete
01-02 00:57:24.774175   927   940 I RilOemClient: request for THERMAL returned
01-02 00:57:24.774273   927   940 I RilOemClient: mThermalFd is valid strResult is  2, 32767, -127, 20821, 32767, -20554
01-02 00:57:24.775531   927 21080 D RilOemClient: stream null here
01-02 00:57:24.776773   927 21081 I RilClient: start listen on fd: 11, soicket name: rild-oem
01-02 00:57:27.586080   577  1037 E RPC     : entry g_lowpower_mode
01-02 00:57:27.940928   927   945 I AT      : [0] AT< +ECSQ: 72,42,1,-196,-14,1,1,4,32767,1 (RIL_URC_READER, tid:523767977200)
01-02 00:57:27.943435   927   947 D RmcNwHdlr: [0] handleSignalStrength, sig1:99, sig2:-1, cdma_dbm:-1, cdma_ecio:-1, evdo_dbm:-1,evdo_ecio:-1, evdo_snr:-1, lte_sig:99, lte_rsrp:2147483647, lte_rsrq:2147483647, lte_rssnr:2147483647, lte_cqi:2147483647,lte_timing_advance:2147483647, td_scdma_rscp:49
01-02 00:57:27.945882  1421  1421 D MTKSST  : [CdmaLteSST0] old:{level:0, raw:SignalStrength: 99 -1 -120 -160 -120 -1 -1 99 2147483647 2147483647 2147483647 2147483647 0 -45 cdma}, new:{level:0, raw:SignalStrength: 99 -1 -120 -160 -120 -1 -1 99 2147483647 2147483647 2147483647 2147483647 0 -49 cdma}
01-02 00:57:33.060592   927   945 I AT      : [0] AT< +ECSQ: 73,40,1,-189,-17,1,1,4,32767,1 (RIL_URC_READER, tid:523767977200)
01-02 00:57:33.062377   927   947 D RmcNwHdlr: [0] handleSignalStrength, sig1:99, sig2:-1, cdma_dbm:-1, cdma_ecio:-1, evdo_dbm:-1,evdo_ecio:-1, evdo_snr:-1, lte_sig:99, lte_rsrp:2147483647, lte_rsrq:2147483647, lte_rssnr:2147483647, lte_cqi:2147483647,lte_timing_advance:2147483647, td_scdma_rscp:47
01-02 00:57:33.065048  1421  1421 D MTKSST  : [CdmaLteSST0] old:{level:0, raw:SignalStrength: 99 -1 -120 -160 -120 -1 -1 99 2147483647 2147483647 2147483647 2147483647 0 -49 cdma}, new:{level:0, raw:SignalStrength: 99 -1 -120 -160 -120 -1 -1 99 2147483647 2147483647 2147483647 2147483647 0 -47 cdma}
01-02 00:57:34.782304   927 21081 I RilClient: initialize: commandFd is 69
01-02 00:57:34.787087   927 21092 I RilOemClient: NUMBER:1
01-02 00:57:34.787573   927 21092 I RilOemClient: arg len:14
01-02 00:57:34.787724   927 21092 I RilOemClient: ARGS[0]:THERMAL,0,-1
01-02 00:57:34.787881   927 21092 I RilOemClient: executeThermal
01-02 00:57:34.788156   927 21092 D RilOemClient: Thermal line = THERMAL,0,-1
01-02 00:57:34.788156   927 21092 D RilOemClient: , cmd:THERMAL, slotId:0, targetSim: 0
01-02 00:57:34.788291   927 21092 I RilOemClient: arg : -1
01-02 00:57:34.790685   927   949 D RmcOemRequestHandler: [0] onHandleRequest: RFX_MSG_REQUEST_QUERY_MODEM_THERMAL(55019)
01-02 00:57:34.790847   927   949 I RmcOemRequestHandler: requestQueryThermal Enter: -1
01-02 00:57:34.790967   927   949 I AT      : [0] AT> AT+ETHERMAL (RIL_CMD_READER_1, tid:523765904624)
01-02 00:57:34.802990   927   948 I AT      : [0] AT< +ETHERMAL: 2, 32767, -127, 20821, 32767, -20554 (RIL_CMD_READER_1, tid:523772122352)
01-02 00:57:34.804083   927   948 I AT      : [0] AT< OK (RIL_CMD_READER_1, tid:523772122352)
01-02 00:57:34.804437   927   949 I RmcOemRequestHandler: requestQueryThermal success
01-02 00:57:34.805828   927   940 D RtcRilClientController: client 1001 handle requestComplete
01-02 00:57:34.805970   927   940 I RilOemClient: request for THERMAL returned
01-02 00:57:34.806071   927   940 I RilOemClient: mThermalFd is valid strResult is  2, 32767, -127, 20821, 32767, -20554
01-02 00:57:34.808099   927 21093 D RilOemClient: stream null here
01-02 00:57:34.809317   927 21094 I RilClient: start listen on fd: 11, soicket name: rild-oem
01-02 00:57:38.182236   927   945 I AT      : [0] AT< +ECSQ: 77,42,1,-175,-13,1,1,4,32767,1 (RIL_URC_READER, tid:523767977200)
01-02 00:57:38.184371   927   947 D RmcNwHdlr: [0] handleSignalStrength, sig1:99, sig2:-1, cdma_dbm:-1, cdma_ecio:-1, evdo_dbm:-1,evdo_ecio:-1, evdo_snr:-1, lte_sig:99, lte_rsrp:2147483647, lte_rsrq:2147483647, lte_rssnr:2147483647, lte_cqi:2147483647,lte_timing_advance:2147483647, td_scdma_rscp:43
01-02 00:57:38.187706  1421  1421 D MTKSST  : [CdmaLteSST0] old:{level:0, raw:SignalStrength: 99 -1 -120 -160 -120 -1 -1 99 2147483647 2147483647 2147483647 2147483647 0 -47 cdma}, new:{level:0, raw:SignalStrength: 99 -1 -120 -160 -120 -1 -1 99 2147483647 2147483647 2147483647 2147483647 0 -43 cdma}
01-02 00:57:43.302773   927   945 I AT      : [0] AT< +ECSQ: 76,44,1,-180,-10,1,1,4,32767,1 (RIL_URC_READER, tid:523767977200)
01-02 00:57:43.305312   927   947 D RmcNwHdlr: [0] handleSignalStrength, sig1:99, sig2:-1, cdma_dbm:-1, cdma_ecio:-1, evdo_dbm:-1,evdo_ecio:-1, evdo_snr:-1, lte_sig:99, lte_rsrp:2147483647, lte_rsrq:2147483647, lte_rssnr:2147483647, lte_cqi:2147483647,lte_timing_advance:2147483647, td_scdma_rscp:45
01-02 00:57:43.308588  1421  1421 D MTKSST  : [CdmaLteSST0] old:{level:0, raw:SignalStrength: 99 -1 -120 -160 -120 -1 -1 99 2147483647 2147483647 2147483647 2147483647 0 -43 cdma}, new:{level:0, raw:SignalStrength: 99 -1 -120 -160 -120 -1 -1 99 2147483647 2147483647 2147483647 2147483647 0 -45 cdma}
01-02 00:57:44.814857   927 21094 I RilClient: initialize: commandFd is 0
01-02 00:57:44.816964   927 21106 I RilOemClient: NUMBER:1
01-02 00:57:44.817316   927 21106 I RilOemClient: arg len:14
01-02 00:57:44.817461   927 21106 I RilOemClient: ARGS[0]:THERMAL,0,-1
01-02 00:57:44.817640   927 21106 I RilOemClient: executeThermal
01-02 00:57:44.817872   927 21106 D RilOemClient: Thermal line = THERMAL,0,-1
01-02 00:57:44.817872   927 21106 D RilOemClient: , cmd:THERMAL, slotId:0, targetSim: 0
01-02 00:57:44.817992   927 21106 I RilOemClient: arg : -1
01-02 00:57:44.820628   927   949 D RmcOemRequestHandler: [0] onHandleRequest: RFX_MSG_REQUEST_QUERY_MODEM_THERMAL(55019)
01-02 00:57:44.820815   927   949 I RmcOemRequestHandler: requestQueryThermal Enter: -1
01-02 00:57:44.820938   927   949 I AT      : [0] AT> AT+ETHERMAL (RIL_CMD_READER_1, tid:523765904624)
01-02 00:57:44.832131   927   948 I AT      : [0] AT< +ETHERMAL: 2, 32767, -127, 20821, 32767, -20554 (RIL_CMD_READER_1, tid:523772122352)
01-02 00:57:44.832963   927   948 I AT      : [0] AT< OK (RIL_CMD_READER_1, tid:523772122352)
01-02 00:57:44.833328   927   949 I RmcOemRequestHandler: requestQueryThermal success
01-02 00:57:44.834707   927   940 D RtcRilClientController: client 1001 handle requestComplete
01-02 00:57:44.834857   927   940 I RilOemClient: request for THERMAL returned
01-02 00:57:44.834962   927   940 I RilOemClient: mThermalFd is valid strResult is  2, 32767, -127, 20821, 32767, -20554
01-02 00:57:44.837296   927 21107 D RilOemClient: stream null here
01-02 00:57:44.840413   927 21108 I RilClient: start listen on fd: 11, soicket name: rild-oem
01-02 00:57:48.425034   927   945 I AT      : [0] AT< +ECSQ: 78,42,1,-170,-13,1,1,4,32767,1 (RIL_URC_READER, tid:523767977200)
01-02 00:57:48.427449   927   947 D RmcNwHdlr: [0] handleSignalStrength, sig1:99, sig2:-1, cdma_dbm:-1, cdma_ecio:-1, evdo_dbm:-1,evdo_ecio:-1, evdo_snr:-1, lte_sig:99, lte_rsrp:2147483647, lte_rsrq:2147483647, lte_rssnr:2147483647, lte_cqi:2147483647,lte_timing_advance:2147483647, td_scdma_rscp:42
01-02 00:57:48.430547  1421  1421 D MTKSST  : [CdmaLteSST0] old:{level:0, raw:SignalStrength: 99 -1 -120 -160 -120 -1 -1 99 2147483647 2147483647 2147483647 2147483647 0 -45 cdma}, new:{level:0, raw:SignalStrength: 99 -1 -120 -160 -120 -1 -1 99 2147483647 2147483647 2147483647 2147483647 0 -42 cdma}
01-02 00:57:53.545999   927   945 I AT      : [0] AT< +ECSQ: 78,42,1,-172,-14,1,1,4,32767,1 (RIL_URC_READER, tid:523767977200)
01-02 00:57:53.548064   927   947 D RmcNwHdlr: [0] handleSignalStrength, sig1:99, sig2:-1, cdma_dbm:-1, cdma_ecio:-1, evdo_dbm:-1,evdo_ecio:-1, evdo_snr:-1, lte_sig:99, lte_rsrp:2147483647, lte_rsrq:2147483647, lte_rssnr:2147483647, lte_cqi:2147483647,lte_timing_advance:2147483647, td_scdma_rscp:43
01-02 00:57:53.550945  1421  1421 D MTKSST  : [CdmaLteSST0] old:{level:0, raw:SignalStrength: 99 -1 -120 -160 -120 -1 -1 99 2147483647 2147483647 2147483647 2147483647 0 -42 cdma}, new:{level:0, raw:SignalStrength: 99 -1 -120 -160 -120 -1 -1 99 2147483647 2147483647 2147483647 2147483647 0 -43 cdma}
01-02 00:57:54.843104   927 21108 I RilClient: initialize: commandFd is 69
01-02 00:57:54.845204   927 21119 I RilOemClient: NUMBER:1
01-02 00:57:54.845552   927 21119 I RilOemClient: arg len:14
01-02 00:57:54.845694   927 21119 I RilOemClient: ARGS[0]:THERMAL,0,-1
01-02 00:57:54.845881   927 21119 I RilOemClient: executeThermal
01-02 00:57:54.846110   927 21119 D RilOemClient: Thermal line = THERMAL,0,-1
01-02 00:57:54.846110   927 21119 D RilOemClient: , cmd:THERMAL, slotId:0, targetSim: 0
01-02 00:57:54.846230   927 21119 I RilOemClient: arg : -1
01-02 00:57:54.848715   927   949 D RmcOemRequestHandler: [0] onHandleRequest: RFX_MSG_REQUEST_QUERY_MODEM_THERMAL(55019)
01-02 00:57:54.848899   927   949 I RmcOemRequestHandler: requestQueryThermal Enter: -1
01-02 00:57:54.849017   927   949 I AT      : [0] AT> AT+ETHERMAL (RIL_CMD_READER_1, tid:523765904624)
01-02 00:57:54.860765   927   948 I AT      : [0] AT< +ETHERMAL: 2, 32767, -127, 20821, 32767, -20554 (RIL_CMD_READER_1, tid:523772122352)
01-02 00:57:54.861311   927   948 I AT      : [0] AT< OK (RIL_CMD_READER_1, tid:523772122352)
01-02 00:57:54.861857   927   949 I RmcOemRequestHandler: requestQueryThermal success
01-02 00:57:54.863358   927   940 D RtcRilClientController: client 1001 handle requestComplete
01-02 00:57:54.863515   927   940 I RilOemClient: request for THERMAL returned
01-02 00:57:54.863619   927   940 I RilOemClient: mThermalFd is valid strResult is  2, 32767, -127, 20821, 32767, -20554
01-02 00:57:54.864799   927 21120 D RilOemClient: stream null here
01-02 00:57:54.866349   927 21121 I RilClient: start listen on fd: 11, soicket name: rild-oem
01-02 00:57:58.667186   927   945 I AT      : [0] AT< +ECSQ: 78,42,1,-169,-14,1,1,4,32767,1 (RIL_URC_READER, tid:523767977200)
01-02 00:57:58.669317   927   947 D RmcNwHdlr: [0] handleSignalStrength, sig1:99, sig2:-1, cdma_dbm:-1, cdma_ecio:-1, evdo_dbm:-1,evdo_ecio:-1, evdo_snr:-1, lte_sig:99, lte_rsrp:2147483647, lte_rsrq:2147483647, lte_rssnr:2147483647, lte_cqi:2147483647,lte_timing_advance:2147483647, td_scdma_rscp:42
01-02 00:57:58.672217  1421  1421 D MTKSST  : [CdmaLteSST0] old:{level:0, raw:SignalStrength: 99 -1 -120 -160 -120 -1 -1 99 2147483647 2147483647 2147483647 2147483647 0 -43 cdma}, new:{level:0, raw:SignalStrength: 99 -1 -120 -160 -120 -1 -1 99 2147483647 2147483647 2147483647 2147483647 0 -42 cdma}
01-02 00:58:03.778775   927   945 I AT      : [0] AT< +ECSQ: 80,43,1,-164,-11,1,1,4,32767,1 (RIL_URC_READER, tid:523767977200)
01-02 00:58:03.781262   927   947 D RmcNwHdlr: [0] handleSignalStrength, sig1:99, sig2:-1, cdma_dbm:-1, cdma_ecio:-1, evdo_dbm:-1,evdo_ecio:-1, evdo_snr:-1, lte_sig:99, lte_rsrp:2147483647, lte_rsrq:2147483647, lte_rssnr:2147483647, lte_cqi:2147483647,lte_timing_advance:2147483647, td_scdma_rscp:41
01-02 00:58:03.784500  1421  1421 D MTKSST  : [CdmaLteSST0] old:{level:0, raw:SignalStrength: 99 -1 -120 -160 -120 -1 -1 99 2147483647 2147483647 2147483647 2147483647 0 -42 cdma}, new:{level:0, raw:SignalStrength: 99 -1 -120 -160 -120 -1 -1 99 2147483647 2147483647 2147483647 2147483647 0 -41 cdma}
01-02 00:58:04.871864   927 21121 I RilClient: initialize: commandFd is 0
01-02 00:58:04.873874   927 21132 I RilOemClient: NUMBER:1
01-02 00:58:04.874223   927 21132 I RilOemClient: arg len:14
01-02 00:58:04.874365   927 21132 I RilOemClient: ARGS[0]:THERMAL,0,-1
01-02 00:58:04.874502   927 21132 I RilOemClient: executeThermal
01-02 00:58:04.874688   927 21132 D RilOemClient: Thermal line = THERMAL,0,-1
01-02 00:58:04.874688   927 21132 D RilOemClient: , cmd:THERMAL, slotId:0, targetSim: 0
01-02 00:58:04.874819   927 21132 I RilOemClient: arg : -1
01-02 00:58:04.877799   927   949 D RmcOemRequestHandler: [0] onHandleRequest: RFX_MSG_REQUEST_QUERY_MODEM_THERMAL(55019)
01-02 00:58:04.877963   927   949 I RmcOemRequestHandler: requestQueryThermal Enter: -1
01-02 00:58:04.878084   927   949 I AT      : [0] AT> AT+ETHERMAL (RIL_CMD_READER_1, tid:523765904624)
01-02 00:58:04.889317   927   948 I AT      : [0] AT< +ETHERMAL: 2, 32767, -127, 20821, 32767, -20554 (RIL_CMD_READER_1, tid:523772122352)
01-02 00:58:04.890130   927   948 I AT      : [0] AT< OK (RIL_CMD_READER_1, tid:523772122352)
01-02 00:58:04.890476   927   949 I RmcOemRequestHandler: requestQueryThermal success
01-02 00:58:04.891888   927   940 D RtcRilClientController: client 1001 handle requestComplete
01-02 00:58:04.892045   927   940 I RilOemClient: request for THERMAL returned
01-02 00:58:04.892147   927   940 I RilOemClient: mThermalFd is valid strResult is  2, 32767, -127, 20821, 32767, -20554
01-02 00:58:04.893610   927 21133 D RilOemClient: stream null here
01-02 00:58:04.894846   927 21134 I RilClient: start listen on fd: 11, soicket name: rild-oem
01-02 00:58:08.899845   927   945 I AT      : [0] AT< +ECSQ: 80,43,1,-162,-11,1,1,4,32767,1 (RIL_URC_READER, tid:523767977200)
01-02 00:58:08.902122   927   947 D RmcNwHdlr: [0] handleSignalStrength, sig1:99, sig2:-1, cdma_dbm:-1, cdma_ecio:-1, evdo_dbm:-1,evdo_ecio:-1, evdo_snr:-1, lte_sig:99, lte_rsrp:2147483647, lte_rsrq:2147483647, lte_rssnr:2147483647, lte_cqi:2147483647,lte_timing_advance:2147483647, td_scdma_rscp:40
01-02 00:58:08.905156  1421  1421 D MTKSST  : [CdmaLteSST0] old:{level:0, raw:SignalStrength: 99 -1 -120 -160 -120 -1 -1 99 2147483647 2147483647 2147483647 2147483647 0 -41 cdma}, new:{level:0, raw:SignalStrength: 99 -1 -120 -160 -120 -1 -1 99 2147483647 2147483647 2147483647 2147483647 0 -40 cdma}
01-02 00:58:13.928148   577  1084 E RPC     : entry g_lowpower_mode
01-02 00:58:14.020753   927   945 I AT      : [0] AT< +ECSQ: 80,43,1,-161,-12,1,1,4,32767,1 (RIL_URC_READER, tid:523767977200)
01-02 00:58:14.900378   927 21134 I RilClient: initialize: commandFd is 69
01-02 00:58:14.901915   927 21146 I RilOemClient: NUMBER:1
01-02 00:58:14.902230   927 21146 I RilOemClient: arg len:14
01-02 00:58:14.902372   927 21146 I RilOemClient: ARGS[0]:THERMAL,0,-1
01-02 00:58:14.902545   927 21146 I RilOemClient: executeThermal
01-02 00:58:14.902780   927 21146 D RilOemClient: Thermal line = THERMAL,0,-1
01-02 00:58:14.902780   927 21146 D RilOemClient: , cmd:THERMAL, slotId:0, targetSim: 0
01-02 00:58:14.902899   927 21146 I RilOemClient: arg : -1
01-02 00:58:14.905267   927   949 D RmcOemRequestHandler: [0] onHandleRequest: RFX_MSG_REQUEST_QUERY_MODEM_THERMAL(55019)
01-02 00:58:14.905436   927   949 I RmcOemRequestHandler: requestQueryThermal Enter: -1
01-02 00:58:14.905552   927   949 I AT      : [0] AT> AT+ETHERMAL (RIL_CMD_READER_1, tid:523765904624)
01-02 00:58:14.916523   927   948 I AT      : [0] AT< +ETHERMAL: 2, 32767, -127, 20821, 32767, -20554 (RIL_CMD_READER_1, tid:523772122352)
01-02 00:58:14.917291   927   948 I AT      : [0] AT< OK (RIL_CMD_READER_1, tid:523772122352)
01-02 00:58:14.917620   927   949 I RmcOemRequestHandler: requestQueryThermal success
01-02 00:58:14.919041   927   940 D RtcRilClientController: client 1001 handle requestComplete
01-02 00:58:14.919182   927   940 I RilOemClient: request for THERMAL returned
01-02 00:58:14.919367   927   940 I RilOemClient: mThermalFd is valid strResult is  2, 32767, -127, 20821, 32767, -20554
01-02 00:58:14.920416   927 21147 D RilOemClient: stream null here
01-02 00:58:14.921872   927 21148 I RilClient: start listen on fd: 11, soicket name: rild-oem
01-02 00:58:19.141501   927   945 I AT      : [0] AT< +ECSQ: 79,42,1,-166,-14,1,1,4,32767,1 (RIL_URC_READER, tid:523767977200)
01-02 00:58:19.143485   927   947 D RmcNwHdlr: [0] handleSignalStrength, sig1:99, sig2:-1, cdma_dbm:-1, cdma_ecio:-1, evdo_dbm:-1,evdo_ecio:-1, evdo_snr:-1, lte_sig:99, lte_rsrp:2147483647, lte_rsrq:2147483647, lte_rssnr:2147483647, lte_cqi:2147483647,lte_timing_advance:2147483647, td_scdma_rscp:41
01-02 00:58:19.146089  1421  1421 D MTKSST  : [CdmaLteSST0] old:{level:0, raw:SignalStrength: 99 -1 -120 -160 -120 -1 -1 99 2147483647 2147483647 2147483647 2147483647 0 -40 cdma}, new:{level:0, raw:SignalStrength: 99 -1 -120 -160 -120 -1 -1 99 2147483647 2147483647 2147483647 2147483647 0 -41 cdma}
01-02 00:58:24.262775   927   945 I AT      : [0] AT< +ECSQ: 79,42,1,-168,-13,1,1,4,32767,1 (RIL_URC_READER, tid:523767977200)
01-02 00:58:24.265218   927   947 D RmcNwHdlr: [0] handleSignalStrength, sig1:99, sig2:-1, cdma_dbm:-1, cdma_ecio:-1, evdo_dbm:-1,evdo_ecio:-1, evdo_snr:-1, lte_sig:99, lte_rsrp:2147483647, lte_rsrq:2147483647, lte_rssnr:2147483647, lte_cqi:2147483647,lte_timing_advance:2147483647, td_scdma_rscp:42
01-02 00:58:24.268212  1421  1421 D MTKSST  : [CdmaLteSST0] old:{level:0, raw:SignalStrength: 99 -1 -120 -160 -120 -1 -1 99 2147483647 2147483647 2147483647 2147483647 0 -41 cdma}, new:{level:0, raw:SignalStrength: 99 -1 -120 -160 -120 -1 -1 99 2147483647 2147483647 2147483647 2147483647 0 -42 cdma}
01-02 00:58:24.927387   927 21148 I RilClient: initialize: commandFd is 0
01-02 00:58:24.929297   927 21159 I RilOemClient: NUMBER:1
01-02 00:58:24.929620   927 21159 I RilOemClient: arg len:14
01-02 00:58:24.929761   927 21159 I RilOemClient: ARGS[0]:THERMAL,0,-1
01-02 00:58:24.929935   927 21159 I RilOemClient: executeThermal
01-02 00:58:24.930119   927 21159 D RilOemClient: Thermal line = THERMAL,0,-1
01-02 00:58:24.930119   927 21159 D RilOemClient: , cmd:THERMAL, slotId:0, targetSim: 0
01-02 00:58:24.930239   927 21159 I RilOemClient: arg : -1
01-02 00:58:24.932641   927   949 D RmcOemRequestHandler: [0] onHandleRequest: RFX_MSG_REQUEST_QUERY_MODEM_THERMAL(55019)
01-02 00:58:24.932805   927   949 I RmcOemRequestHandler: requestQueryThermal Enter: -1
01-02 00:58:24.932918   927   949 I AT      : [0] AT> AT+ETHERMAL (RIL_CMD_READER_1, tid:523765904624)
01-02 00:58:24.943596   927   948 I AT      : [0] AT< +ETHERMAL: 2, 32767, -127, 20821, 32767, -20554 (RIL_CMD_READER_1, tid:523772122352)
01-02 00:58:24.944509   927   948 I AT      : [0] AT< OK (RIL_CMD_READER_1, tid:523772122352)
01-02 00:58:24.944982   927   949 I RmcOemRequestHandler: requestQueryThermal success
01-02 00:58:24.946270   927   940 D RtcRilClientController: client 1001 handle requestComplete
01-02 00:58:24.946415   927   940 I RilOemClient: request for THERMAL returned
01-02 00:58:24.946515   927   940 I RilOemClient: mThermalFd is valid strResult is  2, 32767, -127, 20821, 32767, -20554
01-02 00:58:24.947830   927 21160 D RilOemClient: stream null here
01-02 00:58:24.949570   927 21161 I RilClient: start listen on fd: 11, soicket name: rild-oem
01-02 00:58:27.588133   577  1037 E RPC     : entry g_lowpower_mode
01-02 00:58:29.384905   927   945 I AT      : [0] AT< +ECSQ: 80,44,1,-163,-10,1,1,4,32767,1 (RIL_URC_READER, tid:523767977200)
01-02 00:58:29.386788   927   947 D RmcNwHdlr: [0] handleSignalStrength, sig1:99, sig2:-1, cdma_dbm:-1, cdma_ecio:-1, evdo_dbm:-1,evdo_ecio:-1, evdo_snr:-1, lte_sig:99, lte_rsrp:2147483647, lte_rsrq:2147483647, lte_rssnr:2147483647, lte_cqi:2147483647,lte_timing_advance:2147483647, td_scdma_rscp:40
01-02 00:58:29.389834  1421  1421 D MTKSST  : [CdmaLteSST0] old:{level:0, raw:SignalStrength: 99 -1 -120 -160 -120 -1 -1 99 2147483647 2147483647 2147483647 2147483647 0 -42 cdma}, new:{level:0, raw:SignalStrength: 99 -1 -120 -160 -120 -1 -1 99 2147483647 2147483647 2147483647 2147483647 0 -40 cdma}
01-02 00:58:34.506280   927   945 I AT      : [0] AT< +ECSQ: 79,43,1,-165,-11,1,1,4,32767,1 (RIL_URC_READER, tid:523767977200)
01-02 00:58:34.508246   927   947 D RmcNwHdlr: [0] handleSignalStrength, sig1:99, sig2:-1, cdma_dbm:-1, cdma_ecio:-1, evdo_dbm:-1,evdo_ecio:-1, evdo_snr:-1, lte_sig:99, lte_rsrp:2147483647, lte_rsrq:2147483647, lte_rssnr:2147483647, lte_cqi:2147483647,lte_timing_advance:2147483647, td_scdma_rscp:41
01-02 00:58:34.511078  1421  1421 D MTKSST  : [CdmaLteSST0] old:{level:0, raw:SignalStrength: 99 -1 -120 -160 -120 -1 -1 99 2147483647 2147483647 2147483647 2147483647 0 -40 cdma}, new:{level:0, raw:SignalStrength: 99 -1 -120 -160 -120 -1 -1 99 2147483647 2147483647 2147483647 2147483647 0 -41 cdma}
01-02 00:58:34.954638   927 21161 I RilClient: initialize: commandFd is 69
01-02 00:58:34.956661   927 21172 I RilOemClient: NUMBER:1
01-02 00:58:34.956995   927 21172 I RilOemClient: arg len:14
01-02 00:58:34.957137   927 21172 I RilOemClient: ARGS[0]:THERMAL,0,-1
01-02 00:58:34.957264   927 21172 I RilOemClient: executeThermal
01-02 00:58:34.957442   927 21172 D RilOemClient: Thermal line = THERMAL,0,-1
01-02 00:58:34.957442   927 21172 D RilOemClient: , cmd:THERMAL, slotId:0, targetSim: 0
01-02 00:58:34.957568   927 21172 I RilOemClient: arg : -1
01-02 00:58:34.960473   927   949 D RmcOemRequestHandler: [0] onHandleRequest: RFX_MSG_REQUEST_QUERY_MODEM_THERMAL(55019)
01-02 00:58:34.960652   927   949 I RmcOemRequestHandler: requestQueryThermal Enter: -1
01-02 00:58:34.960767   927   949 I AT      : [0] AT> AT+ETHERMAL (RIL_CMD_READER_1, tid:523765904624)
01-02 00:58:34.971767   927   948 I AT      : [0] AT< +ETHERMAL: 2, 32767, -127, 20821, 32767, -20554 (RIL_CMD_READER_1, tid:523772122352)
01-02 00:58:34.972589   927   948 I AT      : [0] AT< OK (RIL_CMD_READER_1, tid:523772122352)
01-02 00:58:34.973241   927   949 I RmcOemRequestHandler: requestQueryThermal success
01-02 00:58:34.974679   927   940 D RtcRilClientController: client 1001 handle requestComplete
01-02 00:58:34.974846   927   940 I RilOemClient: request for THERMAL returned
01-02 00:58:34.974950   927   940 I RilOemClient: mThermalFd is valid strResult is  2, 32767, -127, 20821, 32767, -20554
01-02 00:58:34.976238   927 21173 D RilOemClient: stream null here
01-02 00:58:34.977474   927 21174 I RilClient: start listen on fd: 11, soicket name: rild-oem
01-02 00:58:39.626448   927   945 I AT      : [0] AT< +ECSQ: 78,45,1,-172,-8,1,1,4,32767,1 (RIL_URC_READER, tid:523767977200)
01-02 00:58:39.628759   927   947 D RmcNwHdlr: [0] handleSignalStrength, sig1:99, sig2:-1, cdma_dbm:-1, cdma_ecio:-1, evdo_dbm:-1,evdo_ecio:-1, evdo_snr:-1, lte_sig:99, lte_rsrp:2147483647, lte_rsrq:2147483647, lte_rssnr:2147483647, lte_cqi:2147483647,lte_timing_advance:2147483647, td_scdma_rscp:43
01-02 00:58:39.631717  1421  1421 D MTKSST  : [CdmaLteSST0] old:{level:0, raw:SignalStrength: 99 -1 -120 -160 -120 -1 -1 99 2147483647 2147483647 2147483647 2147483647 0 -41 cdma}, new:{level:0, raw:SignalStrength: 99 -1 -120 -160 -120 -1 -1 99 2147483647 2147483647 2147483647 2147483647 0 -43 cdma}
01-02 00:58:44.737802   927   945 I AT      : [0] AT< +ECSQ: 81,43,1,-159,-11,1,1,4,32767,1 (RIL_URC_READER, tid:523767977200)
01-02 00:58:44.739828   927   947 D RmcNwHdlr: [0] handleSignalStrength, sig1:99, sig2:-1, cdma_dbm:-1, cdma_ecio:-1, evdo_dbm:-1,evdo_ecio:-1, evdo_snr:-1, lte_sig:99, lte_rsrp:2147483647, lte_rsrq:2147483647, lte_rssnr:2147483647, lte_cqi:2147483647,lte_timing_advance:2147483647, td_scdma_rscp:39
01-02 00:58:44.742792  1421  1421 D MTKSST  : [CdmaLteSST0] old:{level:0, raw:SignalStrength: 99 -1 -120 -160 -120 -1 -1 99 2147483647 2147483647 2147483647 2147483647 0 -43 cdma}, new:{level:0, raw:SignalStrength: 99 -1 -120 -160 -120 -1 -1 99 2147483647 2147483647 2147483647 2147483647 0 -39 cdma}
01-02 00:58:44.983141   927 21174 I RilClient: initialize: commandFd is 0
01-02 00:58:44.984739   927 21186 I RilOemClient: NUMBER:1
01-02 00:58:44.985068   927 21186 I RilOemClient: arg len:14
01-02 00:58:44.985208   927 21186 I RilOemClient: ARGS[0]:THERMAL,0,-1
01-02 00:58:44.985398   927 21186 I RilOemClient: executeThermal
01-02 00:58:44.985621   927 21186 D RilOemClient: Thermal line = THERMAL,0,-1
01-02 00:58:44.985621   927 21186 D RilOemClient: , cmd:THERMAL, slotId:0, targetSim: 0
01-02 00:58:44.985742   927 21186 I RilOemClient: arg : -1
01-02 00:58:44.988407   927   949 D RmcOemRequestHandler: [0] onHandleRequest: RFX_MSG_REQUEST_QUERY_MODEM_THERMAL(55019)
01-02 00:58:44.988599   927   949 I RmcOemRequestHandler: requestQueryThermal Enter: -1
01-02 00:58:44.988717   927   949 I AT      : [0] AT> AT+ETHERMAL (RIL_CMD_READER_1, tid:523765904624)
01-02 00:58:44.999666   927   948 I AT      : [0] AT< +ETHERMAL: 2, 32767, -127, 20821, 32767, -20554 (RIL_CMD_READER_1, tid:523772122352)
01-02 00:58:45.000471   927   948 I AT      : [0] AT< OK (RIL_CMD_READER_1, tid:523772122352)
01-02 00:58:45.000809   927   949 I RmcOemRequestHandler: requestQueryThermal success
01-02 00:58:45.001968   927   940 D RtcRilClientController: client 1001 handle requestComplete
01-02 00:58:45.002108   927   940 I RilOemClient: request for THERMAL returned
01-02 00:58:45.002208   927   940 I RilOemClient: mThermalFd is valid strResult is  2, 32767, -127, 20821, 32767, -20554
01-02 00:58:45.003682   927 21187 D RilOemClient: stream null here
01-02 00:58:45.005186   927 21188 I RilClient: start listen on fd: 11, soicket name: rild-oem
01-02 00:58:49.859784   927   945 I AT      : [0] AT< +ECSQ: 82,42,1,-154,-14,1,1,4,32767,1 (RIL_URC_READER, tid:523767977200)
01-02 00:58:49.862158   927   947 D RmcNwHdlr: [0] handleSignalStrength, sig1:99, sig2:-1, cdma_dbm:-1, cdma_ecio:-1, evdo_dbm:-1,evdo_ecio:-1, evdo_snr:-1, lte_sig:99, lte_rsrp:2147483647, lte_rsrq:2147483647, lte_rssnr:2147483647, lte_cqi:2147483647,lte_timing_advance:2147483647, td_scdma_rscp:38
01-02 00:58:49.864941  1421  1421 D MTKSST  : [CdmaLteSST0] old:{level:0, raw:SignalStrength: 99 -1 -120 -160 -120 -1 -1 99 2147483647 2147483647 2147483647 2147483647 0 -39 cdma}, new:{level:0, raw:SignalStrength: 99 -1 -120 -160 -120 -1 -1 99 2147483647 2147483647 2147483647 2147483647 0 -38 cdma}
01-02 00:58:53.285791  1421  1421 D RILJ    : [4149]> RIL_REQUEST_GET_ACTIVITY_INFO [SUB0]
01-02 00:58:53.288848   927   949 D RmcOemRequestHandler: [0] onHandleRequest: RFX_MSG_REQUEST_GET_ACTIVITY_INFO(55017)
01-02 00:58:53.289038   927   949 I AT      : [0] AT> AT+ERFTX=11 (RIL_CMD_READER_1, tid:523765904624)
01-02 00:58:53.318223   927   948 I AT      : [0] AT< +ERFTX: 11,5,0,0,0,0,0,3749,1755573,44427 (RIL_CMD_READER_1, tid:523772122352)
01-02 00:58:53.318972   927   948 I AT      : [0] AT< OK (RIL_CMD_READER_1, tid:523772122352)
01-02 00:58:53.319483   927   949 D RmcOemRequestHandler: requestGetActivityInfo Tx/Rx (5, 0, 0, 0, 0, 0, 3749, 1755573, 44427)
01-02 00:58:53.322259  1421  1755 D RILJ    : [4149]< RIL_REQUEST_GET_ACTIVITY_INFO ModemActivityInfo{ mTimestamp=64802098 mSleepTimeMs=1755573 mIdleTimeMs=44427 mTxTimeMs[]=[0, 0, 0, 0, 0] mRxTimeMs=3749 mEnergyUsed=0} [SUB0]
01-02 00:58:54.980478   927   945 I AT      : [0] AT< +ECSQ: 83,43,1,-150,-12,1,1,4,32767,1 (RIL_URC_READER, tid:523767977200)
01-02 00:58:54.982726   927   947 D RmcNwHdlr: [0] handleSignalStrength, sig1:99, sig2:-1, cdma_dbm:-1, cdma_ecio:-1, evdo_dbm:-1,evdo_ecio:-1, evdo_snr:-1, lte_sig:99, lte_rsrp:2147483647, lte_rsrq:2147483647, lte_rssnr:2147483647, lte_cqi:2147483647,lte_timing_advance:2147483647, td_scdma_rscp:37
01-02 00:58:54.986055  1421  1421 D MTKSST  : [CdmaLteSST0] old:{level:0, raw:SignalStrength: 99 -1 -120 -160 -120 -1 -1 99 2147483647 2147483647 2147483647 2147483647 0 -38 cdma}, new:{level:0, raw:SignalStrength: 99 -1 -120 -160 -120 -1 -1 99 2147483647 2147483647 2147483647 2147483647 0 -37 cdma}
01-02 00:58:55.010414   927 21188 I RilClient: initialize: commandFd is 69
01-02 00:58:55.012383   927 21199 I RilOemClient: NUMBER:1
01-02 00:58:55.012737   927 21199 I RilOemClient: arg len:14
01-02 00:58:55.012879   927 21199 I RilOemClient: ARGS[0]:THERMAL,0,-1
01-02 00:58:55.013074   927 21199 I RilOemClient: executeThermal
01-02 00:58:55.013326   927 21199 D RilOemClient: Thermal line = THERMAL,0,-1
01-02 00:58:55.013326   927 21199 D RilOemClient: , cmd:THERMAL, slotId:0, targetSim: 0
01-02 00:58:55.013446   927 21199 I RilOemClient: arg : -1
01-02 00:58:55.015885   927   949 D RmcOemRequestHandler: [0] onHandleRequest: RFX_MSG_REQUEST_QUERY_MODEM_THERMAL(55019)
01-02 00:58:55.016078   927   949 I RmcOemRequestHandler: requestQueryThermal Enter: -1
01-02 00:58:55.016201   927   949 I AT      : [0] AT> AT+ETHERMAL (RIL_CMD_READER_1, tid:523765904624)
01-02 00:58:55.026643   927   948 I AT      : [0] AT< +ETHERMAL: 2, 32767, -127, 20821, 32767, -20554 (RIL_CMD_READER_1, tid:523772122352)
01-02 00:58:55.027651   927   948 I AT      : [0] AT< OK (RIL_CMD_READER_1, tid:523772122352)
01-02 00:58:55.028000   927   949 I RmcOemRequestHandler: requestQueryThermal success
01-02 00:58:55.029370   927   940 D RtcRilClientController: client 1001 handle requestComplete
01-02 00:58:55.029519   927   940 I RilOemClient: request for THERMAL returned
01-02 00:58:55.029622   927   940 I RilOemClient: mThermalFd is valid strResult is  2, 32767, -127, 20821, 32767, -20554
01-02 00:58:55.031426   927 21200 D RilOemClient: stream null here
01-02 00:58:55.032733   927 21201 I RilClient: start listen on fd: 11, soicket name: rild-oem
01-02 00:59:00.099873   927   945 I AT      : [0] AT< +ECSQ: 84,41,1,-147,-15,1,1,4,32767,1 (RIL_URC_READER, tid:523767977200)
01-02 00:59:00.100984   927   947 D RmcNwHdlr: [0] handleSignalStrength, sig1:99, sig2:-1, cdma_dbm:-1, cdma_ecio:-1, evdo_dbm:-1,evdo_ecio:-1, evdo_snr:-1, lte_sig:99, lte_rsrp:2147483647, lte_rsrq:2147483647, lte_rssnr:2147483647, lte_cqi:2147483647,lte_timing_advance:2147483647, td_scdma_rscp:36
01-02 00:59:00.102749  1421  1421 D MTKSST  : [CdmaLteSST0] old:{level:0, raw:SignalStrength: 99 -1 -120 -160 -120 -1 -1 99 2147483647 2147483647 2147483647 2147483647 0 -37 cdma}, new:{level:0, raw:SignalStrength: 99 -1 -120 -160 -120 -1 -1 99 2147483647 2147483647 2147483647 2147483647 0 -36 cdma}
01-02 00:59:05.036662   927 21201 I RilClient: initialize: commandFd is 0
01-02 00:59:05.037688   927 21212 I RilOemClient: NUMBER:1
01-02 00:59:05.038033   927 21212 I RilOemClient: arg len:14
01-02 00:59:05.038178   927 21212 I RilOemClient: ARGS[0]:THERMAL,0,-1
01-02 00:59:05.038358   927 21212 I RilOemClient: executeThermal
01-02 00:59:05.038565   927 21212 D RilOemClient: Thermal line = THERMAL,0,-1
01-02 00:59:05.038565   927 21212 D RilOemClient: , cmd:THERMAL, slotId:0, targetSim: 0
01-02 00:59:05.038693   927 21212 I RilOemClient: arg : -1
01-02 00:59:05.041577   927   949 D RmcOemRequestHandler: [0] onHandleRequest: RFX_MSG_REQUEST_QUERY_MODEM_THERMAL(55019)
01-02 00:59:05.041777   927   949 I RmcOemRequestHandler: requestQueryThermal Enter: -1
01-02 00:59:05.041897   927   949 I AT      : [0] AT> AT+ETHERMAL (RIL_CMD_READER_1, tid:523765904624)
01-02 00:59:05.052978   927   948 I AT      : [0] AT< +ETHERMAL: 2, 32767, -127, 20821, 32767, -20554 (RIL_CMD_READER_1, tid:523772122352)
01-02 00:59:05.054215   927   948 I AT      : [0] AT< OK (RIL_CMD_READER_1, tid:523772122352)
01-02 00:59:05.054619   927   949 I RmcOemRequestHandler: requestQueryThermal success
01-02 00:59:05.056101   927   940 D RtcRilClientController: client 1001 handle requestComplete
01-02 00:59:05.056309   927   940 I RilOemClient: request for THERMAL returned
01-02 00:59:05.056419   927   940 I RilOemClient: mThermalFd is valid strResult is  2, 32767, -127, 20821, 32767, -20554
01-02 00:59:05.057953   927 21213 D RilOemClient: stream null here
01-02 00:59:05.060281   927 21214 I RilClient: start listen on fd: 11, soicket name: rild-oem
01-02 00:59:05.238438   927   945 I AT      : [0] AT< +ECSQ: 84,42,1,-145,-14,1,1,4,32767,1 (RIL_URC_READER, tid:523767977200)
01-02 00:59:10.344279   927   945 I AT      : [0] AT< +ECSQ: 84,43,1,-145,-12,1,1,4,32767,1 (RIL_URC_READER, tid:523767977200)
01-02 00:59:13.947723   577  1084 E RPC     : entry g_lowpower_mode
01-02 00:59:15.064570   927 21214 I RilClient: initialize: commandFd is 69
01-02 00:59:15.066276   927 21224 I RilOemClient: NUMBER:1
01-02 00:59:15.066625   927 21224 I RilOemClient: arg len:14
01-02 00:59:15.066766   927 21224 I RilOemClient: ARGS[0]:THERMAL,0,-1
01-02 00:59:15.066946   927 21224 I RilOemClient: executeThermal
01-02 00:59:15.067188   927 21224 D RilOemClient: Thermal line = THERMAL,0,-1
01-02 00:59:15.067188   927 21224 D RilOemClient: , cmd:THERMAL, slotId:0, targetSim: 0
01-02 00:59:15.067410   927 21224 I RilOemClient: arg : -1
01-02 00:59:15.069800   927   949 D RmcOemRequestHandler: [0] onHandleRequest: RFX_MSG_REQUEST_QUERY_MODEM_THERMAL(55019)
01-02 00:59:15.070000   927   949 I RmcOemRequestHandler: requestQueryThermal Enter: -1
01-02 00:59:15.070124   927   949 I AT      : [0] AT> AT+ETHERMAL (RIL_CMD_READER_1, tid:523765904624)
01-02 00:59:15.081193   927   948 I AT      : [0] AT< +ETHERMAL: 2, 32767, -127, 20821, 32767, -20554 (RIL_CMD_READER_1, tid:523772122352)
01-02 00:59:15.081815   927   948 I AT      : [0] AT< OK (RIL_CMD_READER_1, tid:523772122352)
01-02 00:59:15.082236   927   949 I RmcOemRequestHandler: requestQueryThermal success
01-02 00:59:15.083436   927   940 D RtcRilClientController: client 1001 handle requestComplete
01-02 00:59:15.083581   927   940 I RilOemClient: request for THERMAL returned
01-02 00:59:15.083686   927   940 I RilOemClient: mThermalFd is valid strResult is  2, 32767, -127, 20821, 32767, -20554
01-02 00:59:15.084801   927 21225 D RilOemClient: stream null here
01-02 00:59:15.086142   927 21226 I RilClient: start listen on fd: 11, soicket name: rild-oem
01-02 00:59:15.465468   927   945 I AT      : [0] AT< +ECSQ: 84,43,1,-148,-12,1,1,4,32767,1 (RIL_URC_READER, tid:523767977200)
01-02 00:59:15.467454   927   947 D RmcNwHdlr: [0] handleSignalStrength, sig1:99, sig2:-1, cdma_dbm:-1, cdma_ecio:-1, evdo_dbm:-1,evdo_ecio:-1, evdo_snr:-1, lte_sig:99, lte_rsrp:2147483647, lte_rsrq:2147483647, lte_rssnr:2147483647, lte_cqi:2147483647,lte_timing_advance:2147483647, td_scdma_rscp:37
01-02 00:59:15.470307  1421  1421 D MTKSST  : [CdmaLteSST0] old:{level:0, raw:SignalStrength: 99 -1 -120 -160 -120 -1 -1 99 2147483647 2147483647 2147483647 2147483647 0 -36 cdma}, new:{level:0, raw:SignalStrength: 99 -1 -120 -160 -120 -1 -1 99 2147483647 2147483647 2147483647 2147483647 0 -37 cdma}
01-02 00:59:20.586128   927   945 I AT      : [0] AT< +ECSQ: 84,44,1,-146,-10,1,1,4,32767,1 (RIL_URC_READER, tid:523767977200)
01-02 00:59:20.588252   927   947 D RmcNwHdlr: [0] handleSignalStrength, sig1:99, sig2:-1, cdma_dbm:-1, cdma_ecio:-1, evdo_dbm:-1,evdo_ecio:-1, evdo_snr:-1, lte_sig:99, lte_rsrp:2147483647, lte_rsrq:2147483647, lte_rssnr:2147483647, lte_cqi:2147483647,lte_timing_advance:2147483647, td_scdma_rscp:36
01-02 00:59:20.591659  1421  1421 D MTKSST  : [CdmaLteSST0] old:{level:0, raw:SignalStrength: 99 -1 -120 -160 -120 -1 -1 99 2147483647 2147483647 2147483647 2147483647 0 -37 cdma}, new:{level:0, raw:SignalStrength: 99 -1 -120 -160 -120 -1 -1 99 2147483647 2147483647 2147483647 2147483647 0 -36 cdma}
01-02 00:59:25.088365   927 21226 I RilClient: initialize: commandFd is 0
01-02 00:59:25.091510   927 21237 I RilOemClient: NUMBER:1
01-02 00:59:25.091882   927 21237 I RilOemClient: arg len:14
01-02 00:59:25.092032   927 21237 I RilOemClient: ARGS[0]:THERMAL,0,-1
01-02 00:59:25.092272   927 21237 I RilOemClient: executeThermal
01-02 00:59:25.092523   927 21237 D RilOemClient: Thermal line = THERMAL,0,-1
01-02 00:59:25.092523   927 21237 D RilOemClient: , cmd:THERMAL, slotId:0, targetSim: 0
01-02 00:59:25.092614   927 21237 I RilOemClient: arg : -1
01-02 00:59:25.095425   927   949 D RmcOemRequestHandler: [0] onHandleRequest: RFX_MSG_REQUEST_QUERY_MODEM_THERMAL(55019)
01-02 00:59:25.095623   927   949 I RmcOemRequestHandler: requestQueryThermal Enter: -1
01-02 00:59:25.095742   927   949 I AT      : [0] AT> AT+ETHERMAL (RIL_CMD_READER_1, tid:523765904624)
01-02 00:59:25.107152   927   948 I AT      : [0] AT< +ETHERMAL: 2, 32767, -127, 20821, 32767, -20554 (RIL_CMD_READER_1, tid:523772122352)
01-02 00:59:25.108061   927   948 I AT      : [0] AT< OK (RIL_CMD_READER_1, tid:523772122352)
01-02 00:59:25.108561   927   949 I RmcOemRequestHandler: requestQueryThermal success
01-02 00:59:25.109699   927   940 D RtcRilClientController: client 1001 handle requestComplete
01-02 00:59:25.109846   927   940 I RilOemClient: request for THERMAL returned
01-02 00:59:25.109947   927   940 I RilOemClient: mThermalFd is valid strResult is  2, 32767, -127, 20821, 32767, -20554
01-02 00:59:25.111186   927 21238 D RilOemClient: stream null here
01-02 00:59:25.112680   927 21239 I RilClient: start listen on fd: 11, soicket name: rild-oem
01-02 00:59:25.698693   927   945 I AT      : [0] AT< +ECSQ: 83,42,1,-151,-14,1,1,4,32767,1 (RIL_URC_READER, tid:523767977200)
01-02 00:59:25.700855   927   947 D RmcNwHdlr: [0] handleSignalStrength, sig1:99, sig2:-1, cdma_dbm:-1, cdma_ecio:-1, evdo_dbm:-1,evdo_ecio:-1, evdo_snr:-1, lte_sig:99, lte_rsrp:2147483647, lte_rsrq:2147483647, lte_rssnr:2147483647, lte_cqi:2147483647,lte_timing_advance:2147483647, td_scdma_rscp:37
01-02 00:59:25.704340  1421  1421 D MTKSST  : [CdmaLteSST0] old:{level:0, raw:SignalStrength: 99 -1 -120 -160 -120 -1 -1 99 2147483647 2147483647 2147483647 2147483647 0 -36 cdma}, new:{level:0, raw:SignalStrength: 99 -1 -120 -160 -120 -1 -1 99 2147483647 2147483647 2147483647 2147483647 0 -37 cdma}
01-02 00:59:27.640327   577  1037 E RPC     : entry g_lowpower_mode
01-02 00:59:30.818743   927   945 I AT      : [0] AT< +ECSQ: 83,42,1,-150,-13,1,1,4,32767,1 (RIL_URC_READER, tid:523767977200)
01-02 00:59:35.117964   927 21239 I RilClient: initialize: commandFd is 69
01-02 00:59:35.120050   927 21251 I RilOemClient: NUMBER:1
01-02 00:59:35.120388   927 21251 I RilOemClient: arg len:14
01-02 00:59:35.120530   927 21251 I RilOemClient: ARGS[0]:THERMAL,0,-1
01-02 00:59:35.120702   927 21251 I RilOemClient: executeThermal
01-02 00:59:35.120934   927 21251 D RilOemClient: Thermal line = THERMAL,0,-1
01-02 00:59:35.120934   927 21251 D RilOemClient: , cmd:THERMAL, slotId:0, targetSim: 0
01-02 00:59:35.121056   927 21251 I RilOemClient: arg : -1
01-02 00:59:35.123404   927   949 D RmcOemRequestHandler: [0] onHandleRequest: RFX_MSG_REQUEST_QUERY_MODEM_THERMAL(55019)
01-02 00:59:35.123583   927   949 I RmcOemRequestHandler: requestQueryThermal Enter: -1
01-02 00:59:35.123700   927   949 I AT      : [0] AT> AT+ETHERMAL (RIL_CMD_READER_1, tid:523765904624)
01-02 00:59:35.134271   927   948 I AT      : [0] AT< +ETHERMAL: 2, 32767, -127, 20821, 32767, -20554 (RIL_CMD_READER_1, tid:523772122352)
01-02 00:59:35.135082   927   948 I AT      : [0] AT< OK (RIL_CMD_READER_1, tid:523772122352)
01-02 00:59:35.135444   927   949 I RmcOemRequestHandler: requestQueryThermal success
01-02 00:59:35.136545   927   940 D RtcRilClientController: client 1001 handle requestComplete
01-02 00:59:35.136684   927   940 I RilOemClient: request for THERMAL returned
01-02 00:59:35.136784   927   940 I RilOemClient: mThermalFd is valid strResult is  2, 32767, -127, 20821, 32767, -20554
01-02 00:59:35.137858   927 21252 D RilOemClient: stream null here
01-02 00:59:35.139107   927 21254 I RilClient: start listen on fd: 11, soicket name: rild-oem
01-02 00:59:35.940755   927   945 I AT      : [0] AT< +ECSQ: 83,43,1,-150,-12,1,1,4,32767,1 (RIL_URC_READER, tid:523767977200)
01-02 00:59:41.061336   927   945 I AT      : [0] AT< +ECSQ: 83,43,1,-152,-12,1,1,4,32767,1 (RIL_URC_READER, tid:523767977200)
01-02 00:59:41.063191   927   947 D RmcNwHdlr: [0] handleSignalStrength, sig1:99, sig2:-1, cdma_dbm:-1, cdma_ecio:-1, evdo_dbm:-1,evdo_ecio:-1, evdo_snr:-1, lte_sig:99, lte_rsrp:2147483647, lte_rsrq:2147483647, lte_rssnr:2147483647, lte_cqi:2147483647,lte_timing_advance:2147483647, td_scdma_rscp:38
01-02 00:59:41.066258  1421  1421 D MTKSST  : [CdmaLteSST0] old:{level:0, raw:SignalStrength: 99 -1 -120 -160 -120 -1 -1 99 2147483647 2147483647 2147483647 2147483647 0 -37 cdma}, new:{level:0, raw:SignalStrength: 99 -1 -120 -160 -120 -1 -1 99 2147483647 2147483647 2147483647 2147483647 0 -38 cdma}
01-02 00:59:45.144817   927 21254 I RilClient: initialize: commandFd is 0
01-02 00:59:45.146311   927 21267 I RilOemClient: NUMBER:1
01-02 00:59:45.146637   927 21267 I RilOemClient: arg len:14
01-02 00:59:45.146782   927 21267 I RilOemClient: ARGS[0]:THERMAL,0,-1
01-02 00:59:45.146969   927 21267 I RilOemClient: executeThermal
01-02 00:59:45.147203   927 21267 D RilOemClient: Thermal line = THERMAL,0,-1
