01-02 01:03:15.726239   927   949 I AT      : [0] AT> AT+ETHERMAL (RIL_CMD_READER_1, tid:523765904624)
01-02 01:03:15.737205   927   948 I AT      : [0] AT< +ETHERMAL: 2, 32767, -127, 20821, 32767, -20554 (RIL_CMD_READER_1, tid:523772122352)
01-02 01:03:15.737853   927   948 I AT      : [0] AT< OK (RIL_CMD_READER_1, tid:523772122352)
01-02 01:03:15.738219   927   949 I RmcOemRequestHandler: requestQueryThermal success
01-02 01:03:15.739409   927   940 D RtcRilClientController: client 1001 handle requestComplete
01-02 01:03:15.739551   927   940 I RilOemClient: request for THERMAL returned
01-02 01:03:15.739652   927   940 I RilOemClient: mThermalFd is valid strResult is  2, 32767, -127, 20821, 32767, -20554
01-02 01:03:15.740927   927 21561 D RilOemClient: stream null here
01-02 01:03:15.742063   927 21562 I RilClient: start listen on fd: 11, soicket name: rild-oem
01-02 01:03:16.103457   927   945 I AT      : [0] AT< +ECSQ: 79,43,1,-165,-12,1,1,4,32767,1 (RIL_URC_READER, tid:523767977200)
01-02 01:03:21.225009   927   945 I AT      : [0] AT< +ECSQ: 79,43,1,-167,-12,1,1,4,32767,1 (RIL_URC_READER, tid:523767977200)
01-02 01:03:25.745238   927 21562 I RilClient: initialize: commandFd is 0
01-02 01:03:25.747490   927 21575 I RilOemClient: NUMBER:1
01-02 01:03:25.747852   927 21575 I RilOemClient: arg len:14
01-02 01:03:25.747994   927 21575 I RilOemClient: ARGS[0]:THERMAL,0,-1
01-02 01:03:25.748180   927 21575 I RilOemClient: executeThermal
01-02 01:03:25.748409   927 21575 D RilOemClient: Thermal line = THERMAL,0,-1
01-02 01:03:25.748409   927 21575 D RilOemClient: , cmd:THERMAL, slotId:0, targetSim: 0
01-02 01:03:25.748497   927 21575 I RilOemClient: arg : -1
01-02 01:03:25.751028   927   949 D RmcOemRequestHandler: [0] onHandleRequest: RFX_MSG_REQUEST_QUERY_MODEM_THERMAL(55019)
01-02 01:03:25.751197   927   949 I RmcOemRequestHandler: requestQueryThermal Enter: -1
01-02 01:03:25.751407   927   949 I AT      : [0] AT> AT+ETHERMAL (RIL_CMD_READER_1, tid:523765904624)
01-02 01:03:25.762754   927   948 I AT      : [0] AT< +ETHERMAL: 2, 32767, -127, 20821, 32767, -20554 (RIL_CMD_READER_1, tid:523772122352)
01-02 01:03:25.763965   927   948 I AT      : [0] AT< OK (RIL_CMD_READER_1, tid:523772122352)
01-02 01:03:25.764313   927   949 I RmcOemRequestHandler: requestQueryThermal success
01-02 01:03:25.765731   927   940 D RtcRilClientController: client 1001 handle requestComplete
01-02 01:03:25.765874   927   940 I RilOemClient: request for THERMAL returned
01-02 01:03:25.765975   927   940 I RilOemClient: mThermalFd is valid strResult is  2, 32767, -127, 20821, 32767, -20554
01-02 01:03:25.767999   927 21576 D RilOemClient: stream null here
01-02 01:03:25.769509   927 21577 I RilClient: start listen on fd: 11, soicket name: rild-oem
01-02 01:03:26.346486   927   945 I AT      : [0] AT< +ECSQ: 79,43,1,-165,-12,1,1,4,32767,1 (RIL_URC_READER, tid:523767977200)
01-02 01:03:27.797527   577  1037 E RPC     : entry g_lowpower_mode
01-02 01:03:31.458142   927   945 I AT      : [0] AT< +ECSQ: 80,43,1,-163,-12,1,1,4,32767,1 (RIL_URC_READER, tid:523767977200)
01-02 01:03:31.460634   927   947 D RmcNwHdlr: [0] handleSignalStrength, sig1:99, sig2:-1, cdma_dbm:-1, cdma_ecio:-1, evdo_dbm:-1,evdo_ecio:-1, evdo_snr:-1, lte_sig:99, lte_rsrp:2147483647, lte_rsrq:2147483647, lte_rssnr:2147483647, lte_cqi:2147483647,lte_timing_advance:2147483647, td_scdma_rscp:40
01-02 01:03:31.463113  1421  1421 D MTKSST  : [CdmaLteSST0] old:{level:0, raw:SignalStrength: 99 -1 -120 -160 -120 -1 -1 99 2147483647 2147483647 2147483647 2147483647 0 -41 cdma}, new:{level:0, raw:SignalStrength: 99 -1 -120 -160 -120 -1 -1 99 2147483647 2147483647 2147483647 2147483647 0 -40 cdma}
01-02 01:03:35.775114   927 21577 I RilClient: initialize: commandFd is 69
01-02 01:03:35.776845   927 21588 I RilOemClient: NUMBER:1
01-02 01:03:35.777200   927 21588 I RilOemClient: arg len:14
01-02 01:03:35.777343   927 21588 I RilOemClient: ARGS[0]:THERMAL,0,-1
01-02 01:03:35.777483   927 21588 I RilOemClient: executeThermal
01-02 01:03:35.777669   927 21588 D RilOemClient: Thermal line = THERMAL,0,-1
01-02 01:03:35.777669   927 21588 D RilOemClient: , cmd:THERMAL, slotId:0, targetSim: 0
01-02 01:03:35.777752   927 21588 I RilOemClient: arg : -1
01-02 01:03:35.780238   927   949 D RmcOemRequestHandler: [0] onHandleRequest: RFX_MSG_REQUEST_QUERY_MODEM_THERMAL(55019)
01-02 01:03:35.780415   927   949 I RmcOemRequestHandler: requestQueryThermal Enter: -1
01-02 01:03:35.780535   927   949 I AT      : [0] AT> AT+ETHERMAL (RIL_CMD_READER_1, tid:523765904624)
01-02 01:03:35.791207   927   948 I AT      : [0] AT< +ETHERMAL: 2, 32767, -127, 20821, 32767, -20554 (RIL_CMD_READER_1, tid:523772122352)
01-02 01:03:35.792509   927   948 I AT      : [0] AT< OK (RIL_CMD_READER_1, tid:523772122352)
01-02 01:03:35.793054   927   949 I RmcOemRequestHandler: requestQueryThermal success
01-02 01:03:35.794369   927   940 D RtcRilClientController: client 1001 handle requestComplete
01-02 01:03:35.794507   927   940 I RilOemClient: request for THERMAL returned
01-02 01:03:35.794607   927   940 I RilOemClient: mThermalFd is valid strResult is  2, 32767, -127, 20821, 32767, -20554
01-02 01:03:35.796043   927 21589 D RilOemClient: stream null here
01-02 01:03:35.797509   927 21590 I RilClient: start listen on fd: 11, soicket name: rild-oem
01-02 01:03:36.578808   927   945 I AT      : [0] AT< +ECSQ: 80,43,1,-161,-12,1,1,4,32767,1 (RIL_URC_READER, tid:523767977200)
01-02 01:03:41.700569   927   945 I AT      : [0] AT< +ECSQ: 81,42,1,-160,-13,1,1,4,32767,1 (RIL_URC_READER, tid:523767977200)
01-02 01:03:45.803538   927 21590 I RilClient: initialize: commandFd is 0
01-02 01:03:45.805501   927 21610 I RilOemClient: NUMBER:1
01-02 01:03:45.805842   927 21610 I RilOemClient: arg len:14
01-02 01:03:45.805987   927 21610 I RilOemClient: ARGS[0]:THERMAL,0,-1
01-02 01:03:45.806183   927 21610 I RilOemClient: executeThermal
01-02 01:03:45.806426   927 21610 D RilOemClient: Thermal line = THERMAL,0,-1
01-02 01:03:45.806426   927 21610 D RilOemClient: , cmd:THERMAL, slotId:0, targetSim: 0
01-02 01:03:45.806547   927 21610 I RilOemClient: arg : -1
01-02 01:03:45.808982   927   949 D RmcOemRequestHandler: [0] onHandleRequest: RFX_MSG_REQUEST_QUERY_MODEM_THERMAL(55019)
01-02 01:03:45.809156   927   949 I RmcOemRequestHandler: requestQueryThermal Enter: -1
01-02 01:03:45.809274   927   949 I AT      : [0] AT> AT+ETHERMAL (RIL_CMD_READER_1, tid:523765904624)
01-02 01:03:45.820244   927   948 I AT      : [0] AT< +ETHERMAL: 2, 32767, -127, 20821, 32767, -20554 (RIL_CMD_READER_1, tid:523772122352)
01-02 01:03:45.821046   927   948 I AT      : [0] AT< OK (RIL_CMD_READER_1, tid:523772122352)
01-02 01:03:45.821668   927   949 I RmcOemRequestHandler: requestQueryThermal success
01-02 01:03:45.823382   927   940 D RtcRilClientController: client 1001 handle requestComplete
01-02 01:03:45.823545   927   940 I RilOemClient: request for THERMAL returned
01-02 01:03:45.823650   927   940 I RilOemClient: mThermalFd is valid strResult is  2, 32767, -127, 20821, 32767, -20554
01-02 01:03:45.825530   927 21611 D RilOemClient: stream null here
01-02 01:03:45.827012   927 21612 I RilClient: start listen on fd: 11, soicket name: rild-oem
01-02 01:03:46.821393   927   945 I AT      : [0] AT< +ECSQ: 81,42,1,-157,-13,1,1,4,32767,1 (RIL_URC_READER, tid:523767977200)
01-02 01:03:46.823618   927   947 D RmcNwHdlr: [0] handleSignalStrength, sig1:99, sig2:-1, cdma_dbm:-1, cdma_ecio:-1, evdo_dbm:-1,evdo_ecio:-1, evdo_snr:-1, lte_sig:99, lte_rsrp:2147483647, lte_rsrq:2147483647, lte_rssnr:2147483647, lte_cqi:2147483647,lte_timing_advance:2147483647, td_scdma_rscp:39
01-02 01:03:46.826605  1421  1421 D MTKSST  : [CdmaLteSST0] old:{level:0, raw:SignalStrength: 99 -1 -120 -160 -120 -1 -1 99 2147483647 2147483647 2147483647 2147483647 0 -40 cdma}, new:{level:0, raw:SignalStrength: 99 -1 -120 -160 -120 -1 -1 99 2147483647 2147483647 2147483647 2147483647 0 -39 cdma}
01-02 01:03:51.942820   927   945 I AT      : [0] AT< +ECSQ: 82,42,1,-156,-13,1,1,4,32767,1 (RIL_URC_READER, tid:523767977200)
01-02 01:03:55.831846   927 21612 I RilClient: initialize: commandFd is 69
01-02 01:03:55.833686   927 21623 I RilOemClient: NUMBER:1
01-02 01:03:55.834025   927 21623 I RilOemClient: arg len:14
01-02 01:03:55.834172   927 21623 I RilOemClient: ARGS[0]:THERMAL,0,-1
01-02 01:03:55.834365   927 21623 I RilOemClient: executeThermal
01-02 01:03:55.834598   927 21623 D RilOemClient: Thermal line = THERMAL,0,-1
01-02 01:03:55.834598   927 21623 D RilOemClient: , cmd:THERMAL, slotId:0, targetSim: 0
01-02 01:03:55.834719   927 21623 I RilOemClient: arg : -1
01-02 01:03:55.837158   927   949 D RmcOemRequestHandler: [0] onHandleRequest: RFX_MSG_REQUEST_QUERY_MODEM_THERMAL(55019)
01-02 01:03:55.837332   927   949 I RmcOemRequestHandler: requestQueryThermal Enter: -1
01-02 01:03:55.837449   927   949 I AT      : [0] AT> AT+ETHERMAL (RIL_CMD_READER_1, tid:523765904624)
01-02 01:03:55.848567   927   948 I AT      : [0] AT< +ETHERMAL: 2, 32767, -127, 20821, 32767, -20554 (RIL_CMD_READER_1, tid:523772122352)
01-02 01:03:55.849345   927   948 I AT      : [0] AT< OK (RIL_CMD_READER_1, tid:523772122352)
01-02 01:03:55.849679   927   949 I RmcOemRequestHandler: requestQueryThermal success
01-02 01:03:55.850822   927   940 D RtcRilClientController: client 1001 handle requestComplete
01-02 01:03:55.850962   927   940 I RilOemClient: request for THERMAL returned
01-02 01:03:55.851064   927   940 I RilOemClient: mThermalFd is valid strResult is  2, 32767, -127, 20821, 32767, -20554
01-02 01:03:55.852688   927 21624 D RilOemClient: stream null here
01-02 01:03:55.853896   927 21625 I RilClient: start listen on fd: 11, soicket name: rild-oem
01-02 01:03:57.062950   927   945 I AT      : [0] AT< +ECSQ: 81,42,1,-160,-13,1,1,4,32767,1 (RIL_URC_READER, tid:523767977200)
01-02 01:03:57.064994   927   947 D RmcNwHdlr: [0] handleSignalStrength, sig1:99, sig2:-1, cdma_dbm:-1, cdma_ecio:-1, evdo_dbm:-1,evdo_ecio:-1, evdo_snr:-1, lte_sig:99, lte_rsrp:2147483647, lte_rsrq:2147483647, lte_rssnr:2147483647, lte_cqi:2147483647,lte_timing_advance:2147483647, td_scdma_rscp:40
01-02 01:03:57.067928  1421  1421 D MTKSST  : [CdmaLteSST0] old:{level:0, raw:SignalStrength: 99 -1 -120 -160 -120 -1 -1 99 2147483647 2147483647 2147483647 2147483647 0 -39 cdma}, new:{level:0, raw:SignalStrength: 99 -1 -120 -160 -120 -1 -1 99 2147483647 2147483647 2147483647 2147483647 0 -40 cdma}
01-02 01:04:02.184133   927   945 I AT      : [0] AT< +ECSQ: 79,43,1,-165,-11,1,1,4,32767,1 (RIL_URC_READER, tid:523767977200)
01-02 01:04:02.186198   927   947 D RmcNwHdlr: [0] handleSignalStrength, sig1:99, sig2:-1, cdma_dbm:-1, cdma_ecio:-1, evdo_dbm:-1,evdo_ecio:-1, evdo_snr:-1, lte_sig:99, lte_rsrp:2147483647, lte_rsrq:2147483647, lte_rssnr:2147483647, lte_cqi:2147483647,lte_timing_advance:2147483647, td_scdma_rscp:41
01-02 01:04:02.188866  1421  1421 D MTKSST  : [CdmaLteSST0] old:{level:0, raw:SignalStrength: 99 -1 -120 -160 -120 -1 -1 99 2147483647 2147483647 2147483647 2147483647 0 -40 cdma}, new:{level:0, raw:SignalStrength: 99 -1 -120 -160 -120 -1 -1 99 2147483647 2147483647 2147483647 2147483647 0 -41 cdma}
01-02 01:04:05.859523   927 21625 I RilClient: initialize: commandFd is 0
01-02 01:04:05.861517   927 21637 I RilOemClient: NUMBER:1
01-02 01:04:05.861856   927 21637 I RilOemClient: arg len:14
01-02 01:04:05.862000   927 21637 I RilOemClient: ARGS[0]:THERMAL,0,-1
01-02 01:04:05.862133   927 21637 I RilOemClient: executeThermal
01-02 01:04:05.862320   927 21637 D RilOemClient: Thermal line = THERMAL,0,-1
01-02 01:04:05.862320   927 21637 D RilOemClient: , cmd:THERMAL, slotId:0, targetSim: 0
01-02 01:04:05.862483   927 21637 I RilOemClient: arg : -1
01-02 01:04:05.865214   927   949 D RmcOemRequestHandler: [0] onHandleRequest: RFX_MSG_REQUEST_QUERY_MODEM_THERMAL(55019)
01-02 01:04:05.865379   927   949 I RmcOemRequestHandler: requestQueryThermal Enter: -1
01-02 01:04:05.865495   927   949 I AT      : [0] AT> AT+ETHERMAL (RIL_CMD_READER_1, tid:523765904624)
01-02 01:04:05.876577   927   948 I AT      : [0] AT< +ETHERMAL: 2, 32767, -127, 20821, 32767, -20554 (RIL_CMD_READER_1, tid:523772122352)
01-02 01:04:05.877410   927   948 I AT      : [0] AT< OK (RIL_CMD_READER_1, tid:523772122352)
01-02 01:04:05.877749   927   949 I RmcOemRequestHandler: requestQueryThermal success
01-02 01:04:05.878869   927   940 D RtcRilClientController: client 1001 handle requestComplete
01-02 01:04:05.878973   927   940 I RilOemClient: request for THERMAL returned
01-02 01:04:05.879069   927   940 I RilOemClient: mThermalFd is valid strResult is  2, 32767, -127, 20821, 32767, -20554
01-02 01:04:05.880308   927 21638 D RilOemClient: stream null here
01-02 01:04:05.881588   927 21639 I RilClient: start listen on fd: 11, soicket name: rild-oem
01-02 01:04:07.306322   927   945 I AT      : [0] AT< +ECSQ: 79,43,1,-168,-11,1,1,4,32767,1 (RIL_URC_READER, tid:523767977200)
01-02 01:04:07.308639   927   947 D RmcNwHdlr: [0] handleSignalStrength, sig1:99, sig2:-1, cdma_dbm:-1, cdma_ecio:-1, evdo_dbm:-1,evdo_ecio:-1, evdo_snr:-1, lte_sig:99, lte_rsrp:2147483647, lte_rsrq:2147483647, lte_rssnr:2147483647, lte_cqi:2147483647,lte_timing_advance:2147483647, td_scdma_rscp:42
01-02 01:04:07.311779  1421  1421 D MTKSST  : [CdmaLteSST0] old:{level:0, raw:SignalStrength: 99 -1 -120 -160 -120 -1 -1 99 2147483647 2147483647 2147483647 2147483647 0 -41 cdma}, new:{level:0, raw:SignalStrength: 99 -1 -120 -160 -120 -1 -1 99 2147483647 2147483647 2147483647 2147483647 0 -42 cdma}
01-02 01:04:12.418452   927   945 I AT      : [0] AT< +ECSQ: 78,42,1,-169,-14,1,1,4,32767,1 (RIL_URC_READER, tid:523767977200)
01-02 01:04:14.144386   577  1084 E RPC     : entry g_lowpower_mode
01-02 01:04:15.887457   927 21639 I RilClient: initialize: commandFd is 69
01-02 01:04:15.889087   927 21651 I RilOemClient: NUMBER:1
01-02 01:04:15.889412   927 21651 I RilOemClient: arg len:14
01-02 01:04:15.889556   927 21651 I RilOemClient: ARGS[0]:THERMAL,0,-1
01-02 01:04:15.889738   927 21651 I RilOemClient: executeThermal
01-02 01:04:15.889977   927 21651 D RilOemClient: Thermal line = THERMAL,0,-1
01-02 01:04:15.889977   927 21651 D RilOemClient: , cmd:THERMAL, slotId:0, targetSim: 0
01-02 01:04:15.890097   927 21651 I RilOemClient: arg : -1
01-02 01:04:15.892449   927   949 D RmcOemRequestHandler: [0] onHandleRequest: RFX_MSG_REQUEST_QUERY_MODEM_THERMAL(55019)
01-02 01:04:15.892618   927   949 I RmcOemRequestHandler: requestQueryThermal Enter: -1
01-02 01:04:15.892731   927   949 I AT      : [0] AT> AT+ETHERMAL (RIL_CMD_READER_1, tid:523765904624)
01-02 01:04:15.904288   927   948 I AT      : [0] AT< +ETHERMAL: 2, 32767, -127, 20821, 32767, -20554 (RIL_CMD_READER_1, tid:523772122352)
01-02 01:04:15.905109   927   948 I AT      : [0] AT< OK (RIL_CMD_READER_1, tid:523772122352)
01-02 01:04:15.905568   927   949 I RmcOemRequestHandler: requestQueryThermal success
01-02 01:04:15.906841   927   940 D RtcRilClientController: client 1001 handle requestComplete
01-02 01:04:15.906981   927   940 I RilOemClient: request for THERMAL returned
01-02 01:04:15.907080   927   940 I RilOemClient: mThermalFd is valid strResult is  2, 32767, -127, 20821, 32767, -20554
01-02 01:04:15.908554   927 21652 D RilOemClient: stream null here
01-02 01:04:15.909801   927 21653 I RilClient: start listen on fd: 11, soicket name: rild-oem
01-02 01:04:17.537412   927   945 I AT      : [0] AT< +ECSQ: 79,42,1,-166,-14,1,1,4,32767,1 (RIL_URC_READER, tid:523767977200)
01-02 01:04:17.538497   927   947 D RmcNwHdlr: [0] handleSignalStrength, sig1:99, sig2:-1, cdma_dbm:-1, cdma_ecio:-1, evdo_dbm:-1,evdo_ecio:-1, evdo_snr:-1, lte_sig:99, lte_rsrp:2147483647, lte_rsrq:2147483647, lte_rssnr:2147483647, lte_cqi:2147483647,lte_timing_advance:2147483647, td_scdma_rscp:41
01-02 01:04:17.540216  1421  1421 D MTKSST  : [CdmaLteSST0] old:{level:0, raw:SignalStrength: 99 -1 -120 -160 -120 -1 -1 99 2147483647 2147483647 2147483647 2147483647 0 -42 cdma}, new:{level:0, raw:SignalStrength: 99 -1 -120 -160 -120 -1 -1 99 2147483647 2147483647 2147483647 2147483647 0 -41 cdma}
01-02 01:04:22.659474   927   945 I AT      : [0] AT< +ECSQ: 79,43,1,-167,-12,1,1,4,32767,1 (RIL_URC_READER, tid:523767977200)
01-02 01:04:25.914916   927 21653 I RilClient: initialize: commandFd is 0
01-02 01:04:25.916722   927 21668 I RilOemClient: NUMBER:1
01-02 01:04:25.917113   927 21668 I RilOemClient: arg len:14
01-02 01:04:25.917270   927 21668 I RilOemClient: ARGS[0]:THERMAL,0,-1
01-02 01:04:25.917431   927 21668 I RilOemClient: executeThermal
01-02 01:04:25.917648   927 21668 D RilOemClient: Thermal line = THERMAL,0,-1
01-02 01:04:25.917648   927 21668 D RilOemClient: , cmd:THERMAL, slotId:0, targetSim: 0
01-02 01:04:25.917814   927 21668 I RilOemClient: arg : -1
01-02 01:04:25.920569   927   949 D RmcOemRequestHandler: [0] onHandleRequest: RFX_MSG_REQUEST_QUERY_MODEM_THERMAL(55019)
01-02 01:04:25.920734   927   949 I RmcOemRequestHandler: requestQueryThermal Enter: -1
01-02 01:04:25.920830   927   949 I AT      : [0] AT> AT+ETHERMAL (RIL_CMD_READER_1, tid:523765904624)
01-02 01:04:25.930813   927   948 I AT      : [0] AT< +ETHERMAL: 2, 32767, -127, 20821, 32767, -20554 (RIL_CMD_READER_1, tid:523772122352)
01-02 01:04:25.931436   927   948 I AT      : [0] AT< OK (RIL_CMD_READER_1, tid:523772122352)
01-02 01:04:25.931693   927   949 I RmcOemRequestHandler: requestQueryThermal success
01-02 01:04:25.932532   927   940 D RtcRilClientController: client 1001 handle requestComplete
01-02 01:04:25.932632   927   940 I RilOemClient: request for THERMAL returned
01-02 01:04:25.932724   927   940 I RilOemClient: mThermalFd is valid strResult is  2, 32767, -127, 20821, 32767, -20554
01-02 01:04:25.933984   927 21669 D RilOemClient: stream null here
01-02 01:04:25.935126   927 21670 I RilClient: start listen on fd: 11, soicket name: rild-oem
01-02 01:04:27.780340   927   945 I AT      : [0] AT< +ECSQ: 79,43,1,-166,-12,1,1,4,32767,1 (RIL_URC_READER, tid:523767977200)
01-02 01:04:27.855609   577  1037 E RPC     : entry g_lowpower_mode
01-02 01:04:32.900906   927   945 I AT      : [0] AT< +ECSQ: 78,43,1,-170,-11,1,1,4,32767,1 (RIL_URC_READER, tid:523767977200)
01-02 01:04:32.902349   927   947 D RmcNwHdlr: [0] handleSignalStrength, sig1:99, sig2:-1, cdma_dbm:-1, cdma_ecio:-1, evdo_dbm:-1,evdo_ecio:-1, evdo_snr:-1, lte_sig:99, lte_rsrp:2147483647, lte_rsrq:2147483647, lte_rssnr:2147483647, lte_cqi:2147483647,lte_timing_advance:2147483647, td_scdma_rscp:42
01-02 01:04:32.904797  1421  1421 D MTKSST  : [CdmaLteSST0] old:{level:0, raw:SignalStrength: 99 -1 -120 -160 -120 -1 -1 99 2147483647 2147483647 2147483647 2147483647 0 -41 cdma}, new:{level:0, raw:SignalStrength: 99 -1 -120 -160 -120 -1 -1 99 2147483647 2147483647 2147483647 2147483647 0 -42 cdma}
01-02 01:04:35.937369   927 21670 I RilClient: initialize: commandFd is 69
01-02 01:04:35.939180   927 21695 I RilOemClient: NUMBER:1
01-02 01:04:35.939701   927 21695 I RilOemClient: arg len:14
01-02 01:04:35.939918   927 21695 I RilOemClient: ARGS[0]:THERMAL,0,-1
01-02 01:04:35.940111   927 21695 I RilOemClient: executeThermal
01-02 01:04:35.940406   927 21695 I RilOemClient: arg : -1
01-02 01:04:35.944372   927   949 I RmcOemRequestHandler: requestQueryThermal Enter: -1
01-02 01:04:35.944607   927   949 I AT      : [0] AT> AT+ETHERMAL (RIL_CMD_READER_1, tid:523765904624)
01-02 01:04:35.955068   927   948 I AT      : [0] AT< +ETHERMAL: 2, 32767, -127, 20821, 32767, -20554 (RIL_CMD_READER_1, tid:523772122352)
01-02 01:04:35.955822   927   948 I AT      : [0] AT< OK (RIL_CMD_READER_1, tid:523772122352)
01-02 01:04:35.956133   927   949 I RmcOemRequestHandler: requestQueryThermal success
01-02 01:04:35.957000   927   940 I RilOemClient: request for THERMAL returned
01-02 01:04:35.957115   927   940 I RilOemClient: mThermalFd is valid strResult is  2, 32767, -127, 20821, 32767, -20554
01-02 01:04:35.958924   927 21697 I RilClient: start listen on fd: 11, soicket name: rild-oem
01-02 01:04:38.023324   927   945 I AT      : [0] AT< +ECSQ: 78,43,1,-169,-12,1,1,4,32767,1 (RIL_URC_READER, tid:523767977200)
01-02 01:04:43.144559   927   945 I AT      : [0] AT< +ECSQ: 78,42,1,-170,-14,1,1,4,32767,1 (RIL_URC_READER, tid:523767977200)
01-02 01:04:45.964844   927 21697 I RilClient: initialize: commandFd is 0
01-02 01:04:45.966062   927 21780 I RilOemClient: NUMBER:1
01-02 01:04:45.966313   927 21780 I RilOemClient: arg len:14
01-02 01:04:45.966414   927 21780 I RilOemClient: ARGS[0]:THERMAL,0,-1
01-02 01:04:45.966570   927 21780 I RilOemClient: executeThermal
01-02 01:04:45.966739   927 21780 D RilOemClient: Thermal line = THERMAL,0,-1
01-02 01:04:45.966739   927 21780 D RilOemClient: , cmd:THERMAL, slotId:0, targetSim: 0
01-02 01:04:45.966823   927 21780 I RilOemClient: arg : -1
01-02 01:04:45.968690   927   949 D RmcOemRequestHandler: [0] onHandleRequest: RFX_MSG_REQUEST_QUERY_MODEM_THERMAL(55019)
01-02 01:04:45.968841   927   949 I RmcOemRequestHandler: requestQueryThermal Enter: -1
01-02 01:04:45.968939   927   949 I AT      : [0] AT> AT+ETHERMAL (RIL_CMD_READER_1, tid:523765904624)
01-02 01:04:45.979728   927   948 I AT      : [0] AT< +ETHERMAL: 2, 32767, -127, 20821, 32767, -20554 (RIL_CMD_READER_1, tid:523772122352)
01-02 01:04:45.980282   927   948 I AT      : [0] AT< OK (RIL_CMD_READER_1, tid:523772122352)
01-02 01:04:45.980619   927   949 I RmcOemRequestHandler: requestQueryThermal success
01-02 01:04:45.981447   927   940 D RtcRilClientController: client 1001 handle requestComplete
01-02 01:04:45.981548   927   940 I RilOemClient: request for THERMAL returned
01-02 01:04:45.981620   927   940 I RilOemClient: mThermalFd is valid strResult is  2, 32767, -127, 20821, 32767, -20554
01-02 01:04:45.982520   927 21781 D RilOemClient: stream null here
01-02 01:04:45.983566   927 21782 I RilClient: start listen on fd: 11, soicket name: rild-oem
01-02 01:04:48.265890   927   945 I AT      : [0] AT< +ECSQ: 80,42,1,-163,-13,1,1,4,32767,1 (RIL_URC_READER, tid:523767977200)
01-02 01:04:48.268115   927   947 D RmcNwHdlr: [0] handleSignalStrength, sig1:99, sig2:-1, cdma_dbm:-1, cdma_ecio:-1, evdo_dbm:-1,evdo_ecio:-1, evdo_snr:-1, lte_sig:99, lte_rsrp:2147483647, lte_rsrq:2147483647, lte_rssnr:2147483647, lte_cqi:2147483647,lte_timing_advance:2147483647, td_scdma_rscp:40
01-02 01:04:48.271222  1421  1421 D MTKSST  : [CdmaLteSST0] old:{level:0, raw:SignalStrength: 99 -1 -120 -160 -120 -1 -1 99 2147483647 2147483647 2147483647 2147483647 0 -42 cdma}, new:{level:0, raw:SignalStrength: 99 -1 -120 -160 -120 -1 -1 99 2147483647 2147483647 2147483647 2147483647 0 -40 cdma}
01-02 01:04:53.378137   927   945 I AT      : [0] AT< +ECSQ: 81,43,1,-160,-11,1,1,4,32767,1 (RIL_URC_READER, tid:523767977200)
01-02 01:04:55.989555   927 21782 I RilClient: initialize: commandFd is 69
01-02 01:04:55.991777   927 21808 I RilOemClient: NUMBER:1
01-02 01:04:55.992128   927 21808 I RilOemClient: arg len:14
01-02 01:04:55.992273   927 21808 I RilOemClient: ARGS[0]:THERMAL,0,-1
01-02 01:04:55.992455   927 21808 I RilOemClient: executeThermal
01-02 01:04:55.992725   927 21808 D RilOemClient: Thermal line = THERMAL,0,-1
01-02 01:04:55.992725   927 21808 D RilOemClient: , cmd:THERMAL, slotId:0, targetSim: 0
01-02 01:04:55.992846   927 21808 I RilOemClient: arg : -1
01-02 01:04:55.995163   927   949 D RmcOemRequestHandler: [0] onHandleRequest: RFX_MSG_REQUEST_QUERY_MODEM_THERMAL(55019)
01-02 01:04:55.995426   927   949 I RmcOemRequestHandler: requestQueryThermal Enter: -1
01-02 01:04:55.995548   927   949 I AT      : [0] AT> AT+ETHERMAL (RIL_CMD_READER_1, tid:523765904624)
01-02 01:04:56.006296   927   948 I AT      : [0] AT< +ETHERMAL: 2, 32767, -127, 20821, 32767, -20554 (RIL_CMD_READER_1, tid:523772122352)
01-02 01:04:56.007080   927   948 I AT      : [0] AT< OK (RIL_CMD_READER_1, tid:523772122352)
01-02 01:04:56.007516   927   949 I RmcOemRequestHandler: requestQueryThermal success
01-02 01:04:56.008670   927   940 D RtcRilClientController: client 1001 handle requestComplete
01-02 01:04:56.008808   927   940 I RilOemClient: request for THERMAL returned
01-02 01:04:56.008909   927   940 I RilOemClient: mThermalFd is valid strResult is  2, 32767, -127, 20821, 32767, -20554
01-02 01:04:56.010547   927 21809 D RilOemClient: stream null here
01-02 01:04:56.012472   927 21810 I RilClient: start listen on fd: 11, soicket name: rild-oem
01-02 01:04:58.498951   927   945 I AT      : [0] AT< +ECSQ: 81,43,1,-159,-11,1,1,4,32767,1 (RIL_URC_READER, tid:523767977200)
01-02 01:04:58.501405   927   947 D RmcNwHdlr: [0] handleSignalStrength, sig1:99, sig2:-1, cdma_dbm:-1, cdma_ecio:-1, evdo_dbm:-1,evdo_ecio:-1, evdo_snr:-1, lte_sig:99, lte_rsrp:2147483647, lte_rsrq:2147483647, lte_rssnr:2147483647, lte_cqi:2147483647,lte_timing_advance:2147483647, td_scdma_rscp:39
01-02 01:04:58.504423  1421  1421 D MTKSST  : [CdmaLteSST0] old:{level:0, raw:SignalStrength: 99 -1 -120 -160 -120 -1 -1 99 2147483647 2147483647 2147483647 2147483647 0 -40 cdma}, new:{level:0, raw:SignalStrength: 99 -1 -120 -160 -120 -1 -1 99 2147483647 2147483647 2147483647 2147483647 0 -39 cdma}
01-02 01:05:03.619224   927   945 I AT      : [0] AT< +ECSQ: 79,43,1,-168,-12,1,1,4,32767,1 (RIL_URC_READER, tid:523767977200)
01-02 01:05:03.621259   927   947 D RmcNwHdlr: [0] handleSignalStrength, sig1:99, sig2:-1, cdma_dbm:-1, cdma_ecio:-1, evdo_dbm:-1,evdo_ecio:-1, evdo_snr:-1, lte_sig:99, lte_rsrp:2147483647, lte_rsrq:2147483647, lte_rssnr:2147483647, lte_cqi:2147483647,lte_timing_advance:2147483647, td_scdma_rscp:42
01-02 01:05:03.624505  1421  1421 D MTKSST  : [CdmaLteSST0] old:{level:0, raw:SignalStrength: 99 -1 -120 -160 -120 -1 -1 99 2147483647 2147483647 2147483647 2147483647 0 -39 cdma}, new:{level:0, raw:SignalStrength: 99 -1 -120 -160 -120 -1 -1 99 2147483647 2147483647 2147483647 2147483647 0 -42 cdma}
01-02 01:05:06.016885   927 21810 I RilClient: initialize: commandFd is 0
01-02 01:05:06.019897   927 21828 I RilOemClient: NUMBER:1
01-02 01:05:06.020264   927 21828 I RilOemClient: arg len:14
01-02 01:05:06.020410   927 21828 I RilOemClient: ARGS[0]:THERMAL,0,-1
01-02 01:05:06.020599   927 21828 I RilOemClient: executeThermal
01-02 01:05:06.020837   927 21828 D RilOemClient: Thermal line = THERMAL,0,-1
01-02 01:05:06.020837   927 21828 D RilOemClient: , cmd:THERMAL, slotId:0, targetSim: 0
01-02 01:05:06.020959   927 21828 I RilOemClient: arg : -1
01-02 01:05:06.023582   927   949 D RmcOemRequestHandler: [0] onHandleRequest: RFX_MSG_REQUEST_QUERY_MODEM_THERMAL(55019)
01-02 01:05:06.023765   927   949 I RmcOemRequestHandler: requestQueryThermal Enter: -1
01-02 01:05:06.023885   927   949 I AT      : [0] AT> AT+ETHERMAL (RIL_CMD_READER_1, tid:523765904624)
01-02 01:05:06.034518   927   948 I AT      : [0] AT< +ETHERMAL: 2, 32767, -127, 20821, 32767, -20554 (RIL_CMD_READER_1, tid:523772122352)
01-02 01:05:06.035389   927   948 I AT      : [0] AT< OK (RIL_CMD_READER_1, tid:523772122352)
01-02 01:05:06.035745   927   949 I RmcOemRequestHandler: requestQueryThermal success
01-02 01:05:06.036891   927   940 D RtcRilClientController: client 1001 handle requestComplete
01-02 01:05:06.037027   927   940 I RilOemClient: request for THERMAL returned
01-02 01:05:06.037128   927   940 I RilOemClient: mThermalFd is valid strResult is  2, 32767, -127, 20821, 32767, -20554
01-02 01:05:06.038693   927 21829 D RilOemClient: stream null here
01-02 01:05:06.039944   927 21830 I RilClient: start listen on fd: 11, soicket name: rild-oem
01-02 01:05:08.740331   927   945 I AT      : [0] AT< +ECSQ: 78,43,1,-170,-11,1,1,4,32767,1 (RIL_URC_READER, tid:523767977200)
01-02 01:05:13.862620   927   945 I AT      : [0] AT< +ECSQ: 77,43,1,-175,-11,1,1,4,32767,1 (RIL_URC_READER, tid:523767977200)
01-02 01:05:13.864804   927   947 D RmcNwHdlr: [0] handleSignalStrength, sig1:99, sig2:-1, cdma_dbm:-1, cdma_ecio:-1, evdo_dbm:-1,evdo_ecio:-1, evdo_snr:-1, lte_sig:99, lte_rsrp:2147483647, lte_rsrq:2147483647, lte_rssnr:2147483647, lte_cqi:2147483647,lte_timing_advance:2147483647, td_scdma_rscp:43
01-02 01:05:13.868279  1421  1421 D MTKSST  : [CdmaLteSST0] old:{level:0, raw:SignalStrength: 99 -1 -120 -160 -120 -1 -1 99 2147483647 2147483647 2147483647 2147483647 0 -42 cdma}, new:{level:0, raw:SignalStrength: 99 -1 -120 -160 -120 -1 -1 99 2147483647 2147483647 2147483647 2147483647 0 -43 cdma}
01-02 01:05:14.149036   577  1084 E RPC     : entry g_lowpower_mode
01-02 01:05:16.045337   927 21830 I RilClient: initialize: commandFd is 69
01-02 01:05:16.046920   927 21852 I RilOemClient: NUMBER:1
01-02 01:05:16.047432   927 21852 I RilOemClient: arg len:14
01-02 01:05:16.047588   927 21852 I RilOemClient: ARGS[0]:THERMAL,0,-1
01-02 01:05:16.047823   927 21852 I RilOemClient: executeThermal
01-02 01:05:16.048079   927 21852 D RilOemClient: Thermal line = THERMAL,0,-1
01-02 01:05:16.048079   927 21852 D RilOemClient: , cmd:THERMAL, slotId:0, targetSim: 0
01-02 01:05:16.048202   927 21852 I RilOemClient: arg : -1
01-02 01:05:16.050654   927   949 D RmcOemRequestHandler: [0] onHandleRequest: RFX_MSG_REQUEST_QUERY_MODEM_THERMAL(55019)
01-02 01:05:16.050850   927   949 I RmcOemRequestHandler: requestQueryThermal Enter: -1
01-02 01:05:16.050971   927   949 I AT      : [0] AT> AT+ETHERMAL (RIL_CMD_READER_1, tid:523765904624)
01-02 01:05:16.062294   927   948 I AT      : [0] AT< +ETHERMAL: 2, 32767, -127, 20821, 32767, -20554 (RIL_CMD_READER_1, tid:523772122352)
01-02 01:05:16.063141   927   948 I AT      : [0] AT< OK (RIL_CMD_READER_1, tid:523772122352)
01-02 01:05:16.063680   927   949 I RmcOemRequestHandler: requestQueryThermal success
01-02 01:05:16.066165   927   940 D RtcRilClientController: client 1001 handle requestComplete
01-02 01:05:16.066271   927   940 I RilOemClient: request for THERMAL returned
01-02 01:05:16.066322   927   940 I RilOemClient: mThermalFd is valid strResult is  2, 32767, -127, 20821, 32767, -20554
01-02 01:05:16.067512   927 21853 D RilOemClient: stream null here
01-02 01:05:16.068891   927 21854 I RilClient: start listen on fd: 11, soicket name: rild-oem
01-02 01:05:18.982946   927   945 I AT      : [0] AT< +ECSQ: 77,43,1,-174,-12,1,1,4,32767,1 (RIL_URC_READER, tid:523767977200)
01-02 01:05:24.105451   927   945 I AT      : [0] AT< +ECSQ: 78,44,1,-172,-10,1,1,4,32767,1 (RIL_URC_READER, tid:523767977200)
01-02 01:05:26.071947   927 21854 I RilClient: initialize: commandFd is 0
01-02 01:05:26.074034   927 21872 I RilOemClient: NUMBER:1
01-02 01:05:26.074372   927 21872 I RilOemClient: arg len:14
01-02 01:05:26.074515   927 21872 I RilOemClient: ARGS[0]:THERMAL,0,-1
01-02 01:05:26.074705   927 21872 I RilOemClient: executeThermal
01-02 01:05:26.074937   927 21872 D RilOemClient: Thermal line = THERMAL,0,-1
01-02 01:05:26.074937   927 21872 D RilOemClient: , cmd:THERMAL, slotId:0, targetSim: 0
01-02 01:05:26.075057   927 21872 I RilOemClient: arg : -1
01-02 01:05:26.077831   927   949 D RmcOemRequestHandler: [0] onHandleRequest: RFX_MSG_REQUEST_QUERY_MODEM_THERMAL(55019)
01-02 01:05:26.078006   927   949 I RmcOemRequestHandler: requestQueryThermal Enter: -1
01-02 01:05:26.078124   927   949 I AT      : [0] AT> AT+ETHERMAL (RIL_CMD_READER_1, tid:523765904624)
01-02 01:05:26.089377   927   948 I AT      : [0] AT< +ETHERMAL: 2, 32767, -127, 20821, 32767, -20554 (RIL_CMD_READER_1, tid:523772122352)
01-02 01:05:26.089997   927   948 I AT      : [0] AT< OK (RIL_CMD_READER_1, tid:523772122352)
01-02 01:05:26.090319   927   949 I RmcOemRequestHandler: requestQueryThermal success
01-02 01:05:26.091815   927   940 D RtcRilClientController: client 1001 handle requestComplete
01-02 01:05:26.091977   927   940 I RilOemClient: request for THERMAL returned
01-02 01:05:26.092082   927   940 I RilOemClient: mThermalFd is valid strResult is  2, 32767, -127, 20821, 32767, -20554
01-02 01:05:26.093280   927 21873 D RilOemClient: stream null here
01-02 01:05:26.094746   927 21874 I RilClient: start listen on fd: 11, soicket name: rild-oem
01-02 01:05:27.889952   577  1037 E RPC     : entry g_lowpower_mode
01-02 01:05:29.225476   927   945 I AT      : [0] AT< +ECSQ: 78,43,1,-172,-11,1,1,4,32767,1 (RIL_URC_READER, tid:523767977200)
01-02 01:05:34.336847   927   945 I AT      : [0] AT< +ECSQ: 78,42,1,-171,-14,1,1,4,32767,1 (RIL_URC_READER, tid:523767977200)
01-02 01:05:34.338678   927   947 D RmcNwHdlr: [0] handleSignalStrength, sig1:99, sig2:-1, cdma_dbm:-1, cdma_ecio:-1, evdo_dbm:-1,evdo_ecio:-1, evdo_snr:-1, lte_sig:99, lte_rsrp:2147483647, lte_rsrq:2147483647, lte_rssnr:2147483647, lte_cqi:2147483647,lte_timing_advance:2147483647, td_scdma_rscp:42
01-02 01:05:34.341232  1421  1421 D MTKSST  : [CdmaLteSST0] old:{level:0, raw:SignalStrength: 99 -1 -120 -160 -120 -1 -1 99 2147483647 2147483647 2147483647 2147483647 0 -43 cdma}, new:{level:0, raw:SignalStrength: 99 -1 -120 -160 -120 -1 -1 99 2147483647 2147483647 2147483647 2147483647 0 -42 cdma}
01-02 01:05:36.100904   927 21874 I RilClient: initialize: commandFd is 69
01-02 01:05:36.102991   927 21895 I RilOemClient: NUMBER:1
01-02 01:05:36.103445   927 21895 I RilOemClient: arg len:14
01-02 01:05:36.103594   927 21895 I RilOemClient: ARGS[0]:THERMAL,0,-1
01-02 01:05:36.103771   927 21895 I RilOemClient: executeThermal
01-02 01:05:36.104003   927 21895 D RilOemClient: Thermal line = THERMAL,0,-1
01-02 01:05:36.104003   927 21895 D RilOemClient: , cmd:THERMAL, slotId:0, targetSim: 0
01-02 01:05:36.104122   927 21895 I RilOemClient: arg : -1
01-02 01:05:36.106391   927   949 D RmcOemRequestHandler: [0] onHandleRequest: RFX_MSG_REQUEST_QUERY_MODEM_THERMAL(55019)
01-02 01:05:36.106552   927   949 I RmcOemRequestHandler: requestQueryThermal Enter: -1
01-02 01:05:36.106667   927   949 I AT      : [0] AT> AT+ETHERMAL (RIL_CMD_READER_1, tid:523765904624)
01-02 01:05:36.118068   927   948 I AT      : [0] AT< +ETHERMAL: 2, 32767, -127, 20821, 32767, -20554 (RIL_CMD_READER_1, tid:523772122352)
01-02 01:05:36.118903   927   948 I AT      : [0] AT< OK (RIL_CMD_READER_1, tid:523772122352)
01-02 01:05:36.119225   927   949 I RmcOemRequestHandler: requestQueryThermal success
01-02 01:05:36.120451   927   940 D RtcRilClientController: client 1001 handle requestComplete
01-02 01:05:36.120595   927   940 I RilOemClient: request for THERMAL returned
01-02 01:05:36.120697   927   940 I RilOemClient: mThermalFd is valid strResult is  2, 32767, -127, 20821, 32767, -20554
01-02 01:05:36.121729   927 21896 D RilOemClient: stream null here
01-02 01:05:36.123002   927 21897 I RilClient: start listen on fd: 11, soicket name: rild-oem
01-02 01:05:39.458067   927   945 I AT      : [0] AT< +ECSQ: 77,42,1,-173,-13,1,1,4,32767,1 (RIL_URC_READER, tid:523767977200)
01-02 01:05:39.460273   927   947 D RmcNwHdlr: [0] handleSignalStrength, sig1:99, sig2:-1, cdma_dbm:-1, cdma_ecio:-1, evdo_dbm:-1,evdo_ecio:-1, evdo_snr:-1, lte_sig:99, lte_rsrp:2147483647, lte_rsrq:2147483647, lte_rssnr:2147483647, lte_cqi:2147483647,lte_timing_advance:2147483647, td_scdma_rscp:43
01-02 01:05:39.463386  1421  1421 D MTKSST  : [CdmaLteSST0] old:{level:0, raw:SignalStrength: 99 -1 -120 -160 -120 -1 -1 99 2147483647 2147483647 2147483647 2147483647 0 -42 cdma}, new:{level:0, raw:SignalStrength: 99 -1 -120 -160 -120 -1 -1 99 2147483647 2147483647 2147483647 2147483647 0 -43 cdma}
01-02 01:05:44.579424   927   945 I AT      : [0] AT< +ECSQ: 78,42,1,-171,-14,1,1,4,32767,1 (RIL_URC_READER, tid:523767977200)
01-02 01:05:44.581705   927   947 D RmcNwHdlr: [0] handleSignalStrength, sig1:99, sig2:-1, cdma_dbm:-1, cdma_ecio:-1, evdo_dbm:-1,evdo_ecio:-1, evdo_snr:-1, lte_sig:99, lte_rsrp:2147483647, lte_rsrq:2147483647, lte_rssnr:2147483647, lte_cqi:2147483647,lte_timing_advance:2147483647, td_scdma_rscp:42
01-02 01:05:44.585033  1421  1421 D MTKSST  : [CdmaLteSST0] old:{level:0, raw:SignalStrength: 99 -1 -120 -160 -120 -1 -1 99 2147483647 2147483647 2147483647 2147483647 0 -43 cdma}, new:{level:0, raw:SignalStrength: 99 -1 -120 -160 -120 -1 -1 99 2147483647 2147483647 2147483647 2147483647 0 -42 cdma}
01-02 01:05:46.129333   927 21897 I RilClient: initialize: commandFd is 0
01-02 01:05:46.131492   927 21917 I RilOemClient: NUMBER:1
01-02 01:05:46.131853   927 21917 I RilOemClient: arg len:14
01-02 01:05:46.131998   927 21917 I RilOemClient: ARGS[0]:THERMAL,0,-1
01-02 01:05:46.132179   927 21917 I RilOemClient: executeThermal
01-02 01:05:46.132411   927 21917 D RilOemClient: Thermal line = THERMAL,0,-1
01-02 01:05:46.132411   927 21917 D RilOemClient: , cmd:THERMAL, slotId:0, targetSim: 0
01-02 01:05:46.132532   927 21917 I RilOemClient: arg : -1
01-02 01:05:46.135027   927   949 D RmcOemRequestHandler: [0] onHandleRequest: RFX_MSG_REQUEST_QUERY_MODEM_THERMAL(55019)
01-02 01:05:46.135198   927   949 I RmcOemRequestHandler: requestQueryThermal Enter: -1
01-02 01:05:46.135411   927   949 I AT      : [0] AT> AT+ETHERMAL (RIL_CMD_READER_1, tid:523765904624)
01-02 01:05:46.146308   927   948 I AT      : [0] AT< +ETHERMAL: 2, 32767, -127, 20821, 32767, -20554 (RIL_CMD_READER_1, tid:523772122352)
01-02 01:05:46.147112   927   948 I AT      : [0] AT< OK (RIL_CMD_READER_1, tid:523772122352)
01-02 01:05:46.147592   927   949 I RmcOemRequestHandler: requestQueryThermal success
01-02 01:05:46.148818   927   940 D RtcRilClientController: client 1001 handle requestComplete
01-02 01:05:46.148972   927   940 I RilOemClient: request for THERMAL returned
01-02 01:05:46.149075   927   940 I RilOemClient: mThermalFd is valid strResult is  2, 32767, -127, 20821, 32767, -20554
01-02 01:05:46.150438   927 21918 D RilOemClient: stream null here
01-02 01:05:46.151707   927 21919 I RilClient: start listen on fd: 11, soicket name: rild-oem
01-02 01:05:49.699904   927   945 I AT      : [0] AT< +ECSQ: 80,42,1,-164,-13,1,1,4,32767,1 (RIL_URC_READER, tid:523767977200)
01-02 01:05:49.701728   927   947 D RmcNwHdlr: [0] handleSignalStrength, sig1:99, sig2:-1, cdma_dbm:-1, cdma_ecio:-1, evdo_dbm:-1,evdo_ecio:-1, evdo_snr:-1, lte_sig:99, lte_rsrp:2147483647, lte_rsrq:2147483647, lte_rssnr:2147483647, lte_cqi:2147483647,lte_timing_advance:2147483647, td_scdma_rscp:41
01-02 01:05:49.704836  1421  1421 D MTKSST  : [CdmaLteSST0] old:{level:0, raw:SignalStrength: 99 -1 -120 -160 -120 -1 -1 99 2147483647 2147483647 2147483647 2147483647 0 -42 cdma}, new:{level:0, raw:SignalStrength: 99 -1 -120 -160 -120 -1 -1 99 2147483647 2147483647 2147483647 2147483647 0 -41 cdma}
01-02 01:05:54.821846   927   945 I AT      : [0] AT< +ECSQ: 80,42,1,-163,-13,1,1,4,32767,1 (RIL_URC_READER, tid:523767977200)
01-02 01:05:54.824056   927   947 D RmcNwHdlr: [0] handleSignalStrength, sig1:99, sig2:-1, cdma_dbm:-1, cdma_ecio:-1, evdo_dbm:-1,evdo_ecio:-1, evdo_snr:-1, lte_sig:99, lte_rsrp:2147483647, lte_rsrq:2147483647, lte_rssnr:2147483647, lte_cqi:2147483647,lte_timing_advance:2147483647, td_scdma_rscp:40
01-02 01:05:54.826614  1421  1421 D MTKSST  : [CdmaLteSST0] old:{level:0, raw:SignalStrength: 99 -1 -120 -160 -120 -1 -1 99 2147483647 2147483647 2147483647 2147483647 0 -41 cdma}, new:{level:0, raw:SignalStrength: 99 -1 -120 -160 -120 -1 -1 99 2147483647 2147483647 2147483647 2147483647 0 -40 cdma}
01-02 01:05:56.157661   927 21919 I RilClient: initialize: commandFd is 69
01-02 01:05:56.159042   927 21988 I RilOemClient: NUMBER:1
01-02 01:05:56.159528   927 21988 I RilOemClient: arg len:14
01-02 01:05:56.159681   927 21988 I RilOemClient: ARGS[0]:THERMAL,0,-1
01-02 01:05:56.159851   927 21988 I RilOemClient: executeThermal
01-02 01:05:56.160078   927 21988 D RilOemClient: Thermal line = THERMAL,0,-1
01-02 01:05:56.160078   927 21988 D RilOemClient: , cmd:THERMAL, slotId:0, targetSim: 0
01-02 01:05:56.160200   927 21988 I RilOemClient: arg : -1
01-02 01:05:56.162637   927   949 D RmcOemRequestHandler: [0] onHandleRequest: RFX_MSG_REQUEST_QUERY_MODEM_THERMAL(55019)
01-02 01:05:56.162801   927   949 I RmcOemRequestHandler: requestQueryThermal Enter: -1
01-02 01:05:56.162915   927   949 I AT      : [0] AT> AT+ETHERMAL (RIL_CMD_READER_1, tid:523765904624)
01-02 01:05:56.173864   927   948 I AT      : [0] AT< +ETHERMAL: 2, 32767, -127, 20821, 32767, -20554 (RIL_CMD_READER_1, tid:523772122352)
01-02 01:05:56.174591   927   948 I AT      : [0] AT< OK (RIL_CMD_READER_1, tid:523772122352)
01-02 01:05:56.174903   927   949 I RmcOemRequestHandler: requestQueryThermal success
01-02 01:05:56.176100   927   940 D RtcRilClientController: client 1001 handle requestComplete
01-02 01:05:56.176248   927   940 I RilOemClient: request for THERMAL returned
01-02 01:05:56.176349   927   940 I RilOemClient: mThermalFd is valid strResult is  2, 32767, -127, 20821, 32767, -20554
01-02 01:05:56.177821   927 21989 D RilOemClient: stream null here
01-02 01:05:56.179071   927 21990 I RilClient: start listen on fd: 11, soicket name: rild-oem
01-02 01:05:59.943476   927   945 I AT      : [0] AT< +ECSQ: 80,43,1,-164,-12,1,1,4,32767,1 (RIL_URC_READER, tid:523767977200)
01-02 01:05:59.945565   927   947 D RmcNwHdlr: [0] handleSignalStrength, sig1:99, sig2:-1, cdma_dbm:-1, cdma_ecio:-1, evdo_dbm:-1,evdo_ecio:-1, evdo_snr:-1, lte_sig:99, lte_rsrp:2147483647, lte_rsrq:2147483647, lte_rssnr:2147483647, lte_cqi:2147483647,lte_timing_advance:2147483647, td_scdma_rscp:41
01-02 01:05:59.948528  1421  1421 D MTKSST  : [CdmaLteSST0] old:{level:0, raw:SignalStrength: 99 -1 -120 -160 -120 -1 -1 99 2147483647 2147483647 2147483647 2147483647 0 -40 cdma}, new:{level:0, raw:SignalStrength: 99 -1 -120 -160 -120 -1 -1 99 2147483647 2147483647 2147483647 2147483647 0 -41 cdma}
01-02 01:06:05.065155   927   945 I AT      : [0] AT< +ECSQ: 79,42,1,-167,-14,1,1,4,32767,1 (RIL_URC_READER, tid:523767977200)
01-02 01:06:06.184746   927 21990 I RilClient: initialize: commandFd is 0
01-02 01:06:06.186513   927 22021 I RilOemClient: NUMBER:1
01-02 01:06:06.186846   927 22021 I RilOemClient: arg len:14
01-02 01:06:06.186988   927 22021 I RilOemClient: ARGS[0]:THERMAL,0,-1
01-02 01:06:06.187189   927 22021 I RilOemClient: executeThermal
01-02 01:06:06.187593   927 22021 D RilOemClient: Thermal line = THERMAL,0,-1
01-02 01:06:06.187593   927 22021 D RilOemClient: , cmd:THERMAL, slotId:0, targetSim: 0
01-02 01:06:06.187721   927 22021 I RilOemClient: arg : -1
01-02 01:06:06.190053   927   949 D RmcOemRequestHandler: [0] onHandleRequest: RFX_MSG_REQUEST_QUERY_MODEM_THERMAL(55019)
01-02 01:06:06.190221   927   949 I RmcOemRequestHandler: requestQueryThermal Enter: -1
01-02 01:06:06.190341   927   949 I AT      : [0] AT> AT+ETHERMAL (RIL_CMD_READER_1, tid:523765904624)
01-02 01:06:06.201026   927   948 I AT      : [0] AT< +ETHERMAL: 2, 32767, -127, 20821, 32767, -20554 (RIL_CMD_READER_1, tid:523772122352)
01-02 01:06:06.201850   927   948 I AT      : [0] AT< OK (RIL_CMD_READER_1, tid:523772122352)
01-02 01:06:06.202162   927   949 I RmcOemRequestHandler: requestQueryThermal success
01-02 01:06:06.203389   927   940 D RtcRilClientController: client 1001 handle requestComplete
01-02 01:06:06.203547   927   940 I RilOemClient: request for THERMAL returned
01-02 01:06:06.203652   927   940 I RilOemClient: mThermalFd is valid strResult is  2, 32767, -127, 20821, 32767, -20554
01-02 01:06:06.204933   927 22022 D RilOemClient: stream null here
01-02 01:06:06.207070   927 22023 I RilClient: start listen on fd: 11, soicket name: rild-oem
01-02 01:06:10.185667   927   945 I AT      : [0] AT< +ECSQ: 79,41,1,-168,-15,1,1,4,32767,1 (RIL_URC_READER, tid:523767977200)
01-02 01:06:10.187946   927   947 D RmcNwHdlr: [0] handleSignalStrength, sig1:99, sig2:-1, cdma_dbm:-1, cdma_ecio:-1, evdo_dbm:-1,evdo_ecio:-1, evdo_snr:-1, lte_sig:99, lte_rsrp:2147483647, lte_rsrq:2147483647, lte_rssnr:2147483647, lte_cqi:2147483647,lte_timing_advance:2147483647, td_scdma_rscp:42
01-02 01:06:10.191491  1421  1421 D MTKSST  : [CdmaLteSST0] old:{level:0, raw:SignalStrength: 99 -1 -120 -160 -120 -1 -1 99 2147483647 2147483647 2147483647 2147483647 0 -41 cdma}, new:{level:0, raw:SignalStrength: 99 -1 -120 -160 -120 -1 -1 99 2147483647 2147483647 2147483647 2147483647 0 -42 cdma}
01-02 01:06:14.153924   577  1084 E RPC     : entry g_lowpower_mode
01-02 01:06:15.297688   927   945 I AT      : [0] AT< +ECSQ: 78,42,1,-170,-13,1,1,4,32767,1 (RIL_URC_READER, tid:523767977200)
01-02 01:06:16.211808   927 22023 I RilClient: initialize: commandFd is 69
01-02 01:06:16.213751   927 22036 I RilOemClient: NUMBER:1
01-02 01:06:16.214090   927 22036 I RilOemClient: arg len:14
01-02 01:06:16.214236   927 22036 I RilOemClient: ARGS[0]:THERMAL,0,-1
01-02 01:06:16.214431   927 22036 I RilOemClient: executeThermal
01-02 01:06:16.214688   927 22036 D RilOemClient: Thermal line = THERMAL,0,-1
01-02 01:06:16.214688   927 22036 D RilOemClient: , cmd:THERMAL, slotId:0, targetSim: 0
01-02 01:06:16.214810   927 22036 I RilOemClient: arg : -1
01-02 01:06:16.217600   927   949 D RmcOemRequestHandler: [0] onHandleRequest: RFX_MSG_REQUEST_QUERY_MODEM_THERMAL(55019)
01-02 01:06:16.217772   927   949 I RmcOemRequestHandler: requestQueryThermal Enter: -1
01-02 01:06:16.217885   927   949 I AT      : [0] AT> AT+ETHERMAL (RIL_CMD_READER_1, tid:523765904624)
01-02 01:06:16.229988   927   948 I AT      : [0] AT< +ETHERMAL: 2, 32767, -127, 20821, 32767, -20554 (RIL_CMD_READER_1, tid:523772122352)
01-02 01:06:16.230183   927   948 I AT      : [0] AT< OK (RIL_CMD_READER_1, tid:523772122352)
01-02 01:06:16.230479   927   949 I RmcOemRequestHandler: requestQueryThermal success
01-02 01:06:16.231692   927   940 D RtcRilClientController: client 1001 handle requestComplete
01-02 01:06:16.231833   927   940 I RilOemClient: request for THERMAL returned
01-02 01:06:16.231934   927   940 I RilOemClient: mThermalFd is valid strResult is  2, 32767, -127, 20821, 32767, -20554
01-02 01:06:16.233319   927 22037 D RilOemClient: stream null here
01-02 01:06:16.234519   927 22038 I RilClient: start listen on fd: 11, soicket name: rild-oem
01-02 01:06:20.418197   927   945 I AT      : [0] AT< +ECSQ: 79,41,1,-167,-16,1,1,4,32767,1 (RIL_URC_READER, tid:523767977200)
01-02 01:06:20.420399   927   947 D RmcNwHdlr: [0] handleSignalStrength, sig1:99, sig2:-1, cdma_dbm:-1, cdma_ecio:-1, evdo_dbm:-1,evdo_ecio:-1, evdo_snr:-1, lte_sig:99, lte_rsrp:2147483647, lte_rsrq:2147483647, lte_rssnr:2147483647, lte_cqi:2147483647,lte_timing_advance:2147483647, td_scdma_rscp:41
01-02 01:06:20.422670  1421  1421 D MTKSST  : [CdmaLteSST0] old:{level:0, raw:SignalStrength: 99 -1 -120 -160 -120 -1 -1 99 2147483647 2147483647 2147483647 2147483647 0 -42 cdma}, new:{level:0, raw:SignalStrength: 99 -1 -120 -160 -120 -1 -1 99 2147483647 2147483647 2147483647 2147483647 0 -41 cdma}
01-02 01:06:25.539458   927   945 I AT      : [0] AT< +ECSQ: 78,43,1,-169,-12,1,1,4,32767,1 (RIL_URC_READER, tid:523767977200)
01-02 01:06:25.541513   927   947 D RmcNwHdlr: [0] handleSignalStrength, sig1:99, sig2:-1, cdma_dbm:-1, cdma_ecio:-1, evdo_dbm:-1,evdo_ecio:-1, evdo_snr:-1, lte_sig:99, lte_rsrp:2147483647, lte_rsrq:2147483647, lte_rssnr:2147483647, lte_cqi:2147483647,lte_timing_advance:2147483647, td_scdma_rscp:42
01-02 01:06:25.544719  1421  1421 D MTKSST  : [CdmaLteSST0] old:{level:0, raw:SignalStrength: 99 -1 -120 -160 -120 -1 -1 99 2147483647 2147483647 2147483647 2147483647 0 -41 cdma}, new:{level:0, raw:SignalStrength: 99 -1 -120 -160 -120 -1 -1 99 2147483647 2147483647 2147483647 2147483647 0 -42 cdma}
01-02 01:06:26.239940   927 22038 I RilClient: initialize: commandFd is 0
01-02 01:06:26.241568   927 22049 I RilOemClient: NUMBER:1
01-02 01:06:26.241912   927 22049 I RilOemClient: arg len:14
01-02 01:06:26.242050   927 22049 I RilOemClient: ARGS[0]:THERMAL,0,-1
01-02 01:06:26.242240   927 22049 I RilOemClient: executeThermal
01-02 01:06:26.242461   927 22049 D RilOemClient: Thermal line = THERMAL,0,-1
01-02 01:06:26.242461   927 22049 D RilOemClient: , cmd:THERMAL, slotId:0, targetSim: 0
01-02 01:06:26.242584   927 22049 I RilOemClient: arg : -1
01-02 01:06:26.245109   927   949 D RmcOemRequestHandler: [0] onHandleRequest: RFX_MSG_REQUEST_QUERY_MODEM_THERMAL(55019)
01-02 01:06:26.245291   927   949 I RmcOemRequestHandler: requestQueryThermal Enter: -1
01-02 01:06:26.245408   927   949 I AT      : [0] AT> AT+ETHERMAL (RIL_CMD_READER_1, tid:523765904624)
01-02 01:06:26.256597   927   948 I AT      : [0] AT< +ETHERMAL: 2, 32767, -127, 20821, 32767, -20554 (RIL_CMD_READER_1, tid:523772122352)
01-02 01:06:26.257425   927   948 I AT      : [0] AT< OK (RIL_CMD_READER_1, tid:523772122352)
01-02 01:06:26.257762   927   949 I RmcOemRequestHandler: requestQueryThermal success
01-02 01:06:26.258897   927   940 D RtcRilClientController: client 1001 handle requestComplete
01-02 01:06:26.259037   927   940 I RilOemClient: request for THERMAL returned
01-02 01:06:26.259136   927   940 I RilOemClient: mThermalFd is valid strResult is  2, 32767, -127, 20821, 32767, -20554
01-02 01:06:26.260360   927 22050 D RilOemClient: stream null here
01-02 01:06:26.261589   927 22051 I RilClient: start listen on fd: 11, soicket name: rild-oem
01-02 01:06:27.928413   577  1037 E RPC     : entry g_lowpower_mode
01-02 01:06:30.659935   927   945 I AT      : [0] AT< +ECSQ: 79,42,1,-168,-13,1,1,4,32767,1 (RIL_URC_READER, tid:523767977200)
01-02 01:06:35.782000   927   945 I AT      : [0] AT< +ECSQ: 79,42,1,-165,-13,1,1,4,32767,1 (RIL_URC_READER, tid:523767977200)
01-02 01:06:35.784081   927   947 D RmcNwHdlr: [0] handleSignalStrength, sig1:99, sig2:-1, cdma_dbm:-1, cdma_ecio:-1, evdo_dbm:-1,evdo_ecio:-1, evdo_snr:-1, lte_sig:99, lte_rsrp:2147483647, lte_rsrq:2147483647, lte_rssnr:2147483647, lte_cqi:2147483647,lte_timing_advance:2147483647, td_scdma_rscp:41
01-02 01:06:35.787059  1421  1421 D MTKSST  : [CdmaLteSST0] old:{level:0, raw:SignalStrength: 99 -1 -120 -160 -120 -1 -1 99 2147483647 2147483647 2147483647 2147483647 0 -42 cdma}, new:{level:0, raw:SignalStrength: 99 -1 -120 -160 -120 -1 -1 99 2147483647 2147483647 2147483647 2147483647 0 -41 cdma}
01-02 01:06:36.266989   927 22051 I RilClient: initialize: commandFd is 69
01-02 01:06:36.268571   927 22062 I RilOemClient: NUMBER:1
