01-02 00:19:41.944342   979  1005 W NetworkStatsRecorder: unknown interfaces [p2p0, lo], ignoring those stats
01-02 00:19:41.944439   979  1005 D NetworkStatsRecorder: vpnArray:[Lcom.android.internal.net.VpnInfo;@6c299ca
01-02 00:19:41.944518   979  1005 W NetworkStatsRecorder: unknown interfaces [p2p0, lo], ignoring those stats
01-02 00:19:41.969077   979  1005 I chatty  : uid=1000(system) DuraSpeedEventT identical 1 line
01-02 00:19:41.969421   979  1005 W NetworkStatsRecorder: unknown interfaces [p2p0, lo], ignoring those stats
01-02 00:19:41.969779   979  1005 D NetworkStatsRecorder: vpnArray:[Lcom.android.internal.net.VpnInfo;@7f3373b
01-02 00:19:41.969921   979  1005 W NetworkStatsRecorder: unknown interfaces [p2p0, lo], ignoring those stats
01-02 00:19:41.970004   979  1005 D NetworkStatsRecorder: vpnArray:[Lcom.android.internal.net.VpnInfo;@7f3373b
01-02 00:19:41.970095   979  1005 W NetworkStatsRecorder: unknown interfaces [p2p0, lo], ignoring those stats
01-02 00:20:00.001085   979  1067 D DataShapingService: [isDataShapingWhitelistApp] packageName: android
01-02 00:20:00.001397   979  1067 D DataShapingUtils: [isDataShapingWhitelistApp] packageName: android, mWhitelist: []
01-02 00:20:00.001832   979  1067 D DataShapingService: [openLteDataUpLinkGate] isForce: false
01-02 00:20:00.001999   979  1067 D DataShapingService: Alarm manager openLteDataUpLinkGate: false
01-02 00:20:00.002077   979  1067 I DataShapingService: openLteGateSuccess = false
01-02 00:20:12.021199   979  1005 W NetworkStatsRecorder: unknown interfaces [p2p0, lo], ignoring those stats
01-02 00:20:12.021521   979  1005 W NetworkStatsRecorder: unknown interfaces [p2p0, lo], ignoring those stats
01-02 00:20:12.021881   979  1005 D NetworkStatsRecorder: vpnArray:[Lcom.android.internal.net.VpnInfo;@f2d3bb1
01-02 00:20:12.022051   979  1005 W NetworkStatsRecorder: unknown interfaces [p2p0, lo], ignoring those stats
01-02 00:20:12.022141   979  1005 D NetworkStatsRecorder: vpnArray:[Lcom.android.internal.net.VpnInfo;@f2d3bb1
01-02 00:20:12.022217   979  1005 W NetworkStatsRecorder: unknown interfaces [p2p0, lo], ignoring those stats
01-02 00:20:12.048550   979  1005 I chatty  : uid=1000(system) DuraSpeedEventT identical 1 line
01-02 00:20:12.048874   979  1005 W NetworkStatsRecorder: unknown interfaces [p2p0, lo], ignoring those stats
01-02 00:20:12.049461   979  1005 D NetworkStatsRecorder: vpnArray:[Lcom.android.internal.net.VpnInfo;@a588896
01-02 00:20:12.049606   979  1005 W NetworkStatsRecorder: unknown interfaces [p2p0, lo], ignoring those stats
01-02 00:20:12.049691   979  1005 D NetworkStatsRecorder: vpnArray:[Lcom.android.internal.net.VpnInfo;@a588896
01-02 00:20:12.049781   979  1005 W NetworkStatsRecorder: unknown interfaces [p2p0, lo], ignoring those stats
01-02 00:20:42.088033   979  1005 I chatty  : uid=1000(system) DuraSpeedEventT identical 1 line
01-02 00:20:42.088355   979  1005 W NetworkStatsRecorder: unknown interfaces [p2p0, lo], ignoring those stats
01-02 00:20:42.088705   979  1005 D NetworkStatsRecorder: vpnArray:[Lcom.android.internal.net.VpnInfo;@b540c17
01-02 00:20:42.088841   979  1005 W NetworkStatsRecorder: unknown interfaces [p2p0, lo], ignoring those stats
01-02 00:20:42.088942   979  1005 D NetworkStatsRecorder: vpnArray:[Lcom.android.internal.net.VpnInfo;@b540c17
01-02 00:20:42.089018   979  1005 W NetworkStatsRecorder: unknown interfaces [p2p0, lo], ignoring those stats
01-02 00:20:42.114040   979  1005 I chatty  : uid=1000(system) DuraSpeedEventT identical 1 line
01-02 00:20:42.114361   979  1005 W NetworkStatsRecorder: unknown interfaces [p2p0, lo], ignoring those stats
01-02 00:20:42.114726   979  1005 D NetworkStatsRecorder: vpnArray:[Lcom.android.internal.net.VpnInfo;@f425804
01-02 00:20:42.114866   979  1005 W NetworkStatsRecorder: unknown interfaces [p2p0, lo], ignoring those stats
01-02 00:20:42.114950   979  1005 D NetworkStatsRecorder: vpnArray:[Lcom.android.internal.net.VpnInfo;@f425804
01-02 00:20:42.115024   979  1005 W NetworkStatsRecorder: unknown interfaces [p2p0, lo], ignoring those stats
01-02 00:21:00.002069   979  1067 D DataShapingService: [isDataShapingWhitelistApp] packageName: android
01-02 00:21:00.002426   979  1067 D DataShapingUtils: [isDataShapingWhitelistApp] packageName: android, mWhitelist: []
01-02 00:21:00.002872   979  1067 D DataShapingService: [openLteDataUpLinkGate] isForce: false
01-02 00:21:00.003163   979  1067 D DataShapingService: Alarm manager openLteDataUpLinkGate: true
01-02 00:21:00.003349   979  1067 I DataShapingService: openLteGateSuccess = true
01-02 00:21:00.003514   979  1251 D DataShapingService: [handleMessage] msg_alarm_manager_trigger
01-02 00:21:11.010075   979  1226 D WifiController: battery changed pluggedType: 2
01-02 00:21:12.196977   979  1005 W NetworkStatsRecorder: unknown interfaces [p2p0, lo], ignoring those stats
01-02 00:21:12.197314   979  1005 W NetworkStatsRecorder: unknown interfaces [p2p0, lo], ignoring those stats
01-02 00:21:12.197699   979  1005 D NetworkStatsRecorder: vpnArray:[Lcom.android.internal.net.VpnInfo;@8e24346
01-02 00:21:12.197862   979  1005 W NetworkStatsRecorder: unknown interfaces [p2p0, lo], ignoring those stats
01-02 00:21:12.197976   979  1005 D NetworkStatsRecorder: vpnArray:[Lcom.android.internal.net.VpnInfo;@8e24346
01-02 00:21:12.198108   979  1005 W NetworkStatsRecorder: unknown interfaces [p2p0, lo], ignoring those stats
01-02 00:21:12.224109   979  1005 I chatty  : uid=1000(system) DuraSpeedEventT identical 1 line
01-02 00:21:12.224428   979  1005 W NetworkStatsRecorder: unknown interfaces [p2p0, lo], ignoring those stats
01-02 00:21:12.224818   979  1005 D NetworkStatsRecorder: vpnArray:[Lcom.android.internal.net.VpnInfo;@6fa2907
01-02 00:21:12.224962   979  1005 W NetworkStatsRecorder: unknown interfaces [p2p0, lo], ignoring those stats
01-02 00:21:12.225047   979  1005 D NetworkStatsRecorder: vpnArray:[Lcom.android.internal.net.VpnInfo;@6fa2907
01-02 00:21:12.225123   979  1005 W NetworkStatsRecorder: unknown interfaces [p2p0, lo], ignoring those stats
01-02 00:21:42.275702   979  1005 I chatty  : uid=1000(system) DuraSpeedEventT identical 1 line
01-02 00:21:42.276015   979  1005 W NetworkStatsRecorder: unknown interfaces [p2p0, lo], ignoring those stats
01-02 00:21:42.276358   979  1005 D NetworkStatsRecorder: vpnArray:[Lcom.android.internal.net.VpnInfo;@36dca34
01-02 00:21:42.276495   979  1005 W NetworkStatsRecorder: unknown interfaces [p2p0, lo], ignoring those stats
01-02 00:21:42.276606   979  1005 D NetworkStatsRecorder: vpnArray:[Lcom.android.internal.net.VpnInfo;@36dca34
01-02 00:21:42.276738   979  1005 W NetworkStatsRecorder: unknown interfaces [p2p0, lo], ignoring those stats
01-02 00:21:42.300702   979  1005 I chatty  : uid=1000(system) DuraSpeedEventT identical 1 line
01-02 00:21:42.301013   979  1005 W NetworkStatsRecorder: unknown interfaces [p2p0, lo], ignoring those stats
01-02 00:21:42.301378   979  1005 D NetworkStatsRecorder: vpnArray:[Lcom.android.internal.net.VpnInfo;@193205d
01-02 00:21:42.301531   979  1005 W NetworkStatsRecorder: unknown interfaces [p2p0, lo], ignoring those stats
01-02 00:21:42.301617   979  1005 D NetworkStatsRecorder: vpnArray:[Lcom.android.internal.net.VpnInfo;@193205d
01-02 00:21:42.301695   979  1005 W NetworkStatsRecorder: unknown interfaces [p2p0, lo], ignoring those stats
01-02 00:22:00.001217   979  1067 D DataShapingService: [isDataShapingWhitelistApp] packageName: android
01-02 00:22:00.001559   979  1067 D DataShapingUtils: [isDataShapingWhitelistApp] packageName: android, mWhitelist: []
01-02 00:22:00.002002   979  1067 D DataShapingService: [openLteDataUpLinkGate] isForce: false
01-02 00:22:00.002177   979  1067 D DataShapingService: Alarm manager openLteDataUpLinkGate: false
01-02 00:22:00.002295   979  1067 I DataShapingService: openLteGateSuccess = false
01-02 00:22:12.350347   979  1005 W NetworkStatsRecorder: unknown interfaces [p2p0, lo], ignoring those stats
01-02 00:22:12.350672   979  1005 W NetworkStatsRecorder: unknown interfaces [p2p0, lo], ignoring those stats
01-02 00:22:12.351017   979  1005 D NetworkStatsRecorder: vpnArray:[Lcom.android.internal.net.VpnInfo;@f864ea3
01-02 00:22:12.351158   979  1005 W NetworkStatsRecorder: unknown interfaces [p2p0, lo], ignoring those stats
01-02 00:22:12.351625   979  1005 D NetworkStatsRecorder: vpnArray:[Lcom.android.internal.net.VpnInfo;@f864ea3
01-02 00:22:12.351740   979  1005 W NetworkStatsRecorder: unknown interfaces [p2p0, lo], ignoring those stats
01-02 00:22:12.377145   979  1005 I chatty  : uid=1000(system) DuraSpeedEventT identical 1 line
01-02 00:22:12.377454   979  1005 W NetworkStatsRecorder: unknown interfaces [p2p0, lo], ignoring those stats
01-02 00:22:12.377787   979  1005 D NetworkStatsRecorder: vpnArray:[Lcom.android.internal.net.VpnInfo;@d3755a0
01-02 00:22:12.377903   979  1005 W NetworkStatsRecorder: unknown interfaces [p2p0, lo], ignoring those stats
01-02 00:22:12.377985   979  1005 D NetworkStatsRecorder: vpnArray:[Lcom.android.internal.net.VpnInfo;@d3755a0
01-02 00:22:12.378059   979  1005 W NetworkStatsRecorder: unknown interfaces [p2p0, lo], ignoring those stats
01-02 00:22:42.475233   979  1005 I chatty  : uid=1000(system) DuraSpeedEventT identical 1 line
01-02 00:22:42.475867   979  1005 W NetworkStatsRecorder: unknown interfaces [p2p0, lo], ignoring those stats
01-02 00:22:42.476206   979  1005 D NetworkStatsRecorder: vpnArray:[Lcom.android.internal.net.VpnInfo;@c4c2bcc
01-02 00:22:42.476303   979  1005 W NetworkStatsRecorder: unknown interfaces [p2p0, lo], ignoring those stats
01-02 00:22:42.476382   979  1005 D NetworkStatsRecorder: vpnArray:[Lcom.android.internal.net.VpnInfo;@c4c2bcc
01-02 00:22:42.476473   979  1005 W NetworkStatsRecorder: unknown interfaces [p2p0, lo], ignoring those stats
01-02 00:22:42.507233   979  1005 I chatty  : uid=1000(system) DuraSpeedEventT identical 1 line
01-02 00:22:42.507702   979  1005 W NetworkStatsRecorder: unknown interfaces [p2p0, lo], ignoring those stats
01-02 00:22:42.508228   979  1005 D NetworkStatsRecorder: vpnArray:[Lcom.android.internal.net.VpnInfo;@d8efe15
01-02 00:22:42.508387   979  1005 W NetworkStatsRecorder: unknown interfaces [p2p0, lo], ignoring those stats
01-02 00:22:42.508536   979  1005 D NetworkStatsRecorder: vpnArray:[Lcom.android.internal.net.VpnInfo;@d8efe15
01-02 00:22:42.508669   979  1005 W NetworkStatsRecorder: unknown interfaces [p2p0, lo], ignoring those stats
01-02 00:23:00.002256   979  1067 D DataShapingService: [isDataShapingWhitelistApp] packageName: android
01-02 00:23:00.002585   979  1067 D DataShapingUtils: [isDataShapingWhitelistApp] packageName: android, mWhitelist: []
01-02 00:23:00.003037   979  1067 D DataShapingService: [openLteDataUpLinkGate] isForce: false
01-02 00:23:00.003218   979  1067 D DataShapingService: Alarm manager openLteDataUpLinkGate: false
01-02 00:23:00.003479   979  1067 I DataShapingService: openLteGateSuccess = false
01-02 00:23:12.532644   979  1005 W NetworkStatsRecorder: unknown interfaces [p2p0, lo], ignoring those stats
01-02 00:23:12.532981   979  1005 W NetworkStatsRecorder: unknown interfaces [p2p0, lo], ignoring those stats
01-02 00:23:12.533356   979  1005 D NetworkStatsRecorder: vpnArray:[Lcom.android.internal.net.VpnInfo;@ba4ef1b
01-02 00:23:12.533502   979  1005 W NetworkStatsRecorder: unknown interfaces [p2p0, lo], ignoring those stats
01-02 00:23:12.533587   979  1005 D NetworkStatsRecorder: vpnArray:[Lcom.android.internal.net.VpnInfo;@ba4ef1b
01-02 00:23:12.533701   979  1005 W NetworkStatsRecorder: unknown interfaces [p2p0, lo], ignoring those stats
01-02 00:23:12.559889   979  1005 I chatty  : uid=1000(system) DuraSpeedEventT identical 1 line
01-02 00:23:12.560212   979  1005 W NetworkStatsRecorder: unknown interfaces [p2p0, lo], ignoring those stats
01-02 00:23:12.560562   979  1005 D NetworkStatsRecorder: vpnArray:[Lcom.android.internal.net.VpnInfo;@ff638b8
01-02 00:23:12.560699   979  1005 W NetworkStatsRecorder: unknown interfaces [p2p0, lo], ignoring those stats
01-02 00:23:12.560802   979  1005 D NetworkStatsRecorder: vpnArray:[Lcom.android.internal.net.VpnInfo;@ff638b8
01-02 00:23:12.560939   979  1005 W NetworkStatsRecorder: unknown interfaces [p2p0, lo], ignoring those stats
01-02 00:23:42.684311   979  1005 I chatty  : uid=1000(system) DuraSpeedEventT identical 1 line
01-02 00:23:42.684627   979  1005 W NetworkStatsRecorder: unknown interfaces [p2p0, lo], ignoring those stats
01-02 00:23:42.685211   979  1005 D NetworkStatsRecorder: vpnArray:[Lcom.android.internal.net.VpnInfo;@76e6691
01-02 00:23:42.685370   979  1005 W NetworkStatsRecorder: unknown interfaces [p2p0, lo], ignoring those stats
01-02 00:23:42.685461   979  1005 D NetworkStatsRecorder: vpnArray:[Lcom.android.internal.net.VpnInfo;@76e6691
01-02 00:23:42.685539   979  1005 W NetworkStatsRecorder: unknown interfaces [p2p0, lo], ignoring those stats
01-02 00:23:42.709936   979  1005 I chatty  : uid=1000(system) DuraSpeedEventT identical 1 line
01-02 00:23:42.710254   979  1005 W NetworkStatsRecorder: unknown interfaces [p2p0, lo], ignoring those stats
01-02 00:23:42.710589   979  1005 D NetworkStatsRecorder: vpnArray:[Lcom.android.internal.net.VpnInfo;@26809f6
01-02 00:23:42.710726   979  1005 W NetworkStatsRecorder: unknown interfaces [p2p0, lo], ignoring those stats
01-02 00:23:42.710828   979  1005 D NetworkStatsRecorder: vpnArray:[Lcom.android.internal.net.VpnInfo;@26809f6
01-02 00:23:42.710905   979  1005 W NetworkStatsRecorder: unknown interfaces [p2p0, lo], ignoring those stats
01-02 00:24:00.002402   979  1067 D DataShapingService: [isDataShapingWhitelistApp] packageName: android
01-02 00:24:00.002741   979  1067 D DataShapingUtils: [isDataShapingWhitelistApp] packageName: android, mWhitelist: []
01-02 00:24:00.003182   979  1067 D DataShapingService: [openLteDataUpLinkGate] isForce: false
01-02 00:24:00.003563   979  1067 D DataShapingService: Alarm manager openLteDataUpLinkGate: false
01-02 00:24:00.003695   979  1067 I DataShapingService: openLteGateSuccess = false
01-02 00:24:11.011555   979  1226 D WifiController: battery changed pluggedType: 2
01-02 00:24:12.786880   979  1005 W NetworkStatsRecorder: unknown interfaces [p2p0, lo], ignoring those stats
01-02 00:24:12.787513   979  1005 W NetworkStatsRecorder: unknown interfaces [p2p0, lo], ignoring those stats
01-02 00:24:12.787979   979  1005 D NetworkStatsRecorder: vpnArray:[Lcom.android.internal.net.VpnInfo;@322864
01-02 00:24:12.788138   979  1005 W NetworkStatsRecorder: unknown interfaces [p2p0, lo], ignoring those stats
01-02 00:24:12.788222   979  1005 D NetworkStatsRecorder: vpnArray:[Lcom.android.internal.net.VpnInfo;@322864
01-02 00:24:12.788298   979  1005 W NetworkStatsRecorder: unknown interfaces [p2p0, lo], ignoring those stats
01-02 00:24:12.812187   979  1005 I chatty  : uid=1000(system) DuraSpeedEventT identical 1 line
01-02 00:24:12.812470   979  1005 W NetworkStatsRecorder: unknown interfaces [p2p0, lo], ignoring those stats
01-02 00:24:12.812745   979  1005 D NetworkStatsRecorder: vpnArray:[Lcom.android.internal.net.VpnInfo;@f01dacd
01-02 00:24:12.812812   979  1005 W NetworkStatsRecorder: unknown interfaces [p2p0, lo], ignoring those stats
01-02 00:24:12.812880   979  1005 D NetworkStatsRecorder: vpnArray:[Lcom.android.internal.net.VpnInfo;@f01dacd
01-02 00:24:12.812938   979  1005 W NetworkStatsRecorder: unknown interfaces [p2p0, lo], ignoring those stats
01-02 00:24:13.668995   979   995 V WindowOrientationListener: Proposed rotation changed!  proposedRotation=0, oldProposedRotation=-1
01-02 00:24:16.107993   979   995 I chatty  : uid=1000(system) android.ui identical 1 line
01-02 00:24:17.232569   979   995 V WindowOrientationListener: Proposed rotation changed!  proposedRotation=0, oldProposedRotation=-1
01-02 00:24:18.278516   979  1245 E UsbDeviceManager: unknown state HWDISCONNECTED
01-02 00:24:18.291385   979   994 W BroadcastQueue: Background execution not allowed: receiving Intent { act=android.intent.action.ACTION_POWER_DISCONNECTED flg=0x4000010 (has extras) } to com.google.android.apps.photos/.scheduler.PowerReceiver
01-02 00:24:18.295846   979   979 D DL-PowerManagerService: onReceive: android.intent.action.ACTION_POWER_DISCONNECTED
01-02 00:24:18.296190   979   979 D DL-PowerManagerService: updateScreenTimeout: mIsPowered=false
01-02 00:24:18.303660   979   979 D DL-PowerManagerService: updateScreenTimeout: timeout=60000
01-02 00:24:18.304346   979   979 V SettingsProvider: name : screen_off_timeout appId : 1000
01-02 00:24:18.306884   979  1226 D WifiController: battery changed pluggedType: 0
01-02 00:24:18.307588   979   993 D DataShapingService: onParoleStateChanged is false
01-02 00:24:18.308243   979  1251 D GateOpenLockedState: [onAPPStandbyStateChanged] APPStandby parole state is =false
01-02 00:24:18.308495   979  1251 D DataShapingUtils: [isNetworkTypeLte] mCurrentNetworkType: 0
01-02 00:24:18.308676   979  1251 D DataShapingUtils: [isScreenOn] true
01-02 00:24:18.313984   979  1251 D DataShapingUtils: [isSharedDefaultApnEstablished]: false
01-02 00:24:18.314344   979  1251 D DataShapingUtils: [isWifiTetheringEnabled] isWifiApEnabled: false
01-02 00:24:18.314590   979  1251 D DataShapingUtils: [isAppIdleParoleOn] App Standby is enable
01-02 00:24:18.315015   979  1251 D DataShapingUtils: [canTurnFromLockedToOpen] isNetworkTypeLte|false isScreenOn|true isSharedDefaultApnEstablised|false isUsbConnected|true isWifiTetheringEnabled|false isAppIdleParoleOn|false isDeviceIdleEnable|false isLteDataOn|false
01-02 00:24:18.315102   979  1251 D DataShapingUtils: [canTurnFromLockedToOpen]: false
01-02 00:24:18.315158   979  1251 D GateOpenLockedState: Still stay in Open Locked state!
01-02 00:24:18.320647   979   997 E BatteryExternalStatsWorker: no controller energy info supplied for wifi
01-02 00:24:18.320889   979   997 E BatteryExternalStatsWorker: no controller energy info supplied for bluetooth
01-02 00:24:18.335864   979  1005 D DuraSpeed/DuraSpeedService: [onPlaybackConfigChanged], play music packageNames:[]
01-02 00:24:18.365538   979   997 I BatteryStatsImpl: Resetting battery stats: level=100 status=2 dischargeLevel=100 lowAmount=0 highAmount=0
01-02 00:24:18.375216   979  1005 D DuraSpeed/DuraSpeedService: [onPlaybackConfigChanged], play music packageNames:[]
01-02 00:24:18.408789   979  1226 D WifiController: battery changed pluggedType: 0
01-02 00:24:19.280199   979   999 D UsbDeviceManager: Clear notification
01-02 00:24:19.290969   979   979 D DataShapingService: received broadcast, action is: android.hardware.usb.action.USB_STATE
01-02 00:24:19.291836   979  1251 D DataShapingService: [handleMessage] msg_usb_state_changed
01-02 00:24:19.292018   979  1251 D DataShapingUtils: [isUsbConnectedIntent] isUsbConnected: false,mIsUsbConnected:false
01-02 00:24:19.292204   979  1251 D DataShapingUtils: [isNetworkTypeLte] mCurrentNetworkType: 0
01-02 00:24:19.292325   979  1251 D DataShapingUtils: [isScreenOn] true
01-02 00:24:19.299583   979  1251 D DataShapingUtils: [isSharedDefaultApnEstablished]: false
01-02 00:24:19.300076   979  1251 D DataShapingUtils: [isWifiTetheringEnabled] isWifiApEnabled: false
01-02 00:24:19.300350   979  1251 D DataShapingUtils: [isAppIdleParoleOn] App Standby is enable
01-02 00:24:19.300834   979  1251 D DataShapingUtils: [canTurnFromLockedToOpen] isNetworkTypeLte|false isScreenOn|true isSharedDefaultApnEstablised|false isUsbConnected|false isWifiTetheringEnabled|false isAppIdleParoleOn|false isDeviceIdleEnable|false isLteDataOn|false
01-02 00:24:19.300978   979  1251 D DataShapingUtils: [canTurnFromLockedToOpen]: false
01-02 00:24:19.301039   979  1251 D GateOpenLockedState: Still stay in Open Locked state!
01-02 00:24:21.359692   979   979 I EntropyMixer: Writing entropy...
01-02 00:24:21.363068   979   994 W BroadcastQueue: Background execution not allowed: receiving Intent { act=android.intent.action.ACTION_POWER_CONNECTED flg=0x4000010 (has extras) } to com.google.android.apps.photos/.scheduler.PowerReceiver
01-02 00:24:21.376098   979   997 E BatteryExternalStatsWorker: no controller energy info supplied for wifi
01-02 00:24:21.380323   979   997 E BatteryExternalStatsWorker: no controller energy info supplied for bluetooth
01-02 00:24:21.387961   979   995 V WindowOrientationListener: Proposed rotation changed!  proposedRotation=0, oldProposedRotation=-1
01-02 00:24:21.391504   979   979 D DL-PowerManagerService: onReceive: android.intent.action.ACTION_POWER_CONNECTED
01-02 00:24:21.391677   979   979 D DL-PowerManagerService: updateScreenTimeout: mIsPowered=true
01-02 00:24:21.398940   979   979 D DL-PowerManagerService: updateScreenTimeout: timeout=300000
01-02 00:24:21.399823   979   979 V SettingsProvider: name : screen_off_timeout appId : 1000
01-02 00:24:21.404470   979   993 D DataShapingService: onParoleStateChanged is true
01-02 00:24:21.405550   979  1226 D WifiController: battery changed pluggedType: 2
01-02 00:24:21.405757   979  1251 D GateOpenLockedState: [onAPPStandbyStateChanged] APPStandby parole state is =true
01-02 00:24:21.442588   979  1005 D DuraSpeed/DuraSpeedService: [onPlaybackConfigChanged], play music packageNames:[]
01-02 00:24:21.474907   979  1005 D DuraSpeed/DuraSpeedService: [onPlaybackConfigChanged], play music packageNames:[]
01-02 00:24:21.552853   979   999 D UsbDeviceManager: push notification:USB charging this device
01-02 00:24:21.561564   979   979 D DataShapingService: received broadcast, action is: android.hardware.usb.action.USB_STATE
01-02 00:24:21.561924   979  1251 D DataShapingService: [handleMessage] msg_usb_state_changed
01-02 00:24:21.562058   979  1251 D DataShapingUtils: [isUsbConnectedIntent] isUsbConnected: true,mIsUsbConnected:true
01-02 00:24:21.573578   979   979 D DataShapingService: received broadcast, action is: android.hardware.usb.action.USB_STATE
01-02 00:24:21.573990   979  1251 D DataShapingService: [handleMessage] msg_usb_state_changed
01-02 00:24:21.574131   979  1251 D DataShapingUtils: [isUsbConnectedIntent] isUsbConnected: true,mIsUsbConnected:true
01-02 00:24:22.402942   979  4947 D UsbDebuggingManager: Received public key: QAAAAA+UWHgRJcjnzlsCzM8UOwQAJPxICW00xGALSRsxQDDg+bBjpe1mCx2PqtjORqurKEQTktqpSOUBYJm1yifg7pb2c5T1dkDgkHFB5ll3yl4b8Y2glQtBABlxpc5X9LEg1j5+w1pRCyB61eXC+jrhLK0yceyywWRr0UQayzZvEsP5iyvgcOjAUeb0FmxIlApnNnX5/qMbkxK6df4FH2vn9pFxhf8/D0uNT3EHYvnHr/8pykj5PHrV8bg7YJM10zbFRqoRdFUNYn3PxHFjtphEtT5/h82/8wYLL7CogxW+akH5nw/5bU1NbFQm57Xt1GIQvtTAvkBfxZu3Q+oSXXrMVqLPWS/Ppg0qAJLz2t2RfD4EUwuvSIb5njdvMcNUZtv/K6FumSqD1wJIwv0Hn9VKTgPnKeRRsyOkwAsfPL6IHUTaylWRGyp1bJjcZ276PvVMJh8UeMosIXjX7y68SlGBKk28HhScOAyqRFCkKICVU3gaRGETCxVWbA10HbdkC+hKHYaeJFdk/kGhkHxAhKnJiByGLvQFB5q3cFeGUozJv66uGBujDf2kbDeOWDZ9+ebebWQGKT+Pi7hg+lvJikzGojxWbWNfm0m4xc0zdjEsCfidiulf/l7+A2DVqNrtH82yqNyibkB/PHth0Su9dxAIS5IjrF+StJ3a6TnESSNan1WSh3R8rAEAAQA= unknown@unknown
01-02 00:24:22.405754   979   999 I ActivityManager: START u0 {flg=0x10000000 cmp=com.android.systemui/.usb.UsbDebuggingActivity (has extras)} from uid 1000
01-02 00:24:22.433681   979  3409 D DL-PowerManagerService: isBatteryCoverOpen
01-02 00:24:22.433778   979  1005 D DuraSpeed/DSPolicyBase: [setCurrentLauncher] = com.android.launcher3
01-02 00:24:22.434443   979  1005 D DuraSpeed/AWSManager: [setCurrentLauncher] = com.android.launcher3
01-02 00:24:22.434532   979  1005 D DuraSpeed/DuraSpeedInternalManager: switchState currentPackage = com.android.systemui, event =1004
01-02 00:24:22.435161   979  1005 D DuraSpeed/DuraSpeedInternalManager: switchState end
01-02 00:24:22.446025   979  3409 V WindowManager: Set focused app to: AppWindowToken{ca1802c token=Token{a39bdf ActivityRecord{340da7e u0 com.android.systemui/.usb.UsbDebuggingActivity t655}}} old focus=AppWindowToken{eb26872 token=Token{3f2a0d3 ActivityRecord{74dcac2 u0 com.android.launcher3/com.android.searchlauncher.SearchLauncher t3}}} moveFocusNow=true
01-02 00:24:22.446699   979  3409 V WindowManager: findFocusedWindow: Reached focused app=AppWindowToken{ca1802c token=Token{a39bdf ActivityRecord{340da7e u0 com.android.systemui/.usb.UsbDebuggingActivity t655}}}
01-02 00:24:22.447094   979  3409 V WindowManager: Changing focus from Window{bc5f30d u0 com.android.launcher3/com.android.searchlauncher.SearchLauncher} to null Callers=com.android.server.wm.WindowManagerService.setFocusedApp:2738 com.android.server.am.ActivityManagerService.setResumedActivityUncheckLocked:3259 com.android.server.am.ActivityStack.setResumedActivityLocked:2284 com.android.server.am.ActivityStack.minimalResumeActivityLocked:1093 
01-02 00:24:22.447305   979  3409 D WindowManager: Input focus has changed to null
01-02 00:24:22.450194   979  1001 I WindowManager: Focus moving from Window{bc5f30d u0 com.android.launcher3/com.android.searchlauncher.SearchLauncher} to null
01-02 00:24:22.502020   979  2033 I WindowManager: Relayout Window{793bb56 u0 com.android.systemui/com.android.systemui.usb.UsbDebuggingActivity}: oldVis=4 newVis=0 focusMayChange = true
01-02 00:24:22.509965   979  2033 V WindowManager: Changing focus from null to Window{793bb56 u0 com.android.systemui/com.android.systemui.usb.UsbDebuggingActivity} Callers=com.android.server.wm.WindowManagerService.relayoutWindow:2170 com.android.server.wm.Session.relayout:239 android.view.IWindowSession$Stub.onTransact:286 com.android.server.wm.Session.onTransact:163 
01-02 00:24:22.510154   979  2033 D WindowManager: Input focus has changed to Window{793bb56 u0 com.android.systemui/com.android.systemui.usb.UsbDebuggingActivity}
01-02 00:24:22.517938   979  1001 I WindowManager: Focus moving from null to Window{793bb56 u0 com.android.systemui/com.android.systemui.usb.UsbDebuggingActivity}
01-02 00:24:22.551533   979  2033 D IdleScreen: activityIdleScreen: android.app.ContextImpl@fd7e570 mNotifyNeeded: false idleIntent: Intent { flg=0x10800000 cmp=com.android.systemui/.usb.UsbDebuggingActivity (has extras) }
01-02 00:24:23.613715   979  3409 V WindowManager: Changing focus from Window{793bb56 u0 com.android.systemui/com.android.systemui.usb.UsbDebuggingActivity} to Window{bc5f30d u0 com.android.launcher3/com.android.searchlauncher.SearchLauncher} Callers=com.android.server.wm.DisplayContent.layoutAndAssignWindowLayersIfNeeded:2314 com.android.server.wm.StackWindowController.positionChildAtTop:159 com.android.server.am.ActivityStack.insertTaskAtTop:2830 com.android.server.am.ActivityStack.moveToFront:865 
01-02 00:24:23.613858   979  3409 D WindowManager: Input focus has changed to Window{bc5f30d u0 com.android.launcher3/com.android.searchlauncher.SearchLauncher}
01-02 00:24:23.616631   979  1001 I WindowManager: Focus moving from Window{793bb56 u0 com.android.systemui/com.android.systemui.usb.UsbDebuggingActivity} to Window{bc5f30d u0 com.android.launcher3/com.android.searchlauncher.SearchLauncher}
01-02 00:24:23.621546   979  1005 D DuraSpeed/DSPolicyBase: [setCurrentLauncher] = com.android.launcher3
01-02 00:24:23.622235   979  1005 D DuraSpeed/AWSManager: [setCurrentLauncher] = com.android.launcher3
01-02 00:24:23.622319   979  1005 D DuraSpeed/DuraSpeedInternalManager: switchState currentPackage = com.android.launcher3, event =1004
01-02 00:24:23.622930   979  1005 D DuraSpeed/DuraSpeedInternalManager: switchState end
01-02 00:24:23.632719   979  2503 V WindowManager: Set focused app to: AppWindowToken{eb26872 token=Token{3f2a0d3 ActivityRecord{74dcac2 u0 com.android.launcher3/com.android.searchlauncher.SearchLauncher t3}}} old focus=AppWindowToken{ca1802c token=Token{a39bdf ActivityRecord{340da7e u0 com.android.systemui/.usb.UsbDebuggingActivity t655}}} moveFocusNow=true
01-02 00:24:23.633363   979  1005 D DuraSpeed/DSPolicyBase: [setCurrentLauncher] = com.android.launcher3
01-02 00:24:23.634066   979  1005 D DuraSpeed/AWSManager: [setCurrentLauncher] = com.android.launcher3
01-02 00:24:23.634206   979  1005 D DuraSpeed/DuraSpeedInternalManager: switchState currentPackage = com.android.launcher3, event =1004
01-02 00:24:23.634301   979  1005 D DuraSpeed/DuraSpeedInternalManager: switchState end
01-02 00:24:23.644438   979  2503 D DL-PowerManagerService: isBatteryCoverOpen
01-02 00:24:23.732960   979 11208 D IdleScreen: activityIdleScreen: android.app.ContextImpl@fd7e570 mNotifyNeeded: false idleIntent: Intent { act=android.intent.action.MAIN cat=[android.intent.category.HOME] flg=0x10208000 cmp=com.android.launcher3/com.android.searchlauncher.SearchLauncher }
01-02 00:24:36.469219   979  1067 D DataShapingService: [isDataShapingWhitelistApp] packageName: com.google.android.gms
01-02 00:24:36.469539   979  1067 D DataShapingUtils: [isDataShapingWhitelistApp] packageName: com.google.android.gms, mWhitelist: []
01-02 00:24:36.470276   979  1067 D DataShapingService: [openLteDataUpLinkGate] isForce: false
01-02 00:24:36.470451   979  1067 D DataShapingService: Alarm manager openLteDataUpLinkGate: false
01-02 00:24:36.470531   979  1067 I DataShapingService: openLteGateSuccess = false
01-02 00:24:42.851093   979  1005 W NetworkStatsRecorder: unknown interfaces [p2p0, lo], ignoring those stats
01-02 00:24:42.851493   979  1005 W NetworkStatsRecorder: unknown interfaces [p2p0, lo], ignoring those stats
01-02 00:24:42.851859   979  1005 D NetworkStatsRecorder: vpnArray:[Lcom.android.internal.net.VpnInfo;@c81a8e1
01-02 00:24:42.852001   979  1005 W NetworkStatsRecorder: unknown interfaces [p2p0, lo], ignoring those stats
01-02 00:24:42.852116   979  1005 D NetworkStatsRecorder: vpnArray:[Lcom.android.internal.net.VpnInfo;@c81a8e1
01-02 00:24:42.852239   979  1005 W NetworkStatsRecorder: unknown interfaces [p2p0, lo], ignoring those stats
01-02 00:24:42.857874   979  1005 D NetworkStatsRecorder: loadLocked() reading from disk for uid
01-02 00:24:42.879084   979  1005 W NetworkStatsRecorder: unknown interfaces [p2p0, lo], ignoring those stats
01-02 00:24:42.879529   979  1005 W NetworkStatsRecorder: unknown interfaces [p2p0, lo], ignoring those stats
01-02 00:24:42.879967   979  1005 D NetworkStatsRecorder: vpnArray:[Lcom.android.internal.net.VpnInfo;@3afa606
01-02 00:24:42.880164   979  1005 W NetworkStatsRecorder: unknown interfaces [p2p0, lo], ignoring those stats
01-02 00:24:42.880253   979  1005 D NetworkStatsRecorder: vpnArray:[Lcom.android.internal.net.VpnInfo;@3afa606
01-02 00:24:42.880355   979  1005 W NetworkStatsRecorder: unknown interfaces [p2p0, lo], ignoring those stats
01-02 00:25:00.001804   979  1067 D DataShapingService: [isDataShapingWhitelistApp] packageName: android
01-02 00:25:00.002270   979  1067 D DataShapingUtils: [isDataShapingWhitelistApp] packageName: android, mWhitelist: []
01-02 00:25:00.002697   979  1067 D DataShapingService: [openLteDataUpLinkGate] isForce: false
01-02 00:25:00.002860   979  1067 D DataShapingService: Alarm manager openLteDataUpLinkGate: false
01-02 00:25:00.002939   979  1067 I DataShapingService: openLteGateSuccess = false
01-02 00:25:06.957437   979  1067 D DataShapingService: [isDataShapingWhitelistApp] packageName: com.google.android.gms
01-02 00:25:06.957770   979  1067 D DataShapingUtils: [isDataShapingWhitelistApp] packageName: com.google.android.gms, mWhitelist: []
01-02 00:25:06.958199   979  1067 D DataShapingService: [openLteDataUpLinkGate] isForce: false
01-02 00:25:06.958365   979  1067 D DataShapingService: Alarm manager openLteDataUpLinkGate: false
01-02 00:25:06.958444   979  1067 I DataShapingService: openLteGateSuccess = false
01-02 00:25:12.967043   979  1005 W NetworkStatsRecorder: unknown interfaces [p2p0, lo], ignoring those stats
01-02 00:25:12.967542   979  1005 W NetworkStatsRecorder: unknown interfaces [p2p0, lo], ignoring those stats
01-02 00:25:12.967932   979  1005 D NetworkStatsRecorder: vpnArray:[Lcom.android.internal.net.VpnInfo;@901c92
01-02 00:25:12.968079   979  1005 W NetworkStatsRecorder: unknown interfaces [p2p0, lo], ignoring those stats
01-02 00:25:12.968164   979  1005 D NetworkStatsRecorder: vpnArray:[Lcom.android.internal.net.VpnInfo;@901c92
01-02 00:25:12.968243   979  1005 W NetworkStatsRecorder: unknown interfaces [p2p0, lo], ignoring those stats
01-02 00:25:12.993952   979  1005 I chatty  : uid=1000(system) DuraSpeedEventT identical 1 line
01-02 00:25:12.994294   979  1005 W NetworkStatsRecorder: unknown interfaces [p2p0, lo], ignoring those stats
01-02 00:25:12.994641   979  1005 D NetworkStatsRecorder: vpnArray:[Lcom.android.internal.net.VpnInfo;@fcd663
01-02 00:25:12.994732   979  1005 W NetworkStatsRecorder: unknown interfaces [p2p0, lo], ignoring those stats
01-02 00:25:12.994827   979  1005 D NetworkStatsRecorder: vpnArray:[Lcom.android.internal.net.VpnInfo;@fcd663
01-02 00:25:12.994903   979  1005 W NetworkStatsRecorder: unknown interfaces [p2p0, lo], ignoring those stats
01-02 00:25:29.764842   979  1001 I WindowManager: Focus moving from Window{bc5f30d u0 com.android.launcher3/com.android.searchlauncher.SearchLauncher} to Window{595d8e7 u0 StatusBar}
01-02 00:25:37.379225   979  1001 I WindowManager: Focus moving from Window{595d8e7 u0 StatusBar} to Window{bc5f30d u0 com.android.launcher3/com.android.searchlauncher.SearchLauncher}
01-02 00:25:38.359699   979  1001 I WindowManager: Focus moving from Window{bc5f30d u0 com.android.launcher3/com.android.searchlauncher.SearchLauncher} to Window{595d8e7 u0 StatusBar}
01-02 00:25:41.184548   979 11208 I ActivityManager: START u0 {flg=0x10000000 cmp=com.mediatek.mtklogger/.MainActivity} from uid 10061
01-02 00:25:41.190731   979  3409 V WindowManager: Changing focus from Window{595d8e7 u0 StatusBar} to Window{bc5f30d u0 com.android.launcher3/com.android.searchlauncher.SearchLauncher} Callers=com.android.server.wm.WindowManagerService.relayoutWindow:2170 com.android.server.wm.Session.relayout:239 android.view.IWindowSession$Stub.onTransact:286 com.android.server.wm.Session.onTransact:163 
01-02 00:25:41.190936   979  3409 D WindowManager: Input focus has changed to Window{bc5f30d u0 com.android.launcher3/com.android.searchlauncher.SearchLauncher}
01-02 00:25:41.198248   979  1001 I WindowManager: Focus moving from Window{595d8e7 u0 StatusBar} to Window{bc5f30d u0 com.android.launcher3/com.android.searchlauncher.SearchLauncher}
01-02 00:25:41.209400   979  1005 D DuraSpeed/DSPolicyBase: [setCurrentLauncher] = com.android.launcher3
01-02 00:25:41.209828   979  3409 E ActivityManager: applyOptionsLocked: Unknown animationType=0
01-02 00:25:41.210129   979  3409 V WindowManager: Set focused app to: AppWindowToken{344ca0e token=Token{8d94ef8 ActivityRecord{6e9765b u0 com.mediatek.mtklogger/.MainActivity t653}}} old focus=AppWindowToken{eb26872 token=Token{3f2a0d3 ActivityRecord{74dcac2 u0 com.android.launcher3/com.android.searchlauncher.SearchLauncher t3}}} moveFocusNow=true
01-02 00:25:41.210237   979  1005 D DuraSpeed/AWSManager: [setCurrentLauncher] = com.android.launcher3
01-02 00:25:41.210300   979  1005 D DuraSpeed/DuraSpeedInternalManager: switchState currentPackage = com.mediatek.mtklogger, event =1004
01-02 00:25:41.210892   979  3409 V WindowManager: findFocusedWindow: Reached focused app=AppWindowToken{344ca0e token=Token{8d94ef8 ActivityRecord{6e9765b u0 com.mediatek.mtklogger/.MainActivity t653}}}
01-02 00:25:41.211315   979  3409 V WindowManager: Changing focus from Window{bc5f30d u0 com.android.launcher3/com.android.searchlauncher.SearchLauncher} to null Callers=com.android.server.wm.WindowManagerService.setFocusedApp:2738 com.android.server.am.ActivityManagerService.setResumedActivityUncheckLocked:3259 com.android.server.am.ActivityStack.setResumedActivityLocked:2284 com.android.server.am.ActivityStack.resumeTopActivityInnerLocked:2599 
01-02 00:25:41.211484   979  3409 D WindowManager: Input focus has changed to null
01-02 00:25:41.211614   979  1005 D DuraSpeed/DuraSpeedInternalManager: switchState end
01-02 00:25:41.225980   979  3409 D DL-PowerManagerService: isBatteryCoverOpen
01-02 00:25:41.228033   979  1001 I WindowManager: Focus moving from Window{bc5f30d u0 com.android.launcher3/com.android.searchlauncher.SearchLauncher} to null
01-02 00:25:41.254627   979  2503 I WindowManager: Relayout Window{3222c2b u0 com.mediatek.mtklogger/com.mediatek.mtklogger.MainActivity}: oldVis=4 newVis=0 focusMayChange = true
01-02 00:25:41.257779   979  2503 V WindowManager: Changing focus from null to Window{3222c2b u0 com.mediatek.mtklogger/com.mediatek.mtklogger.MainActivity} Callers=com.android.server.wm.WindowManagerService.relayoutWindow:2170 com.android.server.wm.Session.relayout:239 android.view.IWindowSession$Stub.onTransact:286 com.android.server.wm.Session.onTransact:163 
01-02 00:25:41.257983   979  2503 D WindowManager: Input focus has changed to Window{3222c2b u0 com.mediatek.mtklogger/com.mediatek.mtklogger.MainActivity}
01-02 00:25:41.264960   979  1001 I WindowManager: Focus moving from null to Window{3222c2b u0 com.mediatek.mtklogger/com.mediatek.mtklogger.MainActivity}
01-02 00:25:41.291908   979  2033 V WindowManager: Changing focus from Window{3222c2b u0 com.mediatek.mtklogger/com.mediatek.mtklogger.MainActivity} to Window{7b40708 u0 Starting logs} Callers=com.android.server.wm.WindowManagerService.addWindow:1573 com.android.server.wm.Session.addToDisplay:202 android.view.IWindowSession$Stub.onTransact:124 com.android.server.wm.Session.onTransact:163 
01-02 00:25:41.293681   979  2033 D WindowManager: Input focus has changed to Window{7b40708 u0 Starting logs}
01-02 00:25:41.295407   979  1001 I WindowManager: Focus moving from Window{3222c2b u0 com.mediatek.mtklogger/com.mediatek.mtklogger.MainActivity} to Window{7b40708 u0 Starting logs}
01-02 00:25:41.433876   979  1001 I WindowManager: Losing delayed focus: Window{3222c2b u0 com.mediatek.mtklogger/com.mediatek.mtklogger.MainActivity}
01-02 00:25:41.464602   979  3409 D IdleScreen: activityIdleScreen: android.app.ContextImpl@fd7e570 mNotifyNeeded: false idleIntent: Intent { flg=0x10000000 cmp=com.mediatek.mtklogger/.MainActivity }
01-02 00:25:41.822052   979  3409 V WindowManager: Remove Window{7b40708 u0 Starting logs} client=dbac4ab, surfaceController=Surface(name=Starting logs) Callers=com.android.server.wm.WindowState.removeIfPossible:1860 com.android.server.wm.WindowManagerService.removeWindow:1740 com.android.server.wm.Session.remove:222 android.view.IWindowSession$Stub.onTransact:242 com.android.server.wm.Session.onTransact:163 
01-02 00:25:41.824174   979  3409 V WindowManager: Changing focus from Window{7b40708 u0 Starting logs EXITING} to Window{3222c2b u0 com.mediatek.mtklogger/com.mediatek.mtklogger.MainActivity} Callers=com.android.server.wm.WindowState.setupWindowForRemoveOnExit:2008 com.android.server.wm.WindowState.removeIfPossible:1980 com.android.server.wm.WindowState.removeIfPossible:1860 com.android.server.wm.WindowManagerService.removeWindow:1740 
01-02 00:25:41.824502   979  3409 D WindowManager: Input focus has changed to Window{3222c2b u0 com.mediatek.mtklogger/com.mediatek.mtklogger.MainActivity}
01-02 00:25:41.839884   979  1001 I WindowManager: Focus moving from Window{7b40708 u0 Starting logs EXITING} to Window{3222c2b u0 com.mediatek.mtklogger/com.mediatek.mtklogger.MainActivity}
01-02 00:25:43.057056   979  1005 W NetworkStatsRecorder: unknown interfaces [p2p0, lo], ignoring those stats
01-02 00:25:43.057350   979  1005 W NetworkStatsRecorder: unknown interfaces [p2p0, lo], ignoring those stats
01-02 00:25:43.057696   979  1005 D NetworkStatsRecorder: vpnArray:[Lcom.android.internal.net.VpnInfo;@55d797f
01-02 00:25:43.057842   979  1005 W NetworkStatsRecorder: unknown interfaces [p2p0, lo], ignoring those stats
01-02 00:25:43.057929   979  1005 D NetworkStatsRecorder: vpnArray:[Lcom.android.internal.net.VpnInfo;@55d797f
01-02 00:25:43.058027   979  1005 W NetworkStatsRecorder: unknown interfaces [p2p0, lo], ignoring those stats
01-02 00:25:43.082887   979  1005 I chatty  : uid=1000(system) DuraSpeedEventT identical 1 line
01-02 00:25:43.083190   979  1005 W NetworkStatsRecorder: unknown interfaces [p2p0, lo], ignoring those stats
01-02 00:25:43.083676   979  1005 D NetworkStatsRecorder: vpnArray:[Lcom.android.internal.net.VpnInfo;@b0b9d4c
01-02 00:25:43.083824   979  1005 W NetworkStatsRecorder: unknown interfaces [p2p0, lo], ignoring those stats
01-02 00:25:43.083930   979  1005 D NetworkStatsRecorder: vpnArray:[Lcom.android.internal.net.VpnInfo;@b0b9d4c
01-02 00:25:43.084008   979  1005 W NetworkStatsRecorder: unknown interfaces [p2p0, lo], ignoring those stats
01-02 00:26:00.002044   979  1067 D DataShapingService: [isDataShapingWhitelistApp] packageName: android
01-02 00:26:00.002408   979  1067 D DataShapingUtils: [isDataShapingWhitelistApp] packageName: android, mWhitelist: []
01-02 00:26:00.003100   979  1067 D DataShapingService: [openLteDataUpLinkGate] isForce: false
01-02 00:26:00.003590   979  1067 D DataShapingService: Alarm manager openLteDataUpLinkGate: true
01-02 00:26:00.003738   979  1067 I DataShapingService: openLteGateSuccess = true
01-02 00:26:00.003818   979  1251 D DataShapingService: [handleMessage] msg_alarm_manager_trigger
01-02 00:26:13.145747   979  1005 W NetworkStatsRecorder: unknown interfaces [p2p0, lo], ignoring those stats
01-02 00:26:13.146066   979  1005 W NetworkStatsRecorder: unknown interfaces [p2p0, lo], ignoring those stats
01-02 00:26:13.146411   979  1005 D NetworkStatsRecorder: vpnArray:[Lcom.android.internal.net.VpnInfo;@a5752aa
01-02 00:26:13.146527   979  1005 W NetworkStatsRecorder: unknown interfaces [p2p0, lo], ignoring those stats
01-02 00:26:13.146667   979  1005 D NetworkStatsRecorder: vpnArray:[Lcom.android.internal.net.VpnInfo;@a5752aa
01-02 00:26:13.146748   979  1005 W NetworkStatsRecorder: unknown interfaces [p2p0, lo], ignoring those stats
01-02 00:26:13.171512   979  1005 I chatty  : uid=1000(system) DuraSpeedEventT identical 1 line
01-02 00:26:13.171830   979  1005 W NetworkStatsRecorder: unknown interfaces [p2p0, lo], ignoring those stats
01-02 00:26:13.172209   979  1005 D NetworkStatsRecorder: vpnArray:[Lcom.android.internal.net.VpnInfo;@bda2e9b
01-02 00:26:13.172307   979  1005 W NetworkStatsRecorder: unknown interfaces [p2p0, lo], ignoring those stats
01-02 00:26:13.172389   979  1005 D NetworkStatsRecorder: vpnArray:[Lcom.android.internal.net.VpnInfo;@bda2e9b
01-02 00:26:13.172477   979  1005 W NetworkStatsRecorder: unknown interfaces [p2p0, lo], ignoring those stats
01-02 00:26:21.368296   979  1226 D WifiController: battery changed pluggedType: 2
01-02 00:26:43.236246   979  1005 W NetworkStatsRecorder: unknown interfaces [p2p0, lo], ignoring those stats
01-02 00:26:43.236559   979  1005 W NetworkStatsRecorder: unknown interfaces [p2p0, lo], ignoring those stats
01-02 00:26:43.236904   979  1005 D NetworkStatsRecorder: vpnArray:[Lcom.android.internal.net.VpnInfo;@80dc06f
01-02 00:26:43.237042   979  1005 W NetworkStatsRecorder: unknown interfaces [p2p0, lo], ignoring those stats
01-02 00:26:43.237148   979  1005 D NetworkStatsRecorder: vpnArray:[Lcom.android.internal.net.VpnInfo;@80dc06f
01-02 00:26:43.237267   979  1005 W NetworkStatsRecorder: unknown interfaces [p2p0, lo], ignoring those stats
01-02 00:26:43.262729   979  1005 I chatty  : uid=1000(system) DuraSpeedEventT identical 1 line
01-02 00:26:43.263046   979  1005 W NetworkStatsRecorder: unknown interfaces [p2p0, lo], ignoring those stats
01-02 00:26:43.263516   979  1005 D NetworkStatsRecorder: vpnArray:[Lcom.android.internal.net.VpnInfo;@356f17c
01-02 00:26:43.263662   979  1005 W NetworkStatsRecorder: unknown interfaces [p2p0, lo], ignoring those stats
01-02 00:26:43.263748   979  1005 D NetworkStatsRecorder: vpnArray:[Lcom.android.internal.net.VpnInfo;@356f17c
01-02 00:26:43.263823   979  1005 W NetworkStatsRecorder: unknown interfaces [p2p0, lo], ignoring those stats
01-02 00:26:56.065123   979  1067 D DataShapingService: [isDataShapingWhitelistApp] packageName: com.google.android.gms
01-02 00:26:56.065453   979  1067 D DataShapingUtils: [isDataShapingWhitelistApp] packageName: com.google.android.gms, mWhitelist: []
01-02 00:26:56.065883   979  1067 D DataShapingService: [openLteDataUpLinkGate] isForce: false
01-02 00:26:56.066075   979  1067 D DataShapingService: Alarm manager openLteDataUpLinkGate: false
01-02 00:26:56.066156   979  1067 I DataShapingService: openLteGateSuccess = false
01-02 00:27:00.001963   979  1067 D DataShapingService: [isDataShapingWhitelistApp] packageName: android
01-02 00:27:00.002298   979  1067 D DataShapingUtils: [isDataShapingWhitelistApp] packageName: android, mWhitelist: []
01-02 00:27:00.002744   979  1067 D DataShapingService: [openLteDataUpLinkGate] isForce: false
01-02 00:27:00.002910   979  1067 D DataShapingService: Alarm manager openLteDataUpLinkGate: false
01-02 00:27:00.002988   979  1067 I DataShapingService: openLteGateSuccess = false
01-02 00:27:01.253264   979  1067 D DataShapingService: [isDataShapingWhitelistApp] packageName: com.google.android.gms
01-02 00:27:01.253495   979  1067 D DataShapingUtils: [isDataShapingWhitelistApp] packageName: com.google.android.gms, mWhitelist: []
01-02 00:27:01.254021   979  1067 D DataShapingService: [openLteDataUpLinkGate] isForce: false
01-02 00:27:01.254207   979  1067 D DataShapingService: Alarm manager openLteDataUpLinkGate: false
01-02 00:27:01.254288   979  1067 I DataShapingService: openLteGateSuccess = false
01-02 00:27:13.386551   979  1005 W NetworkStatsRecorder: unknown interfaces [p2p0, lo], ignoring those stats
01-02 00:27:13.386869   979  1005 W NetworkStatsRecorder: unknown interfaces [p2p0, lo], ignoring those stats
01-02 00:27:13.387220   979  1005 D NetworkStatsRecorder: vpnArray:[Lcom.android.internal.net.VpnInfo;@3aa06b0
01-02 00:27:13.387476   979  1005 W NetworkStatsRecorder: unknown interfaces [p2p0, lo], ignoring those stats
01-02 00:27:13.387648   979  1005 D NetworkStatsRecorder: vpnArray:[Lcom.android.internal.net.VpnInfo;@3aa06b0
01-02 00:27:13.387728   979  1005 W NetworkStatsRecorder: unknown interfaces [p2p0, lo], ignoring those stats
01-02 00:27:13.412597   979  1005 I chatty  : uid=1000(system) DuraSpeedEventT identical 1 line
01-02 00:27:13.412838   979  1005 W NetworkStatsRecorder: unknown interfaces [p2p0, lo], ignoring those stats
01-02 00:27:13.413184   979  1005 D NetworkStatsRecorder: vpnArray:[Lcom.android.internal.net.VpnInfo;@98ea929
01-02 00:27:13.413292   979  1005 W NetworkStatsRecorder: unknown interfaces [p2p0, lo], ignoring those stats
01-02 00:27:13.413351   979  1005 D NetworkStatsRecorder: vpnArray:[Lcom.android.internal.net.VpnInfo;@98ea929
01-02 00:27:13.413405   979  1005 W NetworkStatsRecorder: unknown interfaces [p2p0, lo], ignoring those stats
01-02 00:27:21.366295   979  1226 D WifiController: battery changed pluggedType: 2
01-02 00:27:43.497347   979  1005 W NetworkStatsRecorder: unknown interfaces [p2p0, lo], ignoring those stats
01-02 00:27:43.497679   979  1005 W NetworkStatsRecorder: unknown interfaces [p2p0, lo], ignoring those stats
01-02 00:27:43.498026   979  1005 D NetworkStatsRecorder: vpnArray:[Lcom.android.internal.net.VpnInfo;@7feb4ae
01-02 00:27:43.498164   979  1005 W NetworkStatsRecorder: unknown interfaces [p2p0, lo], ignoring those stats
01-02 00:27:43.498267   979  1005 D NetworkStatsRecorder: vpnArray:[Lcom.android.internal.net.VpnInfo;@7feb4ae
01-02 00:27:43.498346   979  1005 W NetworkStatsRecorder: unknown interfaces [p2p0, lo], ignoring those stats
01-02 00:27:43.522845   979  1005 I chatty  : uid=1000(system) DuraSpeedEventT identical 1 line
01-02 00:27:43.523425   979  1005 W NetworkStatsRecorder: unknown interfaces [p2p0, lo], ignoring those stats
01-02 00:27:43.523838   979  1005 D NetworkStatsRecorder: vpnArray:[Lcom.android.internal.net.VpnInfo;@f14224f
01-02 00:27:43.523992   979  1005 W NetworkStatsRecorder: unknown interfaces [p2p0, lo], ignoring those stats
01-02 00:27:43.524079   979  1005 D NetworkStatsRecorder: vpnArray:[Lcom.android.internal.net.VpnInfo;@f14224f
01-02 00:27:43.524156   979  1005 W NetworkStatsRecorder: unknown interfaces [p2p0, lo], ignoring those stats
01-02 00:28:00.001822   979  1067 D DataShapingService: [isDataShapingWhitelistApp] packageName: android
01-02 00:28:00.002152   979  1067 D DataShapingUtils: [isDataShapingWhitelistApp] packageName: android, mWhitelist: []
01-02 00:28:00.002641   979  1067 D DataShapingService: [openLteDataUpLinkGate] isForce: false
01-02 00:28:00.002821   979  1067 D DataShapingService: Alarm manager openLteDataUpLinkGate: false
01-02 00:28:00.002901   979  1067 I DataShapingService: openLteGateSuccess = false
01-02 00:28:13.558680   979  1005 W NetworkStatsRecorder: unknown interfaces [p2p0, lo], ignoring those stats
01-02 00:28:13.559002   979  1005 W NetworkStatsRecorder: unknown interfaces [p2p0, lo], ignoring those stats
01-02 00:28:13.559452   979  1005 D NetworkStatsRecorder: vpnArray:[Lcom.android.internal.net.VpnInfo;@3bfaee5
01-02 00:28:13.559559   979  1005 W NetworkStatsRecorder: unknown interfaces [p2p0, lo], ignoring those stats
01-02 00:28:13.559669   979  1005 D NetworkStatsRecorder: vpnArray:[Lcom.android.internal.net.VpnInfo;@3bfaee5
01-02 00:28:13.559748   979  1005 W NetworkStatsRecorder: unknown interfaces [p2p0, lo], ignoring those stats
01-02 00:28:13.585022   979  1005 I chatty  : uid=1000(system) DuraSpeedEventT identical 1 line
01-02 00:28:13.585340   979  1005 W NetworkStatsRecorder: unknown interfaces [p2p0, lo], ignoring those stats
01-02 00:28:13.585721   979  1005 D NetworkStatsRecorder: vpnArray:[Lcom.android.internal.net.VpnInfo;@a056dba
01-02 00:28:13.585821   979  1005 W NetworkStatsRecorder: unknown interfaces [p2p0, lo], ignoring those stats
01-02 00:28:13.585902   979  1005 D NetworkStatsRecorder: vpnArray:[Lcom.android.internal.net.VpnInfo;@a056dba
01-02 00:28:13.585975   979  1005 W NetworkStatsRecorder: unknown interfaces [p2p0, lo], ignoring those stats
01-02 00:28:21.366346   979  1226 D WifiController: battery changed pluggedType: 2
