01-02 00:28:43.657953   979  1005 W NetworkStatsRecorder: unknown interfaces [p2p0, lo], ignoring those stats
01-02 00:28:43.658274   979  1005 W NetworkStatsRecorder: unknown interfaces [p2p0, lo], ignoring those stats
01-02 00:28:43.658620   979  1005 D NetworkStatsRecorder: vpnArray:[Lcom.android.internal.net.VpnInfo;@8cab86
01-02 00:28:43.658960   979  1005 W NetworkStatsRecorder: unknown interfaces [p2p0, lo], ignoring those stats
01-02 00:28:43.659088   979  1005 D NetworkStatsRecorder: vpnArray:[Lcom.android.internal.net.VpnInfo;@8cab86
01-02 00:28:43.659172   979  1005 W NetworkStatsRecorder: unknown interfaces [p2p0, lo], ignoring those stats
01-02 00:28:43.690413   979  1005 I chatty  : uid=1000(system) DuraSpeedEventT identical 1 line
01-02 00:28:43.690796   979  1005 W NetworkStatsRecorder: unknown interfaces [p2p0, lo], ignoring those stats
01-02 00:28:43.691370   979  1005 D NetworkStatsRecorder: vpnArray:[Lcom.android.internal.net.VpnInfo;@7cc0c47
01-02 00:28:43.691535   979  1005 W NetworkStatsRecorder: unknown interfaces [p2p0, lo], ignoring those stats
01-02 00:28:43.691673   979  1005 D NetworkStatsRecorder: vpnArray:[Lcom.android.internal.net.VpnInfo;@7cc0c47
01-02 00:28:43.691765   979  1005 W NetworkStatsRecorder: unknown interfaces [p2p0, lo], ignoring those stats
01-02 00:28:53.287413   979   997 E BatteryExternalStatsWorker: no controller energy info supplied for wifi
01-02 00:28:53.287702   979   997 E BatteryExternalStatsWorker: no controller energy info supplied for bluetooth
01-02 00:29:00.001964   979  1067 D DataShapingService: [isDataShapingWhitelistApp] packageName: android
01-02 00:29:00.002289   979  1067 D DataShapingUtils: [isDataShapingWhitelistApp] packageName: android, mWhitelist: []
01-02 00:29:00.002871   979  1067 D DataShapingService: [openLteDataUpLinkGate] isForce: false
01-02 00:29:00.003057   979  1067 D DataShapingService: Alarm manager openLteDataUpLinkGate: false
01-02 00:29:00.003146   979  1067 I DataShapingService: openLteGateSuccess = false
01-02 00:29:13.792654   979  1005 W NetworkStatsRecorder: unknown interfaces [p2p0, lo], ignoring those stats
01-02 00:29:13.792968   979  1005 W NetworkStatsRecorder: unknown interfaces [p2p0, lo], ignoring those stats
01-02 00:29:13.793327   979  1005 D NetworkStatsRecorder: vpnArray:[Lcom.android.internal.net.VpnInfo;@8ddd59d
01-02 00:29:13.793466   979  1005 W NetworkStatsRecorder: unknown interfaces [p2p0, lo], ignoring those stats
01-02 00:29:13.793554   979  1005 D NetworkStatsRecorder: vpnArray:[Lcom.android.internal.net.VpnInfo;@8ddd59d
01-02 00:29:13.793631   979  1005 W NetworkStatsRecorder: unknown interfaces [p2p0, lo], ignoring those stats
01-02 00:29:13.819645   979  1005 I chatty  : uid=1000(system) DuraSpeedEventT identical 1 line
01-02 00:29:13.819991   979  1005 W NetworkStatsRecorder: unknown interfaces [p2p0, lo], ignoring those stats
01-02 00:29:13.820344   979  1005 D NetworkStatsRecorder: vpnArray:[Lcom.android.internal.net.VpnInfo;@1f7fa12
01-02 00:29:13.820491   979  1005 W NetworkStatsRecorder: unknown interfaces [p2p0, lo], ignoring those stats
01-02 00:29:13.820603   979  1005 D NetworkStatsRecorder: vpnArray:[Lcom.android.internal.net.VpnInfo;@1f7fa12
01-02 00:29:13.820762   979  1005 W NetworkStatsRecorder: unknown interfaces [p2p0, lo], ignoring those stats
01-02 00:29:21.367497   979  1226 D WifiController: battery changed pluggedType: 2
01-02 00:29:29.668966   979  1002 W ProcessCpuTracker: Skipping unknown process pid 17982
01-02 00:29:29.669884   979  1002 W ProcessCpuTracker: Skipping unknown process pid 17984
01-02 00:29:43.875729   979  1005 W NetworkStatsRecorder: unknown interfaces [p2p0, lo], ignoring those stats
01-02 00:29:43.876099   979  1005 W NetworkStatsRecorder: unknown interfaces [p2p0, lo], ignoring those stats
01-02 00:29:43.876506   979  1005 D NetworkStatsRecorder: vpnArray:[Lcom.android.internal.net.VpnInfo;@2647be0
01-02 00:29:43.876657   979  1005 W NetworkStatsRecorder: unknown interfaces [p2p0, lo], ignoring those stats
01-02 00:29:43.876747   979  1005 D NetworkStatsRecorder: vpnArray:[Lcom.android.internal.net.VpnInfo;@2647be0
01-02 00:29:43.876826   979  1005 W NetworkStatsRecorder: unknown interfaces [p2p0, lo], ignoring those stats
01-02 00:29:43.903526   979  1005 I chatty  : uid=1000(system) DuraSpeedEventT identical 1 line
01-02 00:29:43.903913   979  1005 W NetworkStatsRecorder: unknown interfaces [p2p0, lo], ignoring those stats
01-02 00:29:43.904282   979  1005 D NetworkStatsRecorder: vpnArray:[Lcom.android.internal.net.VpnInfo;@1c72e99
01-02 00:29:43.904385   979  1005 W NetworkStatsRecorder: unknown interfaces [p2p0, lo], ignoring those stats
01-02 00:29:43.904492   979  1005 D NetworkStatsRecorder: vpnArray:[Lcom.android.internal.net.VpnInfo;@1c72e99
01-02 00:29:43.904617   979  1005 W NetworkStatsRecorder: unknown interfaces [p2p0, lo], ignoring those stats
01-02 00:30:00.000809   979  1067 D DataShapingService: [isDataShapingWhitelistApp] packageName: android
01-02 00:30:00.001284   979  1067 D DataShapingUtils: [isDataShapingWhitelistApp] packageName: android, mWhitelist: []
01-02 00:30:00.001734   979  1067 D DataShapingService: [openLteDataUpLinkGate] isForce: false
01-02 00:30:00.001901   979  1067 D DataShapingService: Alarm manager openLteDataUpLinkGate: false
01-02 00:30:00.002020   979  1067 I DataShapingService: openLteGateSuccess = false
01-02 00:30:10.813149   979  2443 V WindowManager: Changing focus from Window{3222c2b u0 com.mediatek.mtklogger/com.mediatek.mtklogger.MainActivity} to Window{a531b55 u0 Stopping logs} Callers=com.android.server.wm.WindowManagerService.addWindow:1573 com.android.server.wm.Session.addToDisplay:202 android.view.IWindowSession$Stub.onTransact:124 com.android.server.wm.Session.onTransact:163 
01-02 00:30:10.816830   979  2443 D WindowManager: Input focus has changed to Window{a531b55 u0 Stopping logs}
01-02 00:30:10.822312   979  1001 I WindowManager: Focus moving from Window{3222c2b u0 com.mediatek.mtklogger/com.mediatek.mtklogger.MainActivity} to Window{a531b55 u0 Stopping logs}
01-02 00:30:10.925901   979  1001 I WindowManager: Losing delayed focus: Window{3222c2b u0 com.mediatek.mtklogger/com.mediatek.mtklogger.MainActivity}
01-02 00:30:13.991307   979  1005 W NetworkStatsRecorder: unknown interfaces [p2p0, lo], ignoring those stats
01-02 00:30:13.991585   979  1005 W NetworkStatsRecorder: unknown interfaces [p2p0, lo], ignoring those stats
01-02 00:30:13.991902   979  1005 D NetworkStatsRecorder: vpnArray:[Lcom.android.internal.net.VpnInfo;@74b96a
01-02 00:30:13.992004   979  1005 W NetworkStatsRecorder: unknown interfaces [p2p0, lo], ignoring those stats
01-02 00:30:13.992065   979  1005 D NetworkStatsRecorder: vpnArray:[Lcom.android.internal.net.VpnInfo;@74b96a
01-02 00:30:13.992119   979  1005 W NetworkStatsRecorder: unknown interfaces [p2p0, lo], ignoring those stats
01-02 00:30:14.011212   979  1005 I chatty  : uid=1000(system) DuraSpeedEventT identical 1 line
01-02 00:30:14.011589   979  1005 W NetworkStatsRecorder: unknown interfaces [p2p0, lo], ignoring those stats
01-02 00:30:14.011954   979  1005 D NetworkStatsRecorder: vpnArray:[Lcom.android.internal.net.VpnInfo;@42d6e5b
01-02 00:30:14.012057   979  1005 W NetworkStatsRecorder: unknown interfaces [p2p0, lo], ignoring those stats
01-02 00:30:14.012115   979  1005 D NetworkStatsRecorder: vpnArray:[Lcom.android.internal.net.VpnInfo;@42d6e5b
01-02 00:30:14.012185   979  1005 W NetworkStatsRecorder: unknown interfaces [p2p0, lo], ignoring those stats
01-02 00:30:30.887004   979  1001 I WindowManager: Focus moving from Window{a531b55 u0 Stopping logs EXITING} to Window{3222c2b u0 com.mediatek.mtklogger/com.mediatek.mtklogger.MainActivity}
01-02 00:30:35.861770   979  1001 I WindowManager: Focus moving from Window{3222c2b u0 com.mediatek.mtklogger/com.mediatek.mtklogger.MainActivity} to Window{3c27aa4 u0 Starting logs}
01-02 00:30:35.978094   979  1001 I WindowManager: Losing delayed focus: Window{3222c2b u0 com.mediatek.mtklogger/com.mediatek.mtklogger.MainActivity}
01-02 00:30:39.832372   979  3409 V WindowManager: Remove Window{3c27aa4 u0 Starting logs} client=74a9537, surfaceController=Surface(name=Starting logs) Callers=com.android.server.wm.WindowState.removeIfPossible:1860 com.android.server.wm.WindowManagerService.removeWindow:1740 com.android.server.wm.Session.remove:222 android.view.IWindowSession$Stub.onTransact:242 com.android.server.wm.Session.onTransact:163 
01-02 00:30:39.834427   979  3409 V WindowManager: Changing focus from Window{3c27aa4 u0 Starting logs EXITING} to Window{3222c2b u0 com.mediatek.mtklogger/com.mediatek.mtklogger.MainActivity} Callers=com.android.server.wm.WindowState.setupWindowForRemoveOnExit:2008 com.android.server.wm.WindowState.removeIfPossible:1980 com.android.server.wm.WindowState.removeIfPossible:1860 com.android.server.wm.WindowManagerService.removeWindow:1740 
01-02 00:30:39.834923   979  3409 D WindowManager: Input focus has changed to Window{3222c2b u0 com.mediatek.mtklogger/com.mediatek.mtklogger.MainActivity}
01-02 00:30:39.853365   979  1001 I WindowManager: Focus moving from Window{3c27aa4 u0 Starting logs EXITING} to Window{3222c2b u0 com.mediatek.mtklogger/com.mediatek.mtklogger.MainActivity}
01-02 00:30:44.120656   979  1005 W NetworkStatsRecorder: unknown interfaces [p2p0, lo], ignoring those stats
01-02 00:30:44.120966   979  1005 W NetworkStatsRecorder: unknown interfaces [p2p0, lo], ignoring those stats
01-02 00:30:44.121300   979  1005 D NetworkStatsRecorder: vpnArray:[Lcom.android.internal.net.VpnInfo;@2f0bc2
01-02 00:30:44.121416   979  1005 W NetworkStatsRecorder: unknown interfaces [p2p0, lo], ignoring those stats
01-02 00:30:44.121499   979  1005 D NetworkStatsRecorder: vpnArray:[Lcom.android.internal.net.VpnInfo;@2f0bc2
01-02 00:30:44.121573   979  1005 W NetworkStatsRecorder: unknown interfaces [p2p0, lo], ignoring those stats
01-02 00:30:44.146430   979  1005 I chatty  : uid=1000(system) DuraSpeedEventT identical 1 line
01-02 00:30:44.146766   979  1005 W NetworkStatsRecorder: unknown interfaces [p2p0, lo], ignoring those stats
01-02 00:30:44.147109   979  1005 D NetworkStatsRecorder: vpnArray:[Lcom.android.internal.net.VpnInfo;@3a94dd3
01-02 00:30:44.147444   979  1005 W NetworkStatsRecorder: unknown interfaces [p2p0, lo], ignoring those stats
01-02 00:30:44.147542   979  1005 D NetworkStatsRecorder: vpnArray:[Lcom.android.internal.net.VpnInfo;@3a94dd3
01-02 00:30:44.147645   979  1005 W NetworkStatsRecorder: unknown interfaces [p2p0, lo], ignoring those stats
01-02 00:31:00.001927   979  1067 D DataShapingService: [isDataShapingWhitelistApp] packageName: android
01-02 00:31:00.002280   979  1067 D DataShapingUtils: [isDataShapingWhitelistApp] packageName: android, mWhitelist: []
01-02 00:31:00.002729   979  1067 D DataShapingService: [openLteDataUpLinkGate] isForce: false
01-02 00:31:00.002896   979  1067 D DataShapingService: Alarm manager openLteDataUpLinkGate: false
01-02 00:31:00.002976   979  1067 I DataShapingService: openLteGateSuccess = false
01-02 00:31:14.239877   979  1005 W NetworkStatsRecorder: unknown interfaces [p2p0, lo], ignoring those stats
01-02 00:31:14.240176   979  1005 W NetworkStatsRecorder: unknown interfaces [p2p0, lo], ignoring those stats
01-02 00:31:14.240511   979  1005 D NetworkStatsRecorder: vpnArray:[Lcom.android.internal.net.VpnInfo;@2a3f009
01-02 00:31:14.240670   979  1005 W NetworkStatsRecorder: unknown interfaces [p2p0, lo], ignoring those stats
01-02 00:31:14.240826   979  1005 D NetworkStatsRecorder: vpnArray:[Lcom.android.internal.net.VpnInfo;@2a3f009
01-02 00:31:14.240907   979  1005 W NetworkStatsRecorder: unknown interfaces [p2p0, lo], ignoring those stats
01-02 00:31:14.262167   979  1005 I chatty  : uid=1000(system) DuraSpeedEventT identical 1 line
01-02 00:31:14.262457   979  1005 W NetworkStatsRecorder: unknown interfaces [p2p0, lo], ignoring those stats
01-02 00:31:14.262755   979  1005 D NetworkStatsRecorder: vpnArray:[Lcom.android.internal.net.VpnInfo;@2e6220e
01-02 00:31:14.262859   979  1005 W NetworkStatsRecorder: unknown interfaces [p2p0, lo], ignoring those stats
01-02 00:31:14.262917   979  1005 D NetworkStatsRecorder: vpnArray:[Lcom.android.internal.net.VpnInfo;@2e6220e
01-02 00:31:14.262983   979  1005 W NetworkStatsRecorder: unknown interfaces [p2p0, lo], ignoring those stats
01-02 00:31:21.371187   979  1226 D WifiController: battery changed pluggedType: 2
01-02 00:31:44.366143   979  1005 W NetworkStatsRecorder: unknown interfaces [p2p0, lo], ignoring those stats
01-02 00:31:44.366473   979  1005 W NetworkStatsRecorder: unknown interfaces [p2p0, lo], ignoring those stats
01-02 00:31:44.366820   979  1005 D NetworkStatsRecorder: vpnArray:[Lcom.android.internal.net.VpnInfo;@d987a3c
01-02 00:31:44.366965   979  1005 W NetworkStatsRecorder: unknown interfaces [p2p0, lo], ignoring those stats
01-02 00:31:44.367073   979  1005 D NetworkStatsRecorder: vpnArray:[Lcom.android.internal.net.VpnInfo;@d987a3c
01-02 00:31:44.367154   979  1005 W NetworkStatsRecorder: unknown interfaces [p2p0, lo], ignoring those stats
01-02 00:31:44.393018   979  1005 I chatty  : uid=1000(system) DuraSpeedEventT identical 1 line
01-02 00:31:44.393341   979  1005 W NetworkStatsRecorder: unknown interfaces [p2p0, lo], ignoring those stats
01-02 00:31:44.393712   979  1005 D NetworkStatsRecorder: vpnArray:[Lcom.android.internal.net.VpnInfo;@59283c5
01-02 00:31:44.393807   979  1005 W NetworkStatsRecorder: unknown interfaces [p2p0, lo], ignoring those stats
01-02 00:31:44.393888   979  1005 D NetworkStatsRecorder: vpnArray:[Lcom.android.internal.net.VpnInfo;@59283c5
01-02 00:31:44.393960   979  1005 W NetworkStatsRecorder: unknown interfaces [p2p0, lo], ignoring those stats
01-02 00:31:51.355462   979   993 I UsageStatsService: User[0] Flushing usage stats to disk
01-02 00:32:00.002150   979  1067 D DataShapingService: [isDataShapingWhitelistApp] packageName: android
01-02 00:32:00.002551   979  1067 D DataShapingUtils: [isDataShapingWhitelistApp] packageName: android, mWhitelist: []
01-02 00:32:00.003026   979  1067 D DataShapingService: [openLteDataUpLinkGate] isForce: false
01-02 00:32:00.003473   979  1067 D DataShapingService: Alarm manager openLteDataUpLinkGate: true
01-02 00:32:00.003500   979  1251 D DataShapingService: [handleMessage] msg_alarm_manager_trigger
01-02 00:32:00.003568   979  1067 I DataShapingService: openLteGateSuccess = true
01-02 00:32:14.429184   979  1005 W NetworkStatsRecorder: unknown interfaces [p2p0, lo], ignoring those stats
01-02 00:32:14.429508   979  1005 W NetworkStatsRecorder: unknown interfaces [p2p0, lo], ignoring those stats
01-02 00:32:14.429861   979  1005 D NetworkStatsRecorder: vpnArray:[Lcom.android.internal.net.VpnInfo;@2cd471f
01-02 00:32:14.429974   979  1005 W NetworkStatsRecorder: unknown interfaces [p2p0, lo], ignoring those stats
01-02 00:32:14.430122   979  1005 D NetworkStatsRecorder: vpnArray:[Lcom.android.internal.net.VpnInfo;@2cd471f
01-02 00:32:14.430205   979  1005 W NetworkStatsRecorder: unknown interfaces [p2p0, lo], ignoring those stats
01-02 00:32:14.455090   979  1005 I chatty  : uid=1000(system) DuraSpeedEventT identical 1 line
01-02 00:32:14.455507   979  1005 W NetworkStatsRecorder: unknown interfaces [p2p0, lo], ignoring those stats
01-02 00:32:14.455882   979  1005 D NetworkStatsRecorder: vpnArray:[Lcom.android.internal.net.VpnInfo;@e0cea6c
01-02 00:32:14.456038   979  1005 W NetworkStatsRecorder: unknown interfaces [p2p0, lo], ignoring those stats
01-02 00:32:14.456146   979  1005 D NetworkStatsRecorder: vpnArray:[Lcom.android.internal.net.VpnInfo;@e0cea6c
01-02 00:32:14.456236   979  1005 W NetworkStatsRecorder: unknown interfaces [p2p0, lo], ignoring those stats
01-02 00:32:44.567128   979  1005 I chatty  : uid=1000(system) DuraSpeedEventT identical 1 line
01-02 00:32:44.567534   979  1005 W NetworkStatsRecorder: unknown interfaces [p2p0, lo], ignoring those stats
01-02 00:32:44.567909   979  1005 D NetworkStatsRecorder: vpnArray:[Lcom.android.internal.net.VpnInfo;@4144158
01-02 00:32:44.568041   979  1005 W NetworkStatsRecorder: unknown interfaces [p2p0, lo], ignoring those stats
01-02 00:32:44.568124   979  1005 D NetworkStatsRecorder: vpnArray:[Lcom.android.internal.net.VpnInfo;@4144158
01-02 00:32:44.568197   979  1005 W NetworkStatsRecorder: unknown interfaces [p2p0, lo], ignoring those stats
01-02 00:32:44.573584   979  1005 D NetworkStatsRecorder: loadLocked() reading from disk for uid
01-02 00:32:44.594066   979  1005 W NetworkStatsRecorder: unknown interfaces [p2p0, lo], ignoring those stats
01-02 00:32:44.594385   979  1005 W NetworkStatsRecorder: unknown interfaces [p2p0, lo], ignoring those stats
01-02 00:32:44.594729   979  1005 D NetworkStatsRecorder: vpnArray:[Lcom.android.internal.net.VpnInfo;@a98d2b1
01-02 00:32:44.594866   979  1005 W NetworkStatsRecorder: unknown interfaces [p2p0, lo], ignoring those stats
01-02 00:32:44.594972   979  1005 D NetworkStatsRecorder: vpnArray:[Lcom.android.internal.net.VpnInfo;@a98d2b1
01-02 00:32:44.595093   979  1005 W NetworkStatsRecorder: unknown interfaces [p2p0, lo], ignoring those stats
01-02 00:33:00.000923   979  1067 D DataShapingService: [isDataShapingWhitelistApp] packageName: android
01-02 00:33:00.001263   979  1067 D DataShapingUtils: [isDataShapingWhitelistApp] packageName: android, mWhitelist: []
01-02 00:33:00.001694   979  1067 D DataShapingService: [openLteDataUpLinkGate] isForce: false
01-02 00:33:00.001889   979  1067 D DataShapingService: Alarm manager openLteDataUpLinkGate: false
01-02 00:33:00.001972   979  1067 I DataShapingService: openLteGateSuccess = false
01-02 00:33:14.675537   979  1005 W NetworkStatsRecorder: unknown interfaces [p2p0, lo], ignoring those stats
01-02 00:33:14.675850   979  1005 W NetworkStatsRecorder: unknown interfaces [p2p0, lo], ignoring those stats
01-02 00:33:14.676216   979  1005 D NetworkStatsRecorder: vpnArray:[Lcom.android.internal.net.VpnInfo;@14afb17
01-02 00:33:14.676357   979  1005 W NetworkStatsRecorder: unknown interfaces [p2p0, lo], ignoring those stats
01-02 00:33:14.676446   979  1005 D NetworkStatsRecorder: vpnArray:[Lcom.android.internal.net.VpnInfo;@14afb17
01-02 00:33:14.676523   979  1005 W NetworkStatsRecorder: unknown interfaces [p2p0, lo], ignoring those stats
01-02 00:33:14.700780   979  1005 I chatty  : uid=1000(system) DuraSpeedEventT identical 1 line
01-02 00:33:14.701094   979  1005 W NetworkStatsRecorder: unknown interfaces [p2p0, lo], ignoring those stats
01-02 00:33:14.701433   979  1005 D NetworkStatsRecorder: vpnArray:[Lcom.android.internal.net.VpnInfo;@381b04
01-02 00:33:14.701526   979  1005 W NetworkStatsRecorder: unknown interfaces [p2p0, lo], ignoring those stats
01-02 00:33:14.701684   979  1005 D NetworkStatsRecorder: vpnArray:[Lcom.android.internal.net.VpnInfo;@381b04
01-02 00:33:14.701767   979  1005 W NetworkStatsRecorder: unknown interfaces [p2p0, lo], ignoring those stats
01-02 00:33:21.365861   979  1226 D WifiController: battery changed pluggedType: 2
01-02 00:33:44.823732   979  1005 W NetworkStatsRecorder: unknown interfaces [p2p0, lo], ignoring those stats
01-02 00:33:44.824099   979  1005 W NetworkStatsRecorder: unknown interfaces [p2p0, lo], ignoring those stats
01-02 00:33:44.824462   979  1005 D NetworkStatsRecorder: vpnArray:[Lcom.android.internal.net.VpnInfo;@936e8ed
01-02 00:33:44.824643   979  1005 W NetworkStatsRecorder: unknown interfaces [p2p0, lo], ignoring those stats
01-02 00:33:44.824729   979  1005 D NetworkStatsRecorder: vpnArray:[Lcom.android.internal.net.VpnInfo;@936e8ed
01-02 00:33:44.824862   979  1005 W NetworkStatsRecorder: unknown interfaces [p2p0, lo], ignoring those stats
01-02 00:33:44.848947   979  1005 I chatty  : uid=1000(system) DuraSpeedEventT identical 1 line
01-02 00:33:44.849281   979  1005 W NetworkStatsRecorder: unknown interfaces [p2p0, lo], ignoring those stats
01-02 00:33:44.849614   979  1005 D NetworkStatsRecorder: vpnArray:[Lcom.android.internal.net.VpnInfo;@ba79322
01-02 00:33:44.849747   979  1005 W NetworkStatsRecorder: unknown interfaces [p2p0, lo], ignoring those stats
01-02 00:33:44.849848   979  1005 D NetworkStatsRecorder: vpnArray:[Lcom.android.internal.net.VpnInfo;@ba79322
01-02 00:33:44.849933   979  1005 W NetworkStatsRecorder: unknown interfaces [p2p0, lo], ignoring those stats
01-02 00:34:00.001708   979  1067 D DataShapingService: [isDataShapingWhitelistApp] packageName: android
01-02 00:34:00.002014   979  1067 D DataShapingUtils: [isDataShapingWhitelistApp] packageName: android, mWhitelist: []
01-02 00:34:00.002439   979  1067 D DataShapingService: [openLteDataUpLinkGate] isForce: false
01-02 00:34:00.002600   979  1067 D DataShapingService: Alarm manager openLteDataUpLinkGate: false
01-02 00:34:00.002714   979  1067 I DataShapingService: openLteGateSuccess = false
01-02 00:34:14.944874   979  1005 W NetworkStatsRecorder: unknown interfaces [p2p0, lo], ignoring those stats
01-02 00:34:14.945138   979  1005 W NetworkStatsRecorder: unknown interfaces [p2p0, lo], ignoring those stats
01-02 00:34:14.945509   979  1005 D NetworkStatsRecorder: vpnArray:[Lcom.android.internal.net.VpnInfo;@99de370
01-02 00:34:14.945662   979  1005 W NetworkStatsRecorder: unknown interfaces [p2p0, lo], ignoring those stats
01-02 00:34:14.945754   979  1005 D NetworkStatsRecorder: vpnArray:[Lcom.android.internal.net.VpnInfo;@99de370
01-02 00:34:14.945831   979  1005 W NetworkStatsRecorder: unknown interfaces [p2p0, lo], ignoring those stats
01-02 00:34:14.971687   979  1005 I chatty  : uid=1000(system) DuraSpeedEventT identical 1 line
01-02 00:34:14.972001   979  1005 W NetworkStatsRecorder: unknown interfaces [p2p0, lo], ignoring those stats
01-02 00:34:14.972306   979  1005 D NetworkStatsRecorder: vpnArray:[Lcom.android.internal.net.VpnInfo;@c2626e9
01-02 00:34:14.972418   979  1005 W NetworkStatsRecorder: unknown interfaces [p2p0, lo], ignoring those stats
01-02 00:34:14.972500   979  1005 D NetworkStatsRecorder: vpnArray:[Lcom.android.internal.net.VpnInfo;@c2626e9
01-02 00:34:14.972556   979  1005 W NetworkStatsRecorder: unknown interfaces [p2p0, lo], ignoring those stats
01-02 00:34:45.075176   979  1005 I chatty  : uid=1000(system) DuraSpeedEventT identical 1 line
01-02 00:34:45.075598   979  1005 W NetworkStatsRecorder: unknown interfaces [p2p0, lo], ignoring those stats
01-02 00:34:45.075950   979  1005 D NetworkStatsRecorder: vpnArray:[Lcom.android.internal.net.VpnInfo;@45c360f
01-02 00:34:45.076108   979  1005 W NetworkStatsRecorder: unknown interfaces [p2p0, lo], ignoring those stats
01-02 00:34:45.076192   979  1005 D NetworkStatsRecorder: vpnArray:[Lcom.android.internal.net.VpnInfo;@45c360f
01-02 00:34:45.076265   979  1005 W NetworkStatsRecorder: unknown interfaces [p2p0, lo], ignoring those stats
01-02 00:34:45.100668   979  1005 I chatty  : uid=1000(system) DuraSpeedEventT identical 1 line
01-02 00:34:45.101018   979  1005 W NetworkStatsRecorder: unknown interfaces [p2p0, lo], ignoring those stats
01-02 00:34:45.101371   979  1005 D NetworkStatsRecorder: vpnArray:[Lcom.android.internal.net.VpnInfo;@255c69c
01-02 00:34:45.101508   979  1005 W NetworkStatsRecorder: unknown interfaces [p2p0, lo], ignoring those stats
01-02 00:34:45.101592   979  1005 D NetworkStatsRecorder: vpnArray:[Lcom.android.internal.net.VpnInfo;@255c69c
01-02 00:34:45.101687   979  1005 W NetworkStatsRecorder: unknown interfaces [p2p0, lo], ignoring those stats
01-02 00:35:00.001919   979  1067 D DataShapingService: [isDataShapingWhitelistApp] packageName: android
01-02 00:35:00.002260   979  1067 D DataShapingUtils: [isDataShapingWhitelistApp] packageName: android, mWhitelist: []
01-02 00:35:00.002785   979  1067 D DataShapingService: [openLteDataUpLinkGate] isForce: false
01-02 00:35:00.002926   979  1067 D DataShapingService: Alarm manager openLteDataUpLinkGate: false
01-02 00:35:00.003006   979  1067 I DataShapingService: openLteGateSuccess = false
01-02 00:35:10.861057   979  1457 V WindowManager: Changing focus from Window{3222c2b u0 com.mediatek.mtklogger/com.mediatek.mtklogger.MainActivity} to Window{b46b088 u0 Stopping logs} Callers=com.android.server.wm.WindowManagerService.addWindow:1573 com.android.server.wm.Session.addToDisplay:202 android.view.IWindowSession$Stub.onTransact:124 com.android.server.wm.Session.onTransact:163 
01-02 00:35:10.864495   979  1457 D WindowManager: Input focus has changed to Window{b46b088 u0 Stopping logs}
01-02 00:35:10.869157   979  1001 I WindowManager: Focus moving from Window{3222c2b u0 com.mediatek.mtklogger/com.mediatek.mtklogger.MainActivity} to Window{b46b088 u0 Stopping logs}
01-02 00:35:10.971577   979  1001 I WindowManager: Losing delayed focus: Window{3222c2b u0 com.mediatek.mtklogger/com.mediatek.mtklogger.MainActivity}
01-02 00:35:15.225192   979  1005 W NetworkStatsRecorder: unknown interfaces [p2p0, lo], ignoring those stats
01-02 00:35:15.225517   979  1005 W NetworkStatsRecorder: unknown interfaces [p2p0, lo], ignoring those stats
01-02 00:35:15.225867   979  1005 D NetworkStatsRecorder: vpnArray:[Lcom.android.internal.net.VpnInfo;@812ca21
01-02 00:35:15.226038   979  1005 W NetworkStatsRecorder: unknown interfaces [p2p0, lo], ignoring those stats
01-02 00:35:15.226128   979  1005 D NetworkStatsRecorder: vpnArray:[Lcom.android.internal.net.VpnInfo;@812ca21
01-02 00:35:15.226287   979  1005 W NetworkStatsRecorder: unknown interfaces [p2p0, lo], ignoring those stats
01-02 00:35:15.250948   979  1005 I chatty  : uid=1000(system) DuraSpeedEventT identical 1 line
01-02 00:35:15.251601   979  1005 W NetworkStatsRecorder: unknown interfaces [p2p0, lo], ignoring those stats
01-02 00:35:15.252030   979  1005 D NetworkStatsRecorder: vpnArray:[Lcom.android.internal.net.VpnInfo;@1c4e46
01-02 00:35:15.252141   979  1005 W NetworkStatsRecorder: unknown interfaces [p2p0, lo], ignoring those stats
01-02 00:35:15.252207   979  1005 D NetworkStatsRecorder: vpnArray:[Lcom.android.internal.net.VpnInfo;@1c4e46
01-02 00:35:15.252297   979  1005 W NetworkStatsRecorder: unknown interfaces [p2p0, lo], ignoring those stats
01-02 00:35:30.934161   979  1001 I WindowManager: Focus moving from Window{b46b088 u0 Stopping logs EXITING} to Window{3222c2b u0 com.mediatek.mtklogger/com.mediatek.mtklogger.MainActivity}
01-02 00:35:35.910927   979  1001 I WindowManager: Focus moving from Window{3222c2b u0 com.mediatek.mtklogger/com.mediatek.mtklogger.MainActivity} to Window{672eda3 u0 Starting logs}
01-02 00:35:36.025697   979  1001 I WindowManager: Losing delayed focus: Window{3222c2b u0 com.mediatek.mtklogger/com.mediatek.mtklogger.MainActivity}
01-02 00:35:39.882738   979  1457 V WindowManager: Remove Window{672eda3 u0 Starting logs} client=cbf08d2, surfaceController=Surface(name=Starting logs) Callers=com.android.server.wm.WindowState.removeIfPossible:1860 com.android.server.wm.WindowManagerService.removeWindow:1740 com.android.server.wm.Session.remove:222 android.view.IWindowSession$Stub.onTransact:242 com.android.server.wm.Session.onTransact:163 
01-02 00:35:39.885141   979  1457 V WindowManager: Changing focus from Window{672eda3 u0 Starting logs EXITING} to Window{3222c2b u0 com.mediatek.mtklogger/com.mediatek.mtklogger.MainActivity} Callers=com.android.server.wm.WindowState.setupWindowForRemoveOnExit:2008 com.android.server.wm.WindowState.removeIfPossible:1980 com.android.server.wm.WindowState.removeIfPossible:1860 com.android.server.wm.WindowManagerService.removeWindow:1740 
01-02 00:35:39.885632   979  1457 D WindowManager: Input focus has changed to Window{3222c2b u0 com.mediatek.mtklogger/com.mediatek.mtklogger.MainActivity}
01-02 00:35:39.922492   979  1001 I WindowManager: Focus moving from Window{672eda3 u0 Starting logs EXITING} to Window{3222c2b u0 com.mediatek.mtklogger/com.mediatek.mtklogger.MainActivity}
01-02 00:35:45.292877   979  1005 W NetworkStatsRecorder: unknown interfaces [p2p0, lo], ignoring those stats
01-02 00:35:45.293202   979  1005 W NetworkStatsRecorder: unknown interfaces [p2p0, lo], ignoring those stats
01-02 00:35:45.293552   979  1005 D NetworkStatsRecorder: vpnArray:[Lcom.android.internal.net.VpnInfo;@3199c59
01-02 00:35:45.293721   979  1005 W NetworkStatsRecorder: unknown interfaces [p2p0, lo], ignoring those stats
01-02 00:35:45.293808   979  1005 D NetworkStatsRecorder: vpnArray:[Lcom.android.internal.net.VpnInfo;@3199c59
01-02 00:35:45.293884   979  1005 W NetworkStatsRecorder: unknown interfaces [p2p0, lo], ignoring those stats
01-02 00:35:45.318525   979  1005 I chatty  : uid=1000(system) DuraSpeedEventT identical 1 line
01-02 00:35:45.318847   979  1005 W NetworkStatsRecorder: unknown interfaces [p2p0, lo], ignoring those stats
01-02 00:35:45.319502   979  1005 D NetworkStatsRecorder: vpnArray:[Lcom.android.internal.net.VpnInfo;@560e01e
01-02 00:35:45.319677   979  1005 W NetworkStatsRecorder: unknown interfaces [p2p0, lo], ignoring those stats
01-02 00:35:45.319768   979  1005 D NetworkStatsRecorder: vpnArray:[Lcom.android.internal.net.VpnInfo;@560e01e
01-02 00:35:45.319866   979  1005 W NetworkStatsRecorder: unknown interfaces [p2p0, lo], ignoring those stats
01-02 00:36:00.001954   979  1067 D DataShapingService: [isDataShapingWhitelistApp] packageName: android
01-02 00:36:00.002270   979  1067 D DataShapingUtils: [isDataShapingWhitelistApp] packageName: android, mWhitelist: []
01-02 00:36:00.002703   979  1067 D DataShapingService: [openLteDataUpLinkGate] isForce: false
01-02 00:36:00.002867   979  1067 D DataShapingService: Alarm manager openLteDataUpLinkGate: false
01-02 00:36:00.002946   979  1067 I DataShapingService: openLteGateSuccess = false
01-02 00:36:15.418210   979  1005 W NetworkStatsRecorder: unknown interfaces [p2p0, lo], ignoring those stats
01-02 00:36:15.418544   979  1005 W NetworkStatsRecorder: unknown interfaces [p2p0, lo], ignoring those stats
01-02 00:36:15.418912   979  1005 D NetworkStatsRecorder: vpnArray:[Lcom.android.internal.net.VpnInfo;@e660ecc
01-02 00:36:15.419065   979  1005 W NetworkStatsRecorder: unknown interfaces [p2p0, lo], ignoring those stats
01-02 00:36:15.419173   979  1005 D NetworkStatsRecorder: vpnArray:[Lcom.android.internal.net.VpnInfo;@e660ecc
01-02 00:36:15.419399   979  1005 W NetworkStatsRecorder: unknown interfaces [p2p0, lo], ignoring those stats
01-02 00:36:15.445722   979  1005 I chatty  : uid=1000(system) DuraSpeedEventT identical 1 line
01-02 00:36:15.446035   979  1005 W NetworkStatsRecorder: unknown interfaces [p2p0, lo], ignoring those stats
01-02 00:36:15.446408   979  1005 D NetworkStatsRecorder: vpnArray:[Lcom.android.internal.net.VpnInfo;@7bea515
01-02 00:36:15.446543   979  1005 W NetworkStatsRecorder: unknown interfaces [p2p0, lo], ignoring those stats
01-02 00:36:15.446626   979  1005 D NetworkStatsRecorder: vpnArray:[Lcom.android.internal.net.VpnInfo;@7bea515
01-02 00:36:15.446700   979  1005 W NetworkStatsRecorder: unknown interfaces [p2p0, lo], ignoring those stats
01-02 00:36:45.491968   979  1005 I chatty  : uid=1000(system) DuraSpeedEventT identical 1 line
01-02 00:36:45.492287   979  1005 W NetworkStatsRecorder: unknown interfaces [p2p0, lo], ignoring those stats
01-02 00:36:45.492633   979  1005 D NetworkStatsRecorder: vpnArray:[Lcom.android.internal.net.VpnInfo;@5b6e02a
01-02 00:36:45.492769   979  1005 W NetworkStatsRecorder: unknown interfaces [p2p0, lo], ignoring those stats
01-02 00:36:45.492871   979  1005 D NetworkStatsRecorder: vpnArray:[Lcom.android.internal.net.VpnInfo;@5b6e02a
01-02 00:36:45.492949   979  1005 W NetworkStatsRecorder: unknown interfaces [p2p0, lo], ignoring those stats
01-02 00:36:45.517606   979  1005 I chatty  : uid=1000(system) DuraSpeedEventT identical 1 line
01-02 00:36:45.517924   979  1005 W NetworkStatsRecorder: unknown interfaces [p2p0, lo], ignoring those stats
01-02 00:36:45.518296   979  1005 D NetworkStatsRecorder: vpnArray:[Lcom.android.internal.net.VpnInfo;@1a66e1b
01-02 00:36:45.518394   979  1005 W NetworkStatsRecorder: unknown interfaces [p2p0, lo], ignoring those stats
01-02 00:36:45.518472   979  1005 D NetworkStatsRecorder: vpnArray:[Lcom.android.internal.net.VpnInfo;@1a66e1b
01-02 00:36:45.518545   979  1005 W NetworkStatsRecorder: unknown interfaces [p2p0, lo], ignoring those stats
01-02 00:37:00.001832   979  1067 D DataShapingService: [isDataShapingWhitelistApp] packageName: android
01-02 00:37:00.002169   979  1067 D DataShapingUtils: [isDataShapingWhitelistApp] packageName: android, mWhitelist: []
01-02 00:37:00.002641   979  1067 D DataShapingService: [openLteDataUpLinkGate] isForce: false
01-02 00:37:00.002818   979  1067 D DataShapingService: Alarm manager openLteDataUpLinkGate: false
01-02 00:37:00.002937   979  1067 I DataShapingService: openLteGateSuccess = false
01-02 00:37:15.613840   979  1005 W NetworkStatsRecorder: unknown interfaces [p2p0, lo], ignoring those stats
01-02 00:37:15.614309   979  1005 W NetworkStatsRecorder: unknown interfaces [p2p0, lo], ignoring those stats
01-02 00:37:15.614660   979  1005 D NetworkStatsRecorder: vpnArray:[Lcom.android.internal.net.VpnInfo;@2717d91
01-02 00:37:15.614804   979  1005 W NetworkStatsRecorder: unknown interfaces [p2p0, lo], ignoring those stats
01-02 00:37:15.614924   979  1005 D NetworkStatsRecorder: vpnArray:[Lcom.android.internal.net.VpnInfo;@2717d91
01-02 00:37:15.615043   979  1005 W NetworkStatsRecorder: unknown interfaces [p2p0, lo], ignoring those stats
01-02 00:37:15.639708   979  1005 I chatty  : uid=1000(system) DuraSpeedEventT identical 1 line
01-02 00:37:15.640034   979  1005 W NetworkStatsRecorder: unknown interfaces [p2p0, lo], ignoring those stats
01-02 00:37:15.640413   979  1005 D NetworkStatsRecorder: vpnArray:[Lcom.android.internal.net.VpnInfo;@dbad4f6
01-02 00:37:15.640507   979  1005 W NetworkStatsRecorder: unknown interfaces [p2p0, lo], ignoring those stats
01-02 00:37:15.640588   979  1005 D NetworkStatsRecorder: vpnArray:[Lcom.android.internal.net.VpnInfo;@dbad4f6
01-02 00:37:15.640661   979  1005 W NetworkStatsRecorder: unknown interfaces [p2p0, lo], ignoring those stats
01-02 00:37:45.721797   979  1005 I chatty  : uid=1000(system) DuraSpeedEventT identical 1 line
01-02 00:37:45.722133   979  1005 W NetworkStatsRecorder: unknown interfaces [p2p0, lo], ignoring those stats
01-02 00:37:45.722475   979  1005 D NetworkStatsRecorder: vpnArray:[Lcom.android.internal.net.VpnInfo;@d7b140b
01-02 00:37:45.722572   979  1005 W NetworkStatsRecorder: unknown interfaces [p2p0, lo], ignoring those stats
01-02 00:37:45.722740   979  1005 D NetworkStatsRecorder: vpnArray:[Lcom.android.internal.net.VpnInfo;@d7b140b
01-02 00:37:45.722828   979  1005 W NetworkStatsRecorder: unknown interfaces [p2p0, lo], ignoring those stats
01-02 00:37:45.748321   979  1005 I chatty  : uid=1000(system) DuraSpeedEventT identical 1 line
01-02 00:37:45.748641   979  1005 W NetworkStatsRecorder: unknown interfaces [p2p0, lo], ignoring those stats
01-02 00:37:45.748990   979  1005 D NetworkStatsRecorder: vpnArray:[Lcom.android.internal.net.VpnInfo;@90512e8
01-02 00:37:45.749104   979  1005 W NetworkStatsRecorder: unknown interfaces [p2p0, lo], ignoring those stats
01-02 00:37:45.749252   979  1005 D NetworkStatsRecorder: vpnArray:[Lcom.android.internal.net.VpnInfo;@90512e8
01-02 00:37:45.749333   979  1005 W NetworkStatsRecorder: unknown interfaces [p2p0, lo], ignoring those stats
01-02 00:38:00.002164   979  1067 D DataShapingService: [isDataShapingWhitelistApp] packageName: android
01-02 00:38:00.002506   979  1067 D DataShapingUtils: [isDataShapingWhitelistApp] packageName: android, mWhitelist: []
01-02 00:38:00.003612   979  1067 D DataShapingService: [openLteDataUpLinkGate] isForce: false
01-02 00:38:00.004273   979  1067 D DataShapingService: Alarm manager openLteDataUpLinkGate: true
01-02 00:38:00.004326   979  1251 D DataShapingService: [handleMessage] msg_alarm_manager_trigger
01-02 00:38:00.004432   979  1067 I DataShapingService: openLteGateSuccess = true
01-02 00:38:15.848595   979  1005 W NetworkStatsRecorder: unknown interfaces [p2p0, lo], ignoring those stats
01-02 00:38:15.848908   979  1005 W NetworkStatsRecorder: unknown interfaces [p2p0, lo], ignoring those stats
01-02 00:38:15.849258   979  1005 D NetworkStatsRecorder: vpnArray:[Lcom.android.internal.net.VpnInfo;@b2067a6
01-02 00:38:15.849352   979  1005 W NetworkStatsRecorder: unknown interfaces [p2p0, lo], ignoring those stats
01-02 00:38:15.849493   979  1005 D NetworkStatsRecorder: vpnArray:[Lcom.android.internal.net.VpnInfo;@b2067a6
01-02 00:38:15.849573   979  1005 W NetworkStatsRecorder: unknown interfaces [p2p0, lo], ignoring those stats
01-02 00:38:15.854819   979  1005 D NetworkStatsRecorder: loadLocked() reading from disk for uid
01-02 00:38:15.874686   979  1005 W NetworkStatsRecorder: unknown interfaces [p2p0, lo], ignoring those stats
01-02 00:38:15.874997   979  1005 W NetworkStatsRecorder: unknown interfaces [p2p0, lo], ignoring those stats
01-02 00:38:15.875440   979  1005 D NetworkStatsRecorder: vpnArray:[Lcom.android.internal.net.VpnInfo;@cc4e5e7
01-02 00:38:15.875546   979  1005 W NetworkStatsRecorder: unknown interfaces [p2p0, lo], ignoring those stats
01-02 00:38:15.875651   979  1005 D NetworkStatsRecorder: vpnArray:[Lcom.android.internal.net.VpnInfo;@cc4e5e7
01-02 00:38:15.875776   979  1005 W NetworkStatsRecorder: unknown interfaces [p2p0, lo], ignoring those stats
01-02 00:38:21.367040   979  1226 D WifiController: battery changed pluggedType: 2
01-02 00:38:45.947948   979  1005 W NetworkStatsRecorder: unknown interfaces [p2p0, lo], ignoring those stats
01-02 00:38:45.948252   979  1005 W NetworkStatsRecorder: unknown interfaces [p2p0, lo], ignoring those stats
01-02 00:38:45.948621   979  1005 D NetworkStatsRecorder: vpnArray:[Lcom.android.internal.net.VpnInfo;@58c7594
01-02 00:38:45.948767   979  1005 W NetworkStatsRecorder: unknown interfaces [p2p0, lo], ignoring those stats
01-02 00:38:45.948852   979  1005 D NetworkStatsRecorder: vpnArray:[Lcom.android.internal.net.VpnInfo;@58c7594
01-02 00:38:45.948928   979  1005 W NetworkStatsRecorder: unknown interfaces [p2p0, lo], ignoring those stats
01-02 00:38:45.972875   979  1005 I chatty  : uid=1000(system) DuraSpeedEventT identical 1 line
01-02 00:38:45.973181   979  1005 W NetworkStatsRecorder: unknown interfaces [p2p0, lo], ignoring those stats
01-02 00:38:45.973521   979  1005 D NetworkStatsRecorder: vpnArray:[Lcom.android.internal.net.VpnInfo;@d19583d
01-02 00:38:45.973656   979  1005 W NetworkStatsRecorder: unknown interfaces [p2p0, lo], ignoring those stats
01-02 00:38:45.973758   979  1005 D NetworkStatsRecorder: vpnArray:[Lcom.android.internal.net.VpnInfo;@d19583d
01-02 00:38:45.973834   979  1005 W NetworkStatsRecorder: unknown interfaces [p2p0, lo], ignoring those stats
01-02 00:39:00.002091   979  1067 D DataShapingService: [isDataShapingWhitelistApp] packageName: android
01-02 00:39:00.002408   979  1067 D DataShapingUtils: [isDataShapingWhitelistApp] packageName: android, mWhitelist: []
01-02 00:39:00.002820   979  1067 D DataShapingService: [openLteDataUpLinkGate] isForce: false
01-02 00:39:00.002979   979  1067 D DataShapingService: Alarm manager openLteDataUpLinkGate: false
01-02 00:39:00.003094   979  1067 I DataShapingService: openLteGateSuccess = false
01-02 00:39:12.302026   979  1067 D DataShapingService: [isDataShapingWhitelistApp] packageName: android
01-02 00:39:12.302253   979  1067 D DataShapingUtils: [isDataShapingWhitelistApp] packageName: android, mWhitelist: []
01-02 00:39:12.302527   979  1067 D DataShapingService: [isDataShapingWhitelistApp] packageName: com.google.android.gms
01-02 00:39:12.302670   979  1067 D DataShapingUtils: [isDataShapingWhitelistApp] packageName: com.google.android.gms, mWhitelist: []
01-02 00:39:12.303199   979  1067 D DataShapingService: [openLteDataUpLinkGate] isForce: false
01-02 00:39:12.303556   979  1067 D DataShapingService: Alarm manager openLteDataUpLinkGate: false
01-02 00:39:12.303638   979  1067 I DataShapingService: openLteGateSuccess = false
01-02 00:39:12.321157   979  1223 W NetworkStatsRecorder: unknown interfaces [p2p0, lo], ignoring those stats
01-02 00:39:12.321467   979  1223 W NetworkStatsRecorder: unknown interfaces [p2p0, lo], ignoring those stats
01-02 00:39:12.321850   979  1223 D NetworkStatsRecorder: vpnArray:[Lcom.android.internal.net.VpnInfo;@f483b39
01-02 00:39:12.321997   979  1223 W NetworkStatsRecorder: unknown interfaces [p2p0, lo], ignoring those stats
01-02 00:39:12.322086   979  1223 D NetworkStatsRecorder: vpnArray:[Lcom.android.internal.net.VpnInfo;@f483b39
01-02 00:39:12.322230   979  1223 W NetworkStatsRecorder: unknown interfaces [p2p0, lo], ignoring those stats
01-02 00:39:16.022632   979  1005 W NetworkStatsRecorder: unknown interfaces [p2p0, lo], ignoring those stats
01-02 00:39:16.022947   979  1005 W NetworkStatsRecorder: unknown interfaces [p2p0, lo], ignoring those stats
01-02 00:39:16.023493   979  1005 D NetworkStatsRecorder: vpnArray:[Lcom.android.internal.net.VpnInfo;@4826bc4
01-02 00:39:16.023666   979  1005 W NetworkStatsRecorder: unknown interfaces [p2p0, lo], ignoring those stats
01-02 00:39:16.023757   979  1005 D NetworkStatsRecorder: vpnArray:[Lcom.android.internal.net.VpnInfo;@4826bc4
01-02 00:39:16.023835   979  1005 W NetworkStatsRecorder: unknown interfaces [p2p0, lo], ignoring those stats
01-02 00:39:16.051736   979  1005 I chatty  : uid=1000(system) DuraSpeedEventT identical 1 line
01-02 00:39:16.052089   979  1005 W NetworkStatsRecorder: unknown interfaces [p2p0, lo], ignoring those stats
01-02 00:39:16.052451   979  1005 D NetworkStatsRecorder: vpnArray:[Lcom.android.internal.net.VpnInfo;@5f5caad
01-02 00:39:16.052590   979  1005 W NetworkStatsRecorder: unknown interfaces [p2p0, lo], ignoring those stats
01-02 00:39:16.052694   979  1005 D NetworkStatsRecorder: vpnArray:[Lcom.android.internal.net.VpnInfo;@5f5caad
01-02 00:39:16.052770   979  1005 W NetworkStatsRecorder: unknown interfaces [p2p0, lo], ignoring those stats
01-02 00:39:46.173042   979  1005 I chatty  : uid=1000(system) DuraSpeedEventT identical 1 line
01-02 00:39:46.173564   979  1005 W NetworkStatsRecorder: unknown interfaces [p2p0, lo], ignoring those stats
01-02 00:39:46.174105   979  1005 D NetworkStatsRecorder: vpnArray:[Lcom.android.internal.net.VpnInfo;@d124973
01-02 00:39:46.174252   979  1005 W NetworkStatsRecorder: unknown interfaces [p2p0, lo], ignoring those stats
01-02 00:39:46.174336   979  1005 D NetworkStatsRecorder: vpnArray:[Lcom.android.internal.net.VpnInfo;@d124973
01-02 00:39:46.174410   979  1005 W NetworkStatsRecorder: unknown interfaces [p2p0, lo], ignoring those stats
01-02 00:39:46.200015   979  1005 I chatty  : uid=1000(system) DuraSpeedEventT identical 1 line
01-02 00:39:46.200365   979  1005 W NetworkStatsRecorder: unknown interfaces [p2p0, lo], ignoring those stats
01-02 00:39:46.200717   979  1005 D NetworkStatsRecorder: vpnArray:[Lcom.android.internal.net.VpnInfo;@51c8030
01-02 00:39:46.200855   979  1005 W NetworkStatsRecorder: unknown interfaces [p2p0, lo], ignoring those stats
01-02 00:39:46.200960   979  1005 D NetworkStatsRecorder: vpnArray:[Lcom.android.internal.net.VpnInfo;@51c8030
01-02 00:39:46.201040   979  1005 W NetworkStatsRecorder: unknown interfaces [p2p0, lo], ignoring those stats
01-02 00:40:00.001320   979  1067 D DataShapingService: [isDataShapingWhitelistApp] packageName: android
01-02 00:40:00.001653   979  1067 D DataShapingUtils: [isDataShapingWhitelistApp] packageName: android, mWhitelist: []
01-02 00:40:00.002087   979  1067 D DataShapingService: [openLteDataUpLinkGate] isForce: false
01-02 00:40:00.002274   979  1067 D DataShapingService: Alarm manager openLteDataUpLinkGate: false
01-02 00:40:00.002352   979  1067 I DataShapingService: openLteGateSuccess = false
01-02 00:40:10.770890   979  2443 V WindowManager: Changing focus from Window{3222c2b u0 com.mediatek.mtklogger/com.mediatek.mtklogger.MainActivity} to Window{2016f5c u0 Stopping logs} Callers=com.android.server.wm.WindowManagerService.addWindow:1573 com.android.server.wm.Session.addToDisplay:202 android.view.IWindowSession$Stub.onTransact:124 com.android.server.wm.Session.onTransact:163 
01-02 00:40:10.774946   979  2443 D WindowManager: Input focus has changed to Window{2016f5c u0 Stopping logs}
01-02 00:40:10.779572   979  1001 I WindowManager: Focus moving from Window{3222c2b u0 com.mediatek.mtklogger/com.mediatek.mtklogger.MainActivity} to Window{2016f5c u0 Stopping logs}
01-02 00:40:10.877281   979  1001 I WindowManager: Losing delayed focus: Window{3222c2b u0 com.mediatek.mtklogger/com.mediatek.mtklogger.MainActivity}
01-02 00:40:16.305555   979  1005 W NetworkStatsRecorder: unknown interfaces [p2p0, lo], ignoring those stats
01-02 00:40:16.305893   979  1005 W NetworkStatsRecorder: unknown interfaces [p2p0, lo], ignoring those stats
01-02 00:40:16.306293   979  1005 D NetworkStatsRecorder: vpnArray:[Lcom.android.internal.net.VpnInfo;@7b2a265
01-02 00:40:16.306465   979  1005 W NetworkStatsRecorder: unknown interfaces [p2p0, lo], ignoring those stats
01-02 00:40:16.306557   979  1005 D NetworkStatsRecorder: vpnArray:[Lcom.android.internal.net.VpnInfo;@7b2a265
01-02 00:40:16.306633   979  1005 W NetworkStatsRecorder: unknown interfaces [p2p0, lo], ignoring those stats
01-02 00:40:16.328559   979  1005 I chatty  : uid=1000(system) DuraSpeedEventT identical 1 line
01-02 00:40:16.328828   979  1005 W NetworkStatsRecorder: unknown interfaces [p2p0, lo], ignoring those stats
01-02 00:40:16.329089   979  1005 D NetworkStatsRecorder: vpnArray:[Lcom.android.internal.net.VpnInfo;@3a81b3a
01-02 00:40:16.329191   979  1005 W NetworkStatsRecorder: unknown interfaces [p2p0, lo], ignoring those stats
01-02 00:40:16.329260   979  1005 D NetworkStatsRecorder: vpnArray:[Lcom.android.internal.net.VpnInfo;@3a81b3a
01-02 00:40:16.329303   979  1005 W NetworkStatsRecorder: unknown interfaces [p2p0, lo], ignoring those stats
01-02 00:40:30.840209   979  1001 I WindowManager: Focus moving from Window{2016f5c u0 Stopping logs EXITING} to Window{3222c2b u0 com.mediatek.mtklogger/com.mediatek.mtklogger.MainActivity}
01-02 00:40:35.828963   979  1001 I WindowManager: Focus moving from Window{3222c2b u0 com.mediatek.mtklogger/com.mediatek.mtklogger.MainActivity} to Window{1db63c7 u0 Starting logs}
01-02 00:40:35.944275   979  1001 I WindowManager: Losing delayed focus: Window{3222c2b u0 com.mediatek.mtklogger/com.mediatek.mtklogger.MainActivity}
01-02 00:40:39.801250   979 11208 V WindowManager: Remove Window{1db63c7 u0 Starting logs} client=96cb106, surfaceController=Surface(name=Starting logs) Callers=com.android.server.wm.WindowState.removeIfPossible:1860 com.android.server.wm.WindowManagerService.removeWindow:1740 com.android.server.wm.Session.remove:222 android.view.IWindowSession$Stub.onTransact:242 com.android.server.wm.Session.onTransact:163 
01-02 00:40:39.803578   979 11208 V WindowManager: Changing focus from Window{1db63c7 u0 Starting logs EXITING} to Window{3222c2b u0 com.mediatek.mtklogger/com.mediatek.mtklogger.MainActivity} Callers=com.android.server.wm.WindowState.setupWindowForRemoveOnExit:2008 com.android.server.wm.WindowState.removeIfPossible:1980 com.android.server.wm.WindowState.removeIfPossible:1860 com.android.server.wm.WindowManagerService.removeWindow:1740 
01-02 00:40:39.804078   979 11208 D WindowManager: Input focus has changed to Window{3222c2b u0 com.mediatek.mtklogger/com.mediatek.mtklogger.MainActivity}
01-02 00:40:39.826950   979  1001 I WindowManager: Focus moving from Window{1db63c7 u0 Starting logs EXITING} to Window{3222c2b u0 com.mediatek.mtklogger/com.mediatek.mtklogger.MainActivity}
01-02 00:40:46.398658   979  1005 W NetworkStatsRecorder: unknown interfaces [p2p0, lo], ignoring those stats
01-02 00:40:46.398982   979  1005 W NetworkStatsRecorder: unknown interfaces [p2p0, lo], ignoring those stats
01-02 00:40:46.399518   979  1005 D NetworkStatsRecorder: vpnArray:[Lcom.android.internal.net.VpnInfo;@2cbb91d
01-02 00:40:46.399685   979  1005 W NetworkStatsRecorder: unknown interfaces [p2p0, lo], ignoring those stats
01-02 00:40:46.399779   979  1005 D NetworkStatsRecorder: vpnArray:[Lcom.android.internal.net.VpnInfo;@2cbb91d
01-02 00:40:46.399857   979  1005 W NetworkStatsRecorder: unknown interfaces [p2p0, lo], ignoring those stats
01-02 00:40:46.424708   979  1005 I chatty  : uid=1000(system) DuraSpeedEventT identical 1 line
01-02 00:40:46.425039   979  1005 W NetworkStatsRecorder: unknown interfaces [p2p0, lo], ignoring those stats
01-02 00:40:46.425388   979  1005 D NetworkStatsRecorder: vpnArray:[Lcom.android.internal.net.VpnInfo;@c92d792
01-02 00:40:46.425521   979  1005 W NetworkStatsRecorder: unknown interfaces [p2p0, lo], ignoring those stats
01-02 00:40:46.425617   979  1005 D NetworkStatsRecorder: vpnArray:[Lcom.android.internal.net.VpnInfo;@c92d792
01-02 00:40:46.425694   979  1005 W NetworkStatsRecorder: unknown interfaces [p2p0, lo], ignoring those stats
01-02 00:41:00.002366   979  1067 D DataShapingService: [isDataShapingWhitelistApp] packageName: android
01-02 00:41:00.002722   979  1067 D DataShapingUtils: [isDataShapingWhitelistApp] packageName: android, mWhitelist: []
01-02 00:41:00.003154   979  1067 D DataShapingService: [openLteDataUpLinkGate] isForce: false
01-02 00:41:00.003579   979  1067 D DataShapingService: Alarm manager openLteDataUpLinkGate: false
01-02 00:41:00.003673   979  1067 I DataShapingService: openLteGateSuccess = false
01-02 00:41:16.529064   979  1005 W NetworkStatsRecorder: unknown interfaces [p2p0, lo], ignoring those stats
01-02 00:41:16.529254   979  1005 W NetworkStatsRecorder: unknown interfaces [p2p0, lo], ignoring those stats
01-02 00:41:16.529542   979  1005 D NetworkStatsRecorder: vpnArray:[Lcom.android.internal.net.VpnInfo;@285560
01-02 00:41:16.529629   979  1005 W NetworkStatsRecorder: unknown interfaces [p2p0, lo], ignoring those stats
