01-02 01:08:52.951222   979  1005 W NetworkStatsRecorder: unknown interfaces [p2p0, lo], ignoring those stats
01-02 01:09:00.002556   979  1067 D DataShapingService: [isDataShapingWhitelistApp] packageName: android
01-02 01:09:00.002885   979  1067 D DataShapingUtils: [isDataShapingWhitelistApp] packageName: android, mWhitelist: []
01-02 01:09:00.003485   979  1067 D DataShapingService: [openLteDataUpLinkGate] isForce: false
01-02 01:09:00.003663   979  1067 D DataShapingService: Alarm manager openLteDataUpLinkGate: false
01-02 01:09:00.003754   979  1067 I DataShapingService: openLteGateSuccess = false
01-02 01:09:12.340458   979  1067 D DataShapingService: [isDataShapingWhitelistApp] packageName: com.google.android.gms
01-02 01:09:12.340795   979  1067 D DataShapingUtils: [isDataShapingWhitelistApp] packageName: com.google.android.gms, mWhitelist: []
01-02 01:09:12.341234   979  1067 D DataShapingService: [openLteDataUpLinkGate] isForce: false
01-02 01:09:12.341400   979  1067 D DataShapingService: Alarm manager openLteDataUpLinkGate: false
01-02 01:09:12.341480   979  1067 I DataShapingService: openLteGateSuccess = false
01-02 01:09:17.613006   979 11208 V WindowManager: Changing focus from Window{3222c2b u0 com.mediatek.mtklogger/com.mediatek.mtklogger.MainActivity} to Window{457821 u0 Stopping logs} Callers=com.android.server.wm.WindowManagerService.addWindow:1573 com.android.server.wm.Session.addToDisplay:202 android.view.IWindowSession$Stub.onTransact:124 com.android.server.wm.Session.onTransact:163 
01-02 01:09:17.616310   979 11208 D WindowManager: Input focus has changed to Window{457821 u0 Stopping logs}
01-02 01:09:17.622331   979  1001 I WindowManager: Focus moving from Window{3222c2b u0 com.mediatek.mtklogger/com.mediatek.mtklogger.MainActivity} to Window{457821 u0 Stopping logs}
01-02 01:09:17.712694   979  1001 I WindowManager: Losing delayed focus: Window{3222c2b u0 com.mediatek.mtklogger/com.mediatek.mtklogger.MainActivity}
01-02 01:09:23.071184   979  1005 W NetworkStatsRecorder: unknown interfaces [p2p0, lo], ignoring those stats
01-02 01:09:23.071759   979  1005 W NetworkStatsRecorder: unknown interfaces [p2p0, lo], ignoring those stats
01-02 01:09:23.072132   979  1005 D NetworkStatsRecorder: vpnArray:[Lcom.android.internal.net.VpnInfo;@2b46446
01-02 01:09:23.072295   979  1005 W NetworkStatsRecorder: unknown interfaces [p2p0, lo], ignoring those stats
01-02 01:09:23.072364   979  1005 D NetworkStatsRecorder: vpnArray:[Lcom.android.internal.net.VpnInfo;@2b46446
01-02 01:09:23.072420   979  1005 W NetworkStatsRecorder: unknown interfaces [p2p0, lo], ignoring those stats
01-02 01:09:23.094202   979  1005 I chatty  : uid=1000(system) DuraSpeedEventT identical 1 line
01-02 01:09:23.094474   979  1005 W NetworkStatsRecorder: unknown interfaces [p2p0, lo], ignoring those stats
01-02 01:09:23.094757   979  1005 D NetworkStatsRecorder: vpnArray:[Lcom.android.internal.net.VpnInfo;@1803607
01-02 01:09:23.094861   979  1005 W NetworkStatsRecorder: unknown interfaces [p2p0, lo], ignoring those stats
01-02 01:09:23.094934   979  1005 D NetworkStatsRecorder: vpnArray:[Lcom.android.internal.net.VpnInfo;@1803607
01-02 01:09:23.094989   979  1005 W NetworkStatsRecorder: unknown interfaces [p2p0, lo], ignoring those stats
01-02 01:09:37.678358   979  1001 I WindowManager: Focus moving from Window{457821 u0 Stopping logs EXITING} to Window{3222c2b u0 com.mediatek.mtklogger/com.mediatek.mtklogger.MainActivity}
01-02 01:09:42.663360   979  1001 I WindowManager: Focus moving from Window{3222c2b u0 com.mediatek.mtklogger/com.mediatek.mtklogger.MainActivity} to Window{fd06ea0 u0 Starting logs}
01-02 01:09:42.778215   979  1001 I WindowManager: Losing delayed focus: Window{3222c2b u0 com.mediatek.mtklogger/com.mediatek.mtklogger.MainActivity}
01-02 01:09:46.640287   979  1437 V WindowManager: Remove Window{fd06ea0 u0 Starting logs} client=e02ba3, surfaceController=Surface(name=Starting logs) Callers=com.android.server.wm.WindowState.removeIfPossible:1860 com.android.server.wm.WindowManagerService.removeWindow:1740 com.android.server.wm.Session.remove:222 android.view.IWindowSession$Stub.onTransact:242 com.android.server.wm.Session.onTransact:163 
01-02 01:09:46.642075   979  1437 V WindowManager: Changing focus from Window{fd06ea0 u0 Starting logs EXITING} to Window{3222c2b u0 com.mediatek.mtklogger/com.mediatek.mtklogger.MainActivity} Callers=com.android.server.wm.WindowState.setupWindowForRemoveOnExit:2008 com.android.server.wm.WindowState.removeIfPossible:1980 com.android.server.wm.WindowState.removeIfPossible:1860 com.android.server.wm.WindowManagerService.removeWindow:1740 
01-02 01:09:46.642543   979  1437 D WindowManager: Input focus has changed to Window{3222c2b u0 com.mediatek.mtklogger/com.mediatek.mtklogger.MainActivity}
01-02 01:09:46.665777   979  1001 I WindowManager: Focus moving from Window{fd06ea0 u0 Starting logs EXITING} to Window{3222c2b u0 com.mediatek.mtklogger/com.mediatek.mtklogger.MainActivity}
01-02 01:09:53.161332   979  1005 W NetworkStatsRecorder: unknown interfaces [p2p0, lo], ignoring those stats
01-02 01:09:53.161659   979  1005 W NetworkStatsRecorder: unknown interfaces [p2p0, lo], ignoring those stats
01-02 01:09:53.162016   979  1005 D NetworkStatsRecorder: vpnArray:[Lcom.android.internal.net.VpnInfo;@425b61e
01-02 01:09:53.162185   979  1005 W NetworkStatsRecorder: unknown interfaces [p2p0, lo], ignoring those stats
01-02 01:09:53.162310   979  1005 D NetworkStatsRecorder: vpnArray:[Lcom.android.internal.net.VpnInfo;@425b61e
01-02 01:09:53.162392   979  1005 W NetworkStatsRecorder: unknown interfaces [p2p0, lo], ignoring those stats
01-02 01:09:53.187139   979  1005 I chatty  : uid=1000(system) DuraSpeedEventT identical 1 line
01-02 01:09:53.187943   979  1005 W NetworkStatsRecorder: unknown interfaces [p2p0, lo], ignoring those stats
01-02 01:09:53.188354   979  1005 D NetworkStatsRecorder: vpnArray:[Lcom.android.internal.net.VpnInfo;@abfdeff
01-02 01:09:53.188494   979  1005 W NetworkStatsRecorder: unknown interfaces [p2p0, lo], ignoring those stats
01-02 01:09:53.188575   979  1005 D NetworkStatsRecorder: vpnArray:[Lcom.android.internal.net.VpnInfo;@abfdeff
01-02 01:09:53.188667   979  1005 W NetworkStatsRecorder: unknown interfaces [p2p0, lo], ignoring those stats
01-02 01:10:00.001607   979  1067 D DataShapingService: [isDataShapingWhitelistApp] packageName: android
01-02 01:10:00.001944   979  1067 D DataShapingUtils: [isDataShapingWhitelistApp] packageName: android, mWhitelist: []
01-02 01:10:00.002330   979  1067 D DataShapingService: [openLteDataUpLinkGate] isForce: false
01-02 01:10:00.002512   979  1067 D DataShapingService: Alarm manager openLteDataUpLinkGate: true
01-02 01:10:00.002603   979  1067 I DataShapingService: openLteGateSuccess = true
01-02 01:10:00.002619   979  1251 D DataShapingService: [handleMessage] msg_alarm_manager_trigger
01-02 01:10:23.301759   979  1005 W NetworkStatsRecorder: unknown interfaces [p2p0, lo], ignoring those stats
01-02 01:10:23.302083   979  1005 W NetworkStatsRecorder: unknown interfaces [p2p0, lo], ignoring those stats
01-02 01:10:23.302440   979  1005 D NetworkStatsRecorder: vpnArray:[Lcom.android.internal.net.VpnInfo;@411f315
01-02 01:10:23.302628   979  1005 W NetworkStatsRecorder: unknown interfaces [p2p0, lo], ignoring those stats
01-02 01:10:23.302720   979  1005 D NetworkStatsRecorder: vpnArray:[Lcom.android.internal.net.VpnInfo;@411f315
01-02 01:10:23.302798   979  1005 W NetworkStatsRecorder: unknown interfaces [p2p0, lo], ignoring those stats
01-02 01:10:23.326479   979  1005 I chatty  : uid=1000(system) DuraSpeedEventT identical 1 line
01-02 01:10:23.326752   979  1005 W NetworkStatsRecorder: unknown interfaces [p2p0, lo], ignoring those stats
01-02 01:10:23.327052   979  1005 D NetworkStatsRecorder: vpnArray:[Lcom.android.internal.net.VpnInfo;@af3162a
01-02 01:10:23.327132   979  1005 W NetworkStatsRecorder: unknown interfaces [p2p0, lo], ignoring those stats
01-02 01:10:23.327197   979  1005 D NetworkStatsRecorder: vpnArray:[Lcom.android.internal.net.VpnInfo;@af3162a
01-02 01:10:23.327411   979  1005 W NetworkStatsRecorder: unknown interfaces [p2p0, lo], ignoring those stats
01-02 01:10:53.376774   979  1005 I chatty  : uid=1000(system) DuraSpeedEventT identical 1 line
01-02 01:10:53.377103   979  1005 W NetworkStatsRecorder: unknown interfaces [p2p0, lo], ignoring those stats
01-02 01:10:53.377451   979  1005 D NetworkStatsRecorder: vpnArray:[Lcom.android.internal.net.VpnInfo;@b9485ef
01-02 01:10:53.377546   979  1005 W NetworkStatsRecorder: unknown interfaces [p2p0, lo], ignoring those stats
01-02 01:10:53.377654   979  1005 D NetworkStatsRecorder: vpnArray:[Lcom.android.internal.net.VpnInfo;@b9485ef
01-02 01:10:53.377776   979  1005 W NetworkStatsRecorder: unknown interfaces [p2p0, lo], ignoring those stats
01-02 01:10:53.403587   979  1005 I chatty  : uid=1000(system) DuraSpeedEventT identical 1 line
01-02 01:10:53.403904   979  1005 W NetworkStatsRecorder: unknown interfaces [p2p0, lo], ignoring those stats
01-02 01:10:53.404285   979  1005 D NetworkStatsRecorder: vpnArray:[Lcom.android.internal.net.VpnInfo;@4e608fc
01-02 01:10:53.404422   979  1005 W NetworkStatsRecorder: unknown interfaces [p2p0, lo], ignoring those stats
01-02 01:10:53.404505   979  1005 D NetworkStatsRecorder: vpnArray:[Lcom.android.internal.net.VpnInfo;@4e608fc
01-02 01:10:53.404578   979  1005 W NetworkStatsRecorder: unknown interfaces [p2p0, lo], ignoring those stats
01-02 01:11:00.000839   979  1067 D DataShapingService: [isDataShapingWhitelistApp] packageName: android
01-02 01:11:00.001165   979  1067 D DataShapingUtils: [isDataShapingWhitelistApp] packageName: android, mWhitelist: []
01-02 01:11:00.001601   979  1067 D DataShapingService: [openLteDataUpLinkGate] isForce: false
01-02 01:11:00.001789   979  1067 D DataShapingService: Alarm manager openLteDataUpLinkGate: false
01-02 01:11:00.001869   979  1067 I DataShapingService: openLteGateSuccess = false
01-02 01:11:21.366808   979  1226 D WifiController: battery changed pluggedType: 2
01-02 01:11:23.473169   979  1005 W NetworkStatsRecorder: unknown interfaces [p2p0, lo], ignoring those stats
01-02 01:11:23.473496   979  1005 W NetworkStatsRecorder: unknown interfaces [p2p0, lo], ignoring those stats
01-02 01:11:23.473867   979  1005 D NetworkStatsRecorder: vpnArray:[Lcom.android.internal.net.VpnInfo;@f155dda
01-02 01:11:23.474010   979  1005 W NetworkStatsRecorder: unknown interfaces [p2p0, lo], ignoring those stats
01-02 01:11:23.474096   979  1005 D NetworkStatsRecorder: vpnArray:[Lcom.android.internal.net.VpnInfo;@f155dda
01-02 01:11:23.474172   979  1005 W NetworkStatsRecorder: unknown interfaces [p2p0, lo], ignoring those stats
01-02 01:11:23.480211   979  1005 D NetworkStatsRecorder: loadLocked() reading from disk for uid
01-02 01:11:23.501248   979  1005 W NetworkStatsRecorder: unknown interfaces [p2p0, lo], ignoring those stats
01-02 01:11:23.501564   979  1005 W NetworkStatsRecorder: unknown interfaces [p2p0, lo], ignoring those stats
01-02 01:11:23.501918   979  1005 D NetworkStatsRecorder: vpnArray:[Lcom.android.internal.net.VpnInfo;@f4d920b
01-02 01:11:23.502054   979  1005 W NetworkStatsRecorder: unknown interfaces [p2p0, lo], ignoring those stats
01-02 01:11:23.502162   979  1005 D NetworkStatsRecorder: vpnArray:[Lcom.android.internal.net.VpnInfo;@f4d920b
01-02 01:11:23.502290   979  1005 W NetworkStatsRecorder: unknown interfaces [p2p0, lo], ignoring those stats
01-02 01:11:29.557123   979   995 V WindowOrientationListener: Proposed rotation changed!  proposedRotation=0, oldProposedRotation=-1
01-02 01:11:30.072233   979  1457 V WindowManager: Changing focus from Window{3222c2b u0 com.mediatek.mtklogger/com.mediatek.mtklogger.MainActivity} to Window{57d9b01 u0 com.mediatek.mtklogger/com.mediatek.mtklogger.MainActivity} Callers=com.android.server.wm.WindowManagerService.addWindow:1573 com.android.server.wm.Session.addToDisplay:202 android.view.IWindowSession$Stub.onTransact:124 com.android.server.wm.Session.onTransact:163 
01-02 01:11:30.075455   979  1457 D WindowManager: Input focus has changed to Window{57d9b01 u0 com.mediatek.mtklogger/com.mediatek.mtklogger.MainActivity}
01-02 01:11:30.078918   979  1001 I WindowManager: Focus moving from Window{3222c2b u0 com.mediatek.mtklogger/com.mediatek.mtklogger.MainActivity} to Window{57d9b01 u0 com.mediatek.mtklogger/com.mediatek.mtklogger.MainActivity}
01-02 01:11:30.169735   979  1001 I WindowManager: Losing delayed focus: Window{3222c2b u0 com.mediatek.mtklogger/com.mediatek.mtklogger.MainActivity}
01-02 01:11:31.290082   979  1457 V WindowManager: Changing focus from Window{57d9b01 u0 com.mediatek.mtklogger/com.mediatek.mtklogger.MainActivity} to Window{c4143e7 u0 Stopping logs} Callers=com.android.server.wm.WindowManagerService.addWindow:1573 com.android.server.wm.Session.addToDisplay:202 android.view.IWindowSession$Stub.onTransact:124 com.android.server.wm.Session.onTransact:163 
01-02 01:11:31.292481   979  1457 D WindowManager: Input focus has changed to Window{c4143e7 u0 Stopping logs}
01-02 01:11:31.294373   979  1001 I WindowManager: Focus moving from Window{57d9b01 u0 com.mediatek.mtklogger/com.mediatek.mtklogger.MainActivity} to Window{c4143e7 u0 Stopping logs}
01-02 01:11:31.385742   979  1001 I WindowManager: Losing delayed focus: Window{57d9b01 u0 com.mediatek.mtklogger/com.mediatek.mtklogger.MainActivity EXITING}
01-02 01:11:51.348362   979  1001 I WindowManager: Focus moving from Window{c4143e7 u0 Stopping logs EXITING} to Window{3222c2b u0 com.mediatek.mtklogger/com.mediatek.mtklogger.MainActivity}
01-02 01:11:53.570733   979  1005 W NetworkStatsRecorder: unknown interfaces [p2p0, lo], ignoring those stats
01-02 01:11:53.598798   979  1005 I chatty  : uid=1000(system) DuraSpeedEventT identical 6 lines
01-02 01:11:53.599006   979  1005 W NetworkStatsRecorder: unknown interfaces [p2p0, lo], ignoring those stats
01-02 01:11:53.940555   979 11208 I ActivityManager: START u0 {cmp=com.mediatek.mtklogger/.LogFolderListActivity (has extras)} from uid 10061
01-02 01:11:53.968623   979  1001 I WindowManager: Focus moving from Window{3222c2b u0 com.mediatek.mtklogger/com.mediatek.mtklogger.MainActivity} to null
01-02 01:11:54.019771   979  1001 I WindowManager: Focus moving from null to Window{deb13fb u0 com.mediatek.mtklogger/com.mediatek.mtklogger.LogFolderListActivity}
01-02 01:11:54.030307   979  1001 I WindowManager: Focus moving from Window{deb13fb u0 com.mediatek.mtklogger/com.mediatek.mtklogger.LogFolderListActivity} to null
01-02 01:11:54.033019   979  1457 I WindowManager: Relayout Window{cfa9ff5 u0 com.mediatek.mtklogger/com.mediatek.mtklogger.LogFolderListActivity}: oldVis=4 newVis=0 focusMayChange = true
01-02 01:11:54.041907   979  1001 I WindowManager: Focus moving from null to Window{cfa9ff5 u0 com.mediatek.mtklogger/com.mediatek.mtklogger.LogFolderListActivity}
01-02 01:11:55.007326   979  1001 I WindowManager: Focus moving from Window{cfa9ff5 u0 com.mediatek.mtklogger/com.mediatek.mtklogger.LogFolderListActivity} to Window{3820773 u0 com.mediatek.mtklogger/com.mediatek.mtklogger.LogFolderListActivity}
01-02 01:11:55.076587   979  1001 I WindowManager: Losing delayed focus: Window{cfa9ff5 u0 com.mediatek.mtklogger/com.mediatek.mtklogger.LogFolderListActivity}
01-02 01:11:56.270402   979  1001 I WindowManager: Focus moving from Window{3820773 u0 com.mediatek.mtklogger/com.mediatek.mtklogger.LogFolderListActivity} to Window{a6ba7cf u0 Clearing log}
01-02 01:11:56.300045   979   994 I ActivityManager: Start proc 22684:com.mediatek.bluetooth.dtt/1000 for broadcast com.mediatek.bluetooth.dtt/.BluetoothReceiver
01-02 01:11:56.384188   979  1001 I WindowManager: Losing delayed focus: Window{3820773 u0 com.mediatek.mtklogger/com.mediatek.mtklogger.LogFolderListActivity EXITING}
01-02 01:11:56.451934   979  1457 W ActivityManager: Background start not allowed: service Intent { cmp=com.google.android.apps.photos/com.google.android.libraries.social.mediamonitor.BackgroundThreadNotifierIntentService (has extras) } to com.google.android.apps.photos/com.google.android.libraries.social.mediamonitor.BackgroundThreadNotifierIntentService from pid=29689 uid=10077 pkg=com.google.android.apps.photos
01-02 01:11:56.485880   979  1457 W ActivityManager: Background start not allowed: service Intent { cmp=com.google.android.apps.photos/com.google.android.libraries.social.mediamonitor.BackgroundThreadNotifierIntentService (has extras) } to com.google.android.apps.photos/com.google.android.libraries.social.mediamonitor.BackgroundThreadNotifierIntentService from pid=29689 uid=10077 pkg=com.google.android.apps.photos
01-02 01:11:56.758763   979  1437 W ActivityManager: Background start not allowed: service Intent { cmp=com.google.android.apps.photos/com.google.android.libraries.social.mediamonitor.BackgroundThreadNotifierIntentService (has extras) } to com.google.android.apps.photos/com.google.android.libraries.social.mediamonitor.BackgroundThreadNotifierIntentService from pid=29689 uid=10077 pkg=com.google.android.apps.photos
01-02 01:11:56.792368   979  1001 I WindowManager: Focus moving from Window{a6ba7cf u0 Clearing log} to null
01-02 01:11:56.806755   979  1457 W ActivityManager: Background start not allowed: service Intent { cmp=com.google.android.apps.photos/com.google.android.libraries.social.mediamonitor.BackgroundThreadNotifierIntentService (has extras) } to com.google.android.apps.photos/com.google.android.libraries.social.mediamonitor.BackgroundThreadNotifierIntentService from pid=29689 uid=10077 pkg=com.google.android.apps.photos
01-02 01:11:56.824836   979  1437 W ActivityManager: Background start not allowed: service Intent { cmp=com.google.android.apps.photos/com.google.android.libraries.social.mediamonitor.BackgroundThreadNotifierIntentService (has extras) } to com.google.android.apps.photos/com.google.android.libraries.social.mediamonitor.BackgroundThreadNotifierIntentService from pid=29689 uid=10077 pkg=com.google.android.apps.photos
01-02 01:11:56.825690   979  1457 I WindowManager: Relayout Window{3222c2b u0 com.mediatek.mtklogger/com.mediatek.mtklogger.MainActivity}: oldVis=8 newVis=0 focusMayChange = true
01-02 01:11:56.846943   979  1001 I WindowManager: Focus moving from null to Window{3222c2b u0 com.mediatek.mtklogger/com.mediatek.mtklogger.MainActivity}
01-02 01:11:56.860016   979  1457 W ActivityManager: Background start not allowed: service Intent { cmp=com.google.android.apps.photos/com.google.android.libraries.social.mediamonitor.BackgroundThreadNotifierIntentService (has extras) } to com.google.android.apps.photos/com.google.android.libraries.social.mediamonitor.BackgroundThreadNotifierIntentService from pid=29689 uid=10077 pkg=com.google.android.apps.photos
01-02 01:11:56.882962   979  8056 W ActivityManager: Background start not allowed: service Intent { cmp=com.google.android.apps.photos/com.google.android.libraries.social.mediamonitor.BackgroundThreadNotifierIntentService (has extras) } to com.google.android.apps.photos/com.google.android.libraries.social.mediamonitor.BackgroundThreadNotifierIntentService from pid=29689 uid=10077 pkg=com.google.android.apps.photos
01-02 01:11:56.888259   979 11208 I ActivityManager: Killing 30716:android.process.acore/u0a2 (adj 900): empty for 15568s
01-02 01:11:56.927575   979  1457 I ActivityManager: Killing 30681:com.google.android.apps.messaging/u0a64 (adj 900): depends on provider com.android.providers.blockednumber/.BlockedNumberProvider in dying proc android.process.acore (adj 900)
01-02 01:11:56.989292   979  2444 I WindowManager: WIN DEATH: Window{6302a87 u0 com.google.android.apps.messaging/com.google.android.apps.messaging.ui.ConversationListActivity}
01-02 01:11:57.185408   979  1437 I ActivityManager: Killing 2374:com.google.process.gapps/u0a11 (adj 906): empty for 13683s
01-02 01:12:00.002711   979  1067 I DataShapingService: openLteGateSuccess = false
01-02 01:12:23.630165   979  1005 W NetworkStatsRecorder: unknown interfaces [p2p0, lo], ignoring those stats
01-02 01:12:53.798291   979  1005 I chatty  : uid=1000(system) DuraSpeedEventT identical 14 lines
01-02 01:12:53.798469   979  1005 W NetworkStatsRecorder: unknown interfaces [p2p0, lo], ignoring those stats
01-02 01:13:00.002892   979  1067 I DataShapingService: openLteGateSuccess = false
01-02 01:13:07.291657   979  1001 I WindowManager: Focus moving from Window{3222c2b u0 com.mediatek.mtklogger/com.mediatek.mtklogger.MainActivity} to Window{946b0c1 u0 Stopping logs}
01-02 01:13:07.391631   979  1001 I WindowManager: Losing delayed focus: Window{3222c2b u0 com.mediatek.mtklogger/com.mediatek.mtklogger.MainActivity}
01-02 01:13:23.862923   979  1005 W NetworkStatsRecorder: unknown interfaces [p2p0, lo], ignoring those stats
01-02 01:13:23.888989   979  1005 I chatty  : uid=1000(system) DuraSpeedEventT identical 6 lines
01-02 01:13:23.889155   979  1005 W NetworkStatsRecorder: unknown interfaces [p2p0, lo], ignoring those stats
01-02 01:13:27.333434   979  1001 I WindowManager: Focus moving from Window{946b0c1 u0 Stopping logs EXITING} to Window{3222c2b u0 com.mediatek.mtklogger/com.mediatek.mtklogger.MainActivity}
01-02 01:13:32.338125   979  1001 I WindowManager: Focus moving from Window{3222c2b u0 com.mediatek.mtklogger/com.mediatek.mtklogger.MainActivity} to Window{b1ec9f u0 Starting logs}
01-02 01:13:32.462629   979  1001 I WindowManager: Losing delayed focus: Window{3222c2b u0 com.mediatek.mtklogger/com.mediatek.mtklogger.MainActivity}
01-02 01:13:36.314329   979  1437 V WindowManager: Remove Window{b1ec9f u0 Starting logs} client=7c6f63e, surfaceController=Surface(name=Starting logs) Callers=com.android.server.wm.WindowState.removeIfPossible:1860 com.android.server.wm.WindowManagerService.removeWindow:1740 com.android.server.wm.Session.remove:222 android.view.IWindowSession$Stub.onTransact:242 com.android.server.wm.Session.onTransact:163 
01-02 01:13:36.316621   979  1437 V WindowManager: Changing focus from Window{b1ec9f u0 Starting logs EXITING} to Window{3222c2b u0 com.mediatek.mtklogger/com.mediatek.mtklogger.MainActivity} Callers=com.android.server.wm.WindowState.setupWindowForRemoveOnExit:2008 com.android.server.wm.WindowState.removeIfPossible:1980 com.android.server.wm.WindowState.removeIfPossible:1860 com.android.server.wm.WindowManagerService.removeWindow:1740 
01-02 01:13:36.317155   979  1437 D WindowManager: Input focus has changed to Window{3222c2b u0 com.mediatek.mtklogger/com.mediatek.mtklogger.MainActivity}
01-02 01:13:36.340468   979  1001 I WindowManager: Focus moving from Window{b1ec9f u0 Starting logs EXITING} to Window{3222c2b u0 com.mediatek.mtklogger/com.mediatek.mtklogger.MainActivity}
01-02 01:13:53.994418   979  1005 W NetworkStatsRecorder: unknown interfaces [p2p0, lo], ignoring those stats
01-02 01:13:53.994742   979  1005 W NetworkStatsRecorder: unknown interfaces [p2p0, lo], ignoring those stats
01-02 01:13:53.995116   979  1005 D NetworkStatsRecorder: vpnArray:[Lcom.android.internal.net.VpnInfo;@fcbc9b5
01-02 01:13:53.995331   979  1005 W NetworkStatsRecorder: unknown interfaces [p2p0, lo], ignoring those stats
01-02 01:13:53.995424   979  1005 D NetworkStatsRecorder: vpnArray:[Lcom.android.internal.net.VpnInfo;@fcbc9b5
01-02 01:13:53.995502   979  1005 W NetworkStatsRecorder: unknown interfaces [p2p0, lo], ignoring those stats
01-02 01:13:54.020348   979  1005 I chatty  : uid=1000(system) DuraSpeedEventT identical 1 line
01-02 01:13:54.020679   979  1005 W NetworkStatsRecorder: unknown interfaces [p2p0, lo], ignoring those stats
01-02 01:13:54.021031   979  1005 D NetworkStatsRecorder: vpnArray:[Lcom.android.internal.net.VpnInfo;@838384a
01-02 01:13:54.021166   979  1005 W NetworkStatsRecorder: unknown interfaces [p2p0, lo], ignoring those stats
01-02 01:13:54.021263   979  1005 D NetworkStatsRecorder: vpnArray:[Lcom.android.internal.net.VpnInfo;@838384a
01-02 01:13:54.021340   979  1005 W NetworkStatsRecorder: unknown interfaces [p2p0, lo], ignoring those stats
01-02 01:14:00.001953   979  1067 D DataShapingService: [isDataShapingWhitelistApp] packageName: android
01-02 01:14:00.002288   979  1067 D DataShapingUtils: [isDataShapingWhitelistApp] packageName: android, mWhitelist: []
01-02 01:14:00.002721   979  1067 D DataShapingService: [openLteDataUpLinkGate] isForce: false
01-02 01:14:00.002885   979  1067 D DataShapingService: Alarm manager openLteDataUpLinkGate: false
01-02 01:14:00.002964   979  1067 I DataShapingService: openLteGateSuccess = false
01-02 01:14:21.366179   979  1226 D WifiController: battery changed pluggedType: 2
01-02 01:14:22.939495   979  1437 I ActivityManager: START u0 {cmp=com.mediatek.mtklogger/.settings.SettingsActivity} from uid 10061
01-02 01:14:22.965641   979  1437 D DL-PowerManagerService: isBatteryCoverOpen
01-02 01:14:22.969272   979  1437 V WindowManager: Set focused app to: AppWindowToken{3c98f16 token=Token{c3c4c31 ActivityRecord{79bb0d8 u0 com.mediatek.mtklogger/.settings.SettingsActivity t653}}} old focus=AppWindowToken{344ca0e token=Token{8d94ef8 ActivityRecord{6e9765b u0 com.mediatek.mtklogger/.MainActivity t653}}} moveFocusNow=true
01-02 01:14:22.970129   979  1437 V WindowManager: Changing focus from Window{3222c2b u0 com.mediatek.mtklogger/com.mediatek.mtklogger.MainActivity} to null Callers=com.android.server.wm.WindowManagerService.setFocusedApp:2738 com.android.server.am.ActivityManagerService.setResumedActivityUncheckLocked:3259 com.android.server.am.ActivityStack.setResumedActivityLocked:2284 com.android.server.am.ActivityStack.minimalResumeActivityLocked:1093 
01-02 01:14:22.970269   979  1437 D WindowManager: Input focus has changed to null
01-02 01:14:22.972599   979  1001 I WindowManager: Focus moving from Window{3222c2b u0 com.mediatek.mtklogger/com.mediatek.mtklogger.MainActivity} to null
01-02 01:14:23.033641   979  5720 I WindowManager: Relayout Window{7587a6d u0 com.mediatek.mtklogger/com.mediatek.mtklogger.settings.SettingsActivity}: oldVis=4 newVis=0 focusMayChange = true
01-02 01:14:23.040226   979  5720 V WindowManager: Changing focus from null to Window{7587a6d u0 com.mediatek.mtklogger/com.mediatek.mtklogger.settings.SettingsActivity} Callers=com.android.server.wm.WindowManagerService.relayoutWindow:2170 com.android.server.wm.Session.relayout:239 android.view.IWindowSession$Stub.onTransact:286 com.android.server.wm.Session.onTransact:163 
01-02 01:14:23.040388   979  5720 D WindowManager: Input focus has changed to Window{7587a6d u0 com.mediatek.mtklogger/com.mediatek.mtklogger.settings.SettingsActivity}
01-02 01:14:23.046780   979  1001 I WindowManager: Focus moving from null to Window{7587a6d u0 com.mediatek.mtklogger/com.mediatek.mtklogger.settings.SettingsActivity}
01-02 01:14:23.128816   979  4959 D IdleScreen: activityIdleScreen: android.app.ContextImpl@fd7e570 mNotifyNeeded: false idleIntent: Intent { cmp=com.mediatek.mtklogger/.settings.SettingsActivity }
01-02 01:14:24.069294   979  1005 W NetworkStatsRecorder: unknown interfaces [p2p0, lo], ignoring those stats
01-02 01:14:24.069590   979  1005 W NetworkStatsRecorder: unknown interfaces [p2p0, lo], ignoring those stats
01-02 01:14:24.069938   979  1005 D NetworkStatsRecorder: vpnArray:[Lcom.android.internal.net.VpnInfo;@5438a25
01-02 01:14:24.070075   979  1005 W NetworkStatsRecorder: unknown interfaces [p2p0, lo], ignoring those stats
01-02 01:14:24.070160   979  1005 D NetworkStatsRecorder: vpnArray:[Lcom.android.internal.net.VpnInfo;@5438a25
01-02 01:14:24.070235   979  1005 W NetworkStatsRecorder: unknown interfaces [p2p0, lo], ignoring those stats
01-02 01:14:24.094253   979  1005 I chatty  : uid=1000(system) DuraSpeedEventT identical 1 line
01-02 01:14:24.094583   979  1005 W NetworkStatsRecorder: unknown interfaces [p2p0, lo], ignoring those stats
01-02 01:14:24.094923   979  1005 D NetworkStatsRecorder: vpnArray:[Lcom.android.internal.net.VpnInfo;@f7747fa
01-02 01:14:24.095024   979  1005 W NetworkStatsRecorder: unknown interfaces [p2p0, lo], ignoring those stats
01-02 01:14:24.095125   979  1005 D NetworkStatsRecorder: vpnArray:[Lcom.android.internal.net.VpnInfo;@f7747fa
01-02 01:14:24.095203   979  1005 W NetworkStatsRecorder: unknown interfaces [p2p0, lo], ignoring those stats
01-02 01:14:54.184446   979  1005 I chatty  : uid=1000(system) DuraSpeedEventT identical 1 line
01-02 01:14:54.184883   979  1005 W NetworkStatsRecorder: unknown interfaces [p2p0, lo], ignoring those stats
01-02 01:14:54.185302   979  1005 D NetworkStatsRecorder: vpnArray:[Lcom.android.internal.net.VpnInfo;@31401ab
01-02 01:14:54.185441   979  1005 W NetworkStatsRecorder: unknown interfaces [p2p0, lo], ignoring those stats
01-02 01:14:54.185526   979  1005 D NetworkStatsRecorder: vpnArray:[Lcom.android.internal.net.VpnInfo;@31401ab
01-02 01:14:54.185669   979  1005 W NetworkStatsRecorder: unknown interfaces [p2p0, lo], ignoring those stats
01-02 01:14:54.209424   979  1005 I chatty  : uid=1000(system) DuraSpeedEventT identical 1 line
01-02 01:14:54.209734   979  1005 W NetworkStatsRecorder: unknown interfaces [p2p0, lo], ignoring those stats
01-02 01:14:54.210071   979  1005 D NetworkStatsRecorder: vpnArray:[Lcom.android.internal.net.VpnInfo;@d490008
01-02 01:14:54.210213   979  1005 W NetworkStatsRecorder: unknown interfaces [p2p0, lo], ignoring those stats
01-02 01:14:54.210317   979  1005 D NetworkStatsRecorder: vpnArray:[Lcom.android.internal.net.VpnInfo;@d490008
01-02 01:14:54.210393   979  1005 W NetworkStatsRecorder: unknown interfaces [p2p0, lo], ignoring those stats
01-02 01:15:00.001888   979  1067 D DataShapingService: [isDataShapingWhitelistApp] packageName: android
01-02 01:15:00.002218   979  1067 D DataShapingUtils: [isDataShapingWhitelistApp] packageName: android, mWhitelist: []
01-02 01:15:00.002653   979  1067 D DataShapingService: [openLteDataUpLinkGate] isForce: false
01-02 01:15:00.002934   979  1067 D DataShapingService: Alarm manager openLteDataUpLinkGate: true
01-02 01:15:00.003075   979  1251 D DataShapingService: [handleMessage] msg_alarm_manager_trigger
01-02 01:15:00.003125   979  1067 I DataShapingService: openLteGateSuccess = true
01-02 01:15:11.827548   979  1067 D DataShapingService: [openLteDataUpLinkGate] isForce: false
01-02 01:15:11.827788   979  1067 D DataShapingService: Alarm manager openLteDataUpLinkGate: false
01-02 01:15:11.827877   979  1067 I DataShapingService: openLteGateSuccess = false
01-02 01:15:21.365883   979  1226 D WifiController: battery changed pluggedType: 2
01-02 01:15:24.271517   979  1005 W NetworkStatsRecorder: unknown interfaces [p2p0, lo], ignoring those stats
01-02 01:15:24.271830   979  1005 W NetworkStatsRecorder: unknown interfaces [p2p0, lo], ignoring those stats
01-02 01:15:24.272220   979  1005 D NetworkStatsRecorder: vpnArray:[Lcom.android.internal.net.VpnInfo;@63f464c
01-02 01:15:24.272361   979  1005 W NetworkStatsRecorder: unknown interfaces [p2p0, lo], ignoring those stats
01-02 01:15:24.272446   979  1005 D NetworkStatsRecorder: vpnArray:[Lcom.android.internal.net.VpnInfo;@63f464c
01-02 01:15:24.272522   979  1005 W NetworkStatsRecorder: unknown interfaces [p2p0, lo], ignoring those stats
01-02 01:15:24.297936   979  1005 I chatty  : uid=1000(system) DuraSpeedEventT identical 1 line
01-02 01:15:24.298252   979  1005 W NetworkStatsRecorder: unknown interfaces [p2p0, lo], ignoring those stats
01-02 01:15:24.298596   979  1005 D NetworkStatsRecorder: vpnArray:[Lcom.android.internal.net.VpnInfo;@b244695
01-02 01:15:24.298694   979  1005 W NetworkStatsRecorder: unknown interfaces [p2p0, lo], ignoring those stats
01-02 01:15:24.298795   979  1005 D NetworkStatsRecorder: vpnArray:[Lcom.android.internal.net.VpnInfo;@b244695
01-02 01:15:24.298873   979  1005 W NetworkStatsRecorder: unknown interfaces [p2p0, lo], ignoring those stats
01-02 01:15:54.393504   979  1005 I chatty  : uid=1000(system) DuraSpeedEventT identical 1 line
01-02 01:15:54.393888   979  1005 W NetworkStatsRecorder: unknown interfaces [p2p0, lo], ignoring those stats
01-02 01:15:54.394298   979  1005 D NetworkStatsRecorder: vpnArray:[Lcom.android.internal.net.VpnInfo;@831a3aa
01-02 01:15:54.394468   979  1005 W NetworkStatsRecorder: unknown interfaces [p2p0, lo], ignoring those stats
01-02 01:15:54.394555   979  1005 D NetworkStatsRecorder: vpnArray:[Lcom.android.internal.net.VpnInfo;@831a3aa
01-02 01:15:54.394632   979  1005 W NetworkStatsRecorder: unknown interfaces [p2p0, lo], ignoring those stats
01-02 01:15:54.399997   979  1005 D NetworkStatsRecorder: loadLocked() reading from disk for uid
01-02 01:15:54.420321   979  1005 W NetworkStatsRecorder: unknown interfaces [p2p0, lo], ignoring those stats
01-02 01:15:54.420633   979  1005 W NetworkStatsRecorder: unknown interfaces [p2p0, lo], ignoring those stats
01-02 01:15:54.420977   979  1005 D NetworkStatsRecorder: vpnArray:[Lcom.android.internal.net.VpnInfo;@c7cab9b
01-02 01:15:54.421116   979  1005 W NetworkStatsRecorder: unknown interfaces [p2p0, lo], ignoring those stats
01-02 01:15:54.421221   979  1005 D NetworkStatsRecorder: vpnArray:[Lcom.android.internal.net.VpnInfo;@c7cab9b
01-02 01:15:54.421350   979  1005 W NetworkStatsRecorder: unknown interfaces [p2p0, lo], ignoring those stats
01-02 01:16:00.001017   979  1067 D DataShapingService: [isDataShapingWhitelistApp] packageName: android
01-02 01:16:00.001331   979  1067 D DataShapingUtils: [isDataShapingWhitelistApp] packageName: android, mWhitelist: []
01-02 01:16:00.001771   979  1067 D DataShapingService: [openLteDataUpLinkGate] isForce: false
01-02 01:16:00.001938   979  1067 D DataShapingService: Alarm manager openLteDataUpLinkGate: false
01-02 01:16:00.002017   979  1067 I DataShapingService: openLteGateSuccess = false
01-02 01:16:21.366585   979  1226 D WifiController: battery changed pluggedType: 2
01-02 01:16:24.452381   979  1005 W NetworkStatsRecorder: unknown interfaces [p2p0, lo], ignoring those stats
01-02 01:16:24.452693   979  1005 W NetworkStatsRecorder: unknown interfaces [p2p0, lo], ignoring those stats
01-02 01:16:24.453059   979  1005 D NetworkStatsRecorder: vpnArray:[Lcom.android.internal.net.VpnInfo;@ba4ff05
01-02 01:16:24.453198   979  1005 W NetworkStatsRecorder: unknown interfaces [p2p0, lo], ignoring those stats
01-02 01:16:24.453284   979  1005 D NetworkStatsRecorder: vpnArray:[Lcom.android.internal.net.VpnInfo;@ba4ff05
01-02 01:16:24.453361   979  1005 W NetworkStatsRecorder: unknown interfaces [p2p0, lo], ignoring those stats
01-02 01:16:24.477278   979  1005 I chatty  : uid=1000(system) DuraSpeedEventT identical 1 line
01-02 01:16:24.477589   979  1005 W NetworkStatsRecorder: unknown interfaces [p2p0, lo], ignoring those stats
01-02 01:16:24.477926   979  1005 D NetworkStatsRecorder: vpnArray:[Lcom.android.internal.net.VpnInfo;@dd24b5a
01-02 01:16:24.478060   979  1005 W NetworkStatsRecorder: unknown interfaces [p2p0, lo], ignoring those stats
01-02 01:16:24.478165   979  1005 D NetworkStatsRecorder: vpnArray:[Lcom.android.internal.net.VpnInfo;@dd24b5a
01-02 01:16:24.478243   979  1005 W NetworkStatsRecorder: unknown interfaces [p2p0, lo], ignoring those stats
01-02 01:16:54.585513   979  1005 I chatty  : uid=1000(system) DuraSpeedEventT identical 1 line
01-02 01:16:54.585834   979  1005 W NetworkStatsRecorder: unknown interfaces [p2p0, lo], ignoring those stats
01-02 01:16:54.586199   979  1005 D NetworkStatsRecorder: vpnArray:[Lcom.android.internal.net.VpnInfo;@71bb18b
01-02 01:16:54.586341   979  1005 W NetworkStatsRecorder: unknown interfaces [p2p0, lo], ignoring those stats
01-02 01:16:54.586428   979  1005 D NetworkStatsRecorder: vpnArray:[Lcom.android.internal.net.VpnInfo;@71bb18b
01-02 01:16:54.586501   979  1005 W NetworkStatsRecorder: unknown interfaces [p2p0, lo], ignoring those stats
01-02 01:16:54.611483   979  1005 I chatty  : uid=1000(system) DuraSpeedEventT identical 1 line
01-02 01:16:54.611871   979  1005 W NetworkStatsRecorder: unknown interfaces [p2p0, lo], ignoring those stats
01-02 01:16:54.612241   979  1005 D NetworkStatsRecorder: vpnArray:[Lcom.android.internal.net.VpnInfo;@3652268
01-02 01:16:54.612388   979  1005 W NetworkStatsRecorder: unknown interfaces [p2p0, lo], ignoring those stats
01-02 01:16:54.612498   979  1005 D NetworkStatsRecorder: vpnArray:[Lcom.android.internal.net.VpnInfo;@3652268
01-02 01:16:54.612578   979  1005 W NetworkStatsRecorder: unknown interfaces [p2p0, lo], ignoring those stats
01-02 01:17:00.001101   979  1067 D DataShapingService: [isDataShapingWhitelistApp] packageName: android
01-02 01:17:00.001418   979  1067 D DataShapingUtils: [isDataShapingWhitelistApp] packageName: android, mWhitelist: []
01-02 01:17:00.001863   979  1067 D DataShapingService: [openLteDataUpLinkGate] isForce: false
01-02 01:17:00.002037   979  1067 D DataShapingService: Alarm manager openLteDataUpLinkGate: false
01-02 01:17:00.002157   979  1067 I DataShapingService: openLteGateSuccess = false
01-02 01:17:21.366373   979  1226 D WifiController: battery changed pluggedType: 2
01-02 01:17:24.734761   979  1005 W NetworkStatsRecorder: unknown interfaces [p2p0, lo], ignoring those stats
01-02 01:17:24.735078   979  1005 W NetworkStatsRecorder: unknown interfaces [p2p0, lo], ignoring those stats
01-02 01:17:24.735550   979  1005 D NetworkStatsRecorder: vpnArray:[Lcom.android.internal.net.VpnInfo;@4d9c326
01-02 01:17:24.735657   979  1005 W NetworkStatsRecorder: unknown interfaces [p2p0, lo], ignoring those stats
01-02 01:17:24.735743   979  1005 D NetworkStatsRecorder: vpnArray:[Lcom.android.internal.net.VpnInfo;@4d9c326
01-02 01:17:24.735818   979  1005 W NetworkStatsRecorder: unknown interfaces [p2p0, lo], ignoring those stats
01-02 01:17:24.760429   979  1005 I chatty  : uid=1000(system) DuraSpeedEventT identical 1 line
01-02 01:17:24.760763   979  1005 W NetworkStatsRecorder: unknown interfaces [p2p0, lo], ignoring those stats
01-02 01:17:24.761110   979  1005 D NetworkStatsRecorder: vpnArray:[Lcom.android.internal.net.VpnInfo;@f91db67
01-02 01:17:24.761205   979  1005 W NetworkStatsRecorder: unknown interfaces [p2p0, lo], ignoring those stats
01-02 01:17:24.761307   979  1005 D NetworkStatsRecorder: vpnArray:[Lcom.android.internal.net.VpnInfo;@f91db67
01-02 01:17:24.761383   979  1005 W NetworkStatsRecorder: unknown interfaces [p2p0, lo], ignoring those stats
01-02 01:17:54.851527   979  1005 I chatty  : uid=1000(system) DuraSpeedEventT identical 1 line
01-02 01:17:54.851846   979  1005 W NetworkStatsRecorder: unknown interfaces [p2p0, lo], ignoring those stats
01-02 01:17:54.852189   979  1005 D NetworkStatsRecorder: vpnArray:[Lcom.android.internal.net.VpnInfo;@9d909bd
01-02 01:17:54.852346   979  1005 W NetworkStatsRecorder: unknown interfaces [p2p0, lo], ignoring those stats
01-02 01:17:54.852432   979  1005 D NetworkStatsRecorder: vpnArray:[Lcom.android.internal.net.VpnInfo;@9d909bd
01-02 01:17:54.852506   979  1005 W NetworkStatsRecorder: unknown interfaces [p2p0, lo], ignoring those stats
01-02 01:17:54.878009   979  1005 I chatty  : uid=1000(system) DuraSpeedEventT identical 1 line
01-02 01:17:54.878354   979  1005 W NetworkStatsRecorder: unknown interfaces [p2p0, lo], ignoring those stats
01-02 01:17:54.878694   979  1005 D NetworkStatsRecorder: vpnArray:[Lcom.android.internal.net.VpnInfo;@78eebb2
01-02 01:17:54.878790   979  1005 W NetworkStatsRecorder: unknown interfaces [p2p0, lo], ignoring those stats
01-02 01:17:54.878869   979  1005 D NetworkStatsRecorder: vpnArray:[Lcom.android.internal.net.VpnInfo;@78eebb2
01-02 01:17:54.878961   979  1005 W NetworkStatsRecorder: unknown interfaces [p2p0, lo], ignoring those stats
01-02 01:18:00.000986   979  1067 D DataShapingService: [isDataShapingWhitelistApp] packageName: android
01-02 01:18:00.001308   979  1067 D DataShapingUtils: [isDataShapingWhitelistApp] packageName: android, mWhitelist: []
01-02 01:18:00.001738   979  1067 D DataShapingService: [openLteDataUpLinkGate] isForce: false
01-02 01:18:00.001903   979  1067 D DataShapingService: Alarm manager openLteDataUpLinkGate: false
01-02 01:18:00.001982   979  1067 I DataShapingService: openLteGateSuccess = false
01-02 01:18:24.957041   979  1005 W NetworkStatsRecorder: unknown interfaces [p2p0, lo], ignoring those stats
01-02 01:18:55.102954   979  1005 I chatty  : uid=1000(system) DuraSpeedEventT identical 8 lines
01-02 01:18:55.103218   979  1005 W NetworkStatsRecorder: unknown interfaces [p2p0, lo], ignoring those stats
01-02 01:18:55.103648   979  1005 D NetworkStatsRecorder: vpnArray:[Lcom.android.internal.net.VpnInfo;@cbcb375
01-02 01:18:55.103776   979  1005 W NetworkStatsRecorder: unknown interfaces [p2p0, lo], ignoring those stats
01-02 01:18:55.103837   979  1005 D NetworkStatsRecorder: vpnArray:[Lcom.android.internal.net.VpnInfo;@cbcb375
01-02 01:18:55.103893   979  1005 W NetworkStatsRecorder: unknown interfaces [p2p0, lo], ignoring those stats
01-02 01:18:55.125870   979  1005 I chatty  : uid=1000(system) DuraSpeedEventT identical 1 line
01-02 01:18:55.126425   979  1005 W NetworkStatsRecorder: unknown interfaces [p2p0, lo], ignoring those stats
01-02 01:18:55.126840   979  1005 D NetworkStatsRecorder: vpnArray:[Lcom.android.internal.net.VpnInfo;@c843f0a
01-02 01:18:55.126978   979  1005 W NetworkStatsRecorder: unknown interfaces [p2p0, lo], ignoring those stats
01-02 01:18:55.127061   979  1005 D NetworkStatsRecorder: vpnArray:[Lcom.android.internal.net.VpnInfo;@c843f0a
01-02 01:18:55.127152   979  1005 W NetworkStatsRecorder: unknown interfaces [p2p0, lo], ignoring those stats
01-02 01:19:00.002463   979  1067 D DataShapingService: [isDataShapingWhitelistApp] packageName: android
01-02 01:19:00.002799   979  1067 D DataShapingUtils: [isDataShapingWhitelistApp] packageName: android, mWhitelist: []
01-02 01:19:00.003393   979  1067 D DataShapingService: [openLteDataUpLinkGate] isForce: false
01-02 01:19:00.003583   979  1067 D DataShapingService: Alarm manager openLteDataUpLinkGate: false
01-02 01:19:00.003666   979  1067 I DataShapingService: openLteGateSuccess = false
01-02 01:19:21.365461   979  1226 D WifiController: battery changed pluggedType: 2
01-02 01:19:25.208840   979  1005 W NetworkStatsRecorder: unknown interfaces [p2p0, lo], ignoring those stats
01-02 01:19:25.209155   979  1005 W NetworkStatsRecorder: unknown interfaces [p2p0, lo], ignoring those stats
01-02 01:19:25.209503   979  1005 D NetworkStatsRecorder: vpnArray:[Lcom.android.internal.net.VpnInfo;@c59f598
01-02 01:19:25.209666   979  1005 W NetworkStatsRecorder: unknown interfaces [p2p0, lo], ignoring those stats
01-02 01:19:25.209798   979  1005 D NetworkStatsRecorder: vpnArray:[Lcom.android.internal.net.VpnInfo;@c59f598
01-02 01:19:25.209879   979  1005 W NetworkStatsRecorder: unknown interfaces [p2p0, lo], ignoring those stats
01-02 01:19:25.234693   979  1005 I chatty  : uid=1000(system) DuraSpeedEventT identical 1 line
01-02 01:19:25.234999   979  1005 W NetworkStatsRecorder: unknown interfaces [p2p0, lo], ignoring those stats
01-02 01:19:25.235537   979  1005 D NetworkStatsRecorder: vpnArray:[Lcom.android.internal.net.VpnInfo;@6b211f1
01-02 01:19:25.235697   979  1005 W NetworkStatsRecorder: unknown interfaces [p2p0, lo], ignoring those stats
01-02 01:19:25.235785   979  1005 D NetworkStatsRecorder: vpnArray:[Lcom.android.internal.net.VpnInfo;@6b211f1
01-02 01:19:25.235860   979  1005 W NetworkStatsRecorder: unknown interfaces [p2p0, lo], ignoring those stats
01-02 01:19:55.336033   979  1005 I chatty  : uid=1000(system) DuraSpeedEventT identical 1 line
01-02 01:19:55.336360   979  1005 W NetworkStatsRecorder: unknown interfaces [p2p0, lo], ignoring those stats
01-02 01:19:55.336711   979  1005 D NetworkStatsRecorder: vpnArray:[Lcom.android.internal.net.VpnInfo;@caf41d6
01-02 01:19:55.336815   979  1005 W NetworkStatsRecorder: unknown interfaces [p2p0, lo], ignoring those stats
01-02 01:19:55.336971   979  1005 D NetworkStatsRecorder: vpnArray:[Lcom.android.internal.net.VpnInfo;@caf41d6
01-02 01:19:55.337054   979  1005 W NetworkStatsRecorder: unknown interfaces [p2p0, lo], ignoring those stats
01-02 01:19:55.361482   979  1005 I chatty  : uid=1000(system) DuraSpeedEventT identical 1 line
01-02 01:19:55.361800   979  1005 W NetworkStatsRecorder: unknown interfaces [p2p0, lo], ignoring those stats
01-02 01:19:55.362171   979  1005 D NetworkStatsRecorder: vpnArray:[Lcom.android.internal.net.VpnInfo;@e326c57
01-02 01:19:55.362270   979  1005 W NetworkStatsRecorder: unknown interfaces [p2p0, lo], ignoring those stats
01-02 01:19:55.362407   979  1005 D NetworkStatsRecorder: vpnArray:[Lcom.android.internal.net.VpnInfo;@e326c57
01-02 01:19:55.362484   979  1005 W NetworkStatsRecorder: unknown interfaces [p2p0, lo], ignoring those stats
01-02 01:20:00.001915   979  1067 D DataShapingService: [isDataShapingWhitelistApp] packageName: android
01-02 01:20:00.002237   979  1067 D DataShapingUtils: [isDataShapingWhitelistApp] packageName: android, mWhitelist: []
01-02 01:20:00.002793   979  1067 D DataShapingService: [openLteDataUpLinkGate] isForce: false
01-02 01:20:00.003114   979  1067 D DataShapingService: Alarm manager openLteDataUpLinkGate: true
01-02 01:20:00.003220   979  1251 D DataShapingService: [handleMessage] msg_alarm_manager_trigger
01-02 01:20:00.003442   979  1067 I DataShapingService: openLteGateSuccess = true
01-02 01:20:25.390407   979  1005 W NetworkStatsRecorder: unknown interfaces [p2p0, lo], ignoring those stats
01-02 01:20:25.391115   979  1005 W NetworkStatsRecorder: unknown interfaces [p2p0, lo], ignoring those stats
01-02 01:20:25.391615   979  1005 D NetworkStatsRecorder: vpnArray:[Lcom.android.internal.net.VpnInfo;@8c4dc2d
01-02 01:20:25.391770   979  1005 W NetworkStatsRecorder: unknown interfaces [p2p0, lo], ignoring those stats
01-02 01:20:25.391890   979  1005 D NetworkStatsRecorder: vpnArray:[Lcom.android.internal.net.VpnInfo;@8c4dc2d
01-02 01:20:25.391968   979  1005 W NetworkStatsRecorder: unknown interfaces [p2p0, lo], ignoring those stats
01-02 01:20:25.417034   979  1005 I chatty  : uid=1000(system) DuraSpeedEventT identical 1 line
01-02 01:20:25.417349   979  1005 W NetworkStatsRecorder: unknown interfaces [p2p0, lo], ignoring those stats
01-02 01:20:25.417711   979  1005 D NetworkStatsRecorder: vpnArray:[Lcom.android.internal.net.VpnInfo;@eb5a562
01-02 01:20:25.417848   979  1005 W NetworkStatsRecorder: unknown interfaces [p2p0, lo], ignoring those stats
01-02 01:20:25.417933   979  1005 D NetworkStatsRecorder: vpnArray:[Lcom.android.internal.net.VpnInfo;@eb5a562
01-02 01:20:25.418007   979  1005 W NetworkStatsRecorder: unknown interfaces [p2p0, lo], ignoring those stats
01-02 01:20:55.515728   979  1005 I chatty  : uid=1000(system) DuraSpeedEventT identical 1 line
01-02 01:20:55.516072   979  1005 W NetworkStatsRecorder: unknown interfaces [p2p0, lo], ignoring those stats
01-02 01:20:55.516423   979  1005 D NetworkStatsRecorder: vpnArray:[Lcom.android.internal.net.VpnInfo;@78776f3
01-02 01:20:55.516562   979  1005 W NetworkStatsRecorder: unknown interfaces [p2p0, lo], ignoring those stats
01-02 01:20:55.516667   979  1005 D NetworkStatsRecorder: vpnArray:[Lcom.android.internal.net.VpnInfo;@78776f3
01-02 01:20:55.516798   979  1005 W NetworkStatsRecorder: unknown interfaces [p2p0, lo], ignoring those stats
01-02 01:20:55.542032   979  1005 I chatty  : uid=1000(system) DuraSpeedEventT identical 1 line
01-02 01:20:55.542355   979  1005 W NetworkStatsRecorder: unknown interfaces [p2p0, lo], ignoring those stats
01-02 01:20:55.542721   979  1005 D NetworkStatsRecorder: vpnArray:[Lcom.android.internal.net.VpnInfo;@ddddfb0
01-02 01:20:55.542857   979  1005 W NetworkStatsRecorder: unknown interfaces [p2p0, lo], ignoring those stats
01-02 01:20:55.542997   979  1005 D NetworkStatsRecorder: vpnArray:[Lcom.android.internal.net.VpnInfo;@ddddfb0
01-02 01:20:55.543079   979  1005 W NetworkStatsRecorder: unknown interfaces [p2p0, lo], ignoring those stats
01-02 01:21:00.001133   979  1067 D DataShapingService: [isDataShapingWhitelistApp] packageName: android
01-02 01:21:00.001449   979  1067 D DataShapingUtils: [isDataShapingWhitelistApp] packageName: android, mWhitelist: []
01-02 01:21:00.001873   979  1067 D DataShapingService: [openLteDataUpLinkGate] isForce: false
01-02 01:21:00.002034   979  1067 D DataShapingService: Alarm manager openLteDataUpLinkGate: false
01-02 01:21:00.002113   979  1067 I DataShapingService: openLteGateSuccess = false
01-02 01:21:21.368534   979  1226 D WifiController: battery changed pluggedType: 2
01-02 01:21:25.610881   979  1005 W NetworkStatsRecorder: unknown interfaces [p2p0, lo], ignoring those stats
01-02 01:21:25.611184   979  1005 W NetworkStatsRecorder: unknown interfaces [p2p0, lo], ignoring those stats
01-02 01:21:25.611637   979  1005 D NetworkStatsRecorder: vpnArray:[Lcom.android.internal.net.VpnInfo;@9ccb5ae
01-02 01:21:25.611785   979  1005 W NetworkStatsRecorder: unknown interfaces [p2p0, lo], ignoring those stats
01-02 01:21:25.611872   979  1005 D NetworkStatsRecorder: vpnArray:[Lcom.android.internal.net.VpnInfo;@9ccb5ae
01-02 01:21:25.611949   979  1005 W NetworkStatsRecorder: unknown interfaces [p2p0, lo], ignoring those stats
01-02 01:21:25.617294   979  1005 D NetworkStatsRecorder: loadLocked() reading from disk for uid
01-02 01:21:25.636954   979  1005 W NetworkStatsRecorder: unknown interfaces [p2p0, lo], ignoring those stats
01-02 01:21:25.637257   979  1005 W NetworkStatsRecorder: unknown interfaces [p2p0, lo], ignoring those stats
01-02 01:21:25.637588   979  1005 D NetworkStatsRecorder: vpnArray:[Lcom.android.internal.net.VpnInfo;@e188f4f
01-02 01:21:25.637722   979  1005 W NetworkStatsRecorder: unknown interfaces [p2p0, lo], ignoring those stats
01-02 01:21:25.637883   979  1005 D NetworkStatsRecorder: vpnArray:[Lcom.android.internal.net.VpnInfo;@e188f4f
01-02 01:21:25.637963   979  1005 W NetworkStatsRecorder: unknown interfaces [p2p0, lo], ignoring those stats
