01-02 00:41:16.529690   979  1005 D NetworkStatsRecorder: vpnArray:[Lcom.android.internal.net.VpnInfo;@285560
01-02 00:41:16.529744   979  1005 W NetworkStatsRecorder: unknown interfaces [p2p0, lo], ignoring those stats
01-02 00:41:16.550193   979  1005 I chatty  : uid=1000(system) DuraSpeedEventT identical 1 line
01-02 00:41:16.550555   979  1005 W NetworkStatsRecorder: unknown interfaces [p2p0, lo], ignoring those stats
01-02 00:41:16.550878   979  1005 D NetworkStatsRecorder: vpnArray:[Lcom.android.internal.net.VpnInfo;@36fca19
01-02 00:41:16.550981   979  1005 W NetworkStatsRecorder: unknown interfaces [p2p0, lo], ignoring those stats
01-02 00:41:16.551042   979  1005 D NetworkStatsRecorder: vpnArray:[Lcom.android.internal.net.VpnInfo;@36fca19
01-02 00:41:16.551108   979  1005 W NetworkStatsRecorder: unknown interfaces [p2p0, lo], ignoring those stats
01-02 00:41:46.605506   979  1005 I chatty  : uid=1000(system) DuraSpeedEventT identical 1 line
01-02 00:41:46.606215   979  1005 W NetworkStatsRecorder: unknown interfaces [p2p0, lo], ignoring those stats
01-02 00:41:46.606562   979  1005 D NetworkStatsRecorder: vpnArray:[Lcom.android.internal.net.VpnInfo;@e82dade
01-02 00:41:46.606677   979  1005 W NetworkStatsRecorder: unknown interfaces [p2p0, lo], ignoring those stats
01-02 00:41:46.606758   979  1005 D NetworkStatsRecorder: vpnArray:[Lcom.android.internal.net.VpnInfo;@e82dade
01-02 00:41:46.606830   979  1005 W NetworkStatsRecorder: unknown interfaces [p2p0, lo], ignoring those stats
01-02 00:41:46.632026   979  1005 I chatty  : uid=1000(system) DuraSpeedEventT identical 1 line
01-02 00:41:46.632366   979  1005 W NetworkStatsRecorder: unknown interfaces [p2p0, lo], ignoring those stats
01-02 00:41:46.632771   979  1005 D NetworkStatsRecorder: vpnArray:[Lcom.android.internal.net.VpnInfo;@21b04bf
01-02 00:41:46.632930   979  1005 W NetworkStatsRecorder: unknown interfaces [p2p0, lo], ignoring those stats
01-02 00:41:46.633017   979  1005 D NetworkStatsRecorder: vpnArray:[Lcom.android.internal.net.VpnInfo;@21b04bf
01-02 00:41:46.633121   979  1005 W NetworkStatsRecorder: unknown interfaces [p2p0, lo], ignoring those stats
01-02 00:42:00.001029   979  1067 D DataShapingService: [isDataShapingWhitelistApp] packageName: android
01-02 00:42:00.001339   979  1067 D DataShapingUtils: [isDataShapingWhitelistApp] packageName: android, mWhitelist: []
01-02 00:42:00.001754   979  1067 D DataShapingService: [openLteDataUpLinkGate] isForce: false
01-02 00:42:00.001936   979  1067 D DataShapingService: Alarm manager openLteDataUpLinkGate: false
01-02 00:42:00.002017   979  1067 I DataShapingService: openLteGateSuccess = false
01-02 00:42:16.729144   979  1005 W NetworkStatsRecorder: unknown interfaces [p2p0, lo], ignoring those stats
01-02 00:42:16.729453   979  1005 W NetworkStatsRecorder: unknown interfaces [p2p0, lo], ignoring those stats
01-02 00:42:16.729795   979  1005 D NetworkStatsRecorder: vpnArray:[Lcom.android.internal.net.VpnInfo;@a9eed5
01-02 00:42:16.729950   979  1005 W NetworkStatsRecorder: unknown interfaces [p2p0, lo], ignoring those stats
01-02 00:42:16.730038   979  1005 D NetworkStatsRecorder: vpnArray:[Lcom.android.internal.net.VpnInfo;@a9eed5
01-02 00:42:16.730116   979  1005 W NetworkStatsRecorder: unknown interfaces [p2p0, lo], ignoring those stats
01-02 00:42:16.761272   979  1005 I chatty  : uid=1000(system) DuraSpeedEventT identical 1 line
01-02 00:42:16.761641   979  1005 W NetworkStatsRecorder: unknown interfaces [p2p0, lo], ignoring those stats
01-02 00:42:16.762151   979  1005 D NetworkStatsRecorder: vpnArray:[Lcom.android.internal.net.VpnInfo;@cddc6ea
01-02 00:42:16.762307   979  1005 W NetworkStatsRecorder: unknown interfaces [p2p0, lo], ignoring those stats
01-02 00:42:16.762451   979  1005 D NetworkStatsRecorder: vpnArray:[Lcom.android.internal.net.VpnInfo;@cddc6ea
01-02 00:42:16.762584   979  1005 W NetworkStatsRecorder: unknown interfaces [p2p0, lo], ignoring those stats
01-02 00:42:46.886135   979  1005 I chatty  : uid=1000(system) DuraSpeedEventT identical 1 line
01-02 00:42:46.886464   979  1005 W NetworkStatsRecorder: unknown interfaces [p2p0, lo], ignoring those stats
01-02 00:42:46.886836   979  1005 D NetworkStatsRecorder: vpnArray:[Lcom.android.internal.net.VpnInfo;@c4967b6
01-02 00:42:46.886984   979  1005 W NetworkStatsRecorder: unknown interfaces [p2p0, lo], ignoring those stats
01-02 00:42:46.887071   979  1005 D NetworkStatsRecorder: vpnArray:[Lcom.android.internal.net.VpnInfo;@c4967b6
01-02 00:42:46.887146   979  1005 W NetworkStatsRecorder: unknown interfaces [p2p0, lo], ignoring those stats
01-02 00:42:46.914866   979  1005 I chatty  : uid=1000(system) DuraSpeedEventT identical 1 line
01-02 00:42:46.915140   979  1005 W NetworkStatsRecorder: unknown interfaces [p2p0, lo], ignoring those stats
01-02 00:42:46.915496   979  1005 D NetworkStatsRecorder: vpnArray:[Lcom.android.internal.net.VpnInfo;@59eccb7
01-02 00:42:46.915606   979  1005 W NetworkStatsRecorder: unknown interfaces [p2p0, lo], ignoring those stats
01-02 00:42:46.915685   979  1005 D NetworkStatsRecorder: vpnArray:[Lcom.android.internal.net.VpnInfo;@59eccb7
01-02 00:42:46.915740   979  1005 W NetworkStatsRecorder: unknown interfaces [p2p0, lo], ignoring those stats
01-02 00:43:00.002154   979  1067 D DataShapingService: [isDataShapingWhitelistApp] packageName: android
01-02 00:43:00.002478   979  1067 D DataShapingUtils: [isDataShapingWhitelistApp] packageName: android, mWhitelist: []
01-02 00:43:00.002915   979  1067 D DataShapingService: [openLteDataUpLinkGate] isForce: false
01-02 00:43:00.003110   979  1067 D DataShapingService: Alarm manager openLteDataUpLinkGate: false
01-02 00:43:00.003195   979  1067 I DataShapingService: openLteGateSuccess = false
01-02 00:43:16.995127   979  1005 W NetworkStatsRecorder: unknown interfaces [p2p0, lo], ignoring those stats
01-02 00:43:16.995562   979  1005 W NetworkStatsRecorder: unknown interfaces [p2p0, lo], ignoring those stats
01-02 00:43:16.995961   979  1005 D NetworkStatsRecorder: vpnArray:[Lcom.android.internal.net.VpnInfo;@dc702c1
01-02 00:43:16.996108   979  1005 W NetworkStatsRecorder: unknown interfaces [p2p0, lo], ignoring those stats
01-02 00:43:16.996194   979  1005 D NetworkStatsRecorder: vpnArray:[Lcom.android.internal.net.VpnInfo;@dc702c1
01-02 00:43:16.996272   979  1005 W NetworkStatsRecorder: unknown interfaces [p2p0, lo], ignoring those stats
01-02 00:43:17.021902   979  1005 I chatty  : uid=1000(system) DuraSpeedEventT identical 1 line
01-02 00:43:17.022227   979  1005 W NetworkStatsRecorder: unknown interfaces [p2p0, lo], ignoring those stats
01-02 00:43:17.022574   979  1005 D NetworkStatsRecorder: vpnArray:[Lcom.android.internal.net.VpnInfo;@2d92a66
01-02 00:43:17.022708   979  1005 W NetworkStatsRecorder: unknown interfaces [p2p0, lo], ignoring those stats
01-02 00:43:17.022815   979  1005 D NetworkStatsRecorder: vpnArray:[Lcom.android.internal.net.VpnInfo;@2d92a66
01-02 00:43:17.022945   979  1005 W NetworkStatsRecorder: unknown interfaces [p2p0, lo], ignoring those stats
01-02 00:43:21.370416   979  1226 D WifiController: battery changed pluggedType: 2
01-02 00:43:47.061359   979  1005 W NetworkStatsRecorder: unknown interfaces [p2p0, lo], ignoring those stats
01-02 00:43:47.061701   979  1005 W NetworkStatsRecorder: unknown interfaces [p2p0, lo], ignoring those stats
01-02 00:43:47.062053   979  1005 D NetworkStatsRecorder: vpnArray:[Lcom.android.internal.net.VpnInfo;@53d86f2
01-02 00:43:47.062194   979  1005 W NetworkStatsRecorder: unknown interfaces [p2p0, lo], ignoring those stats
01-02 00:43:47.062301   979  1005 D NetworkStatsRecorder: vpnArray:[Lcom.android.internal.net.VpnInfo;@53d86f2
01-02 00:43:47.062380   979  1005 W NetworkStatsRecorder: unknown interfaces [p2p0, lo], ignoring those stats
01-02 00:43:47.087772   979  1005 I chatty  : uid=1000(system) DuraSpeedEventT identical 1 line
01-02 00:43:47.088098   979  1005 W NetworkStatsRecorder: unknown interfaces [p2p0, lo], ignoring those stats
01-02 00:43:47.088458   979  1005 D NetworkStatsRecorder: vpnArray:[Lcom.android.internal.net.VpnInfo;@b7c6143
01-02 00:43:47.088631   979  1005 W NetworkStatsRecorder: unknown interfaces [p2p0, lo], ignoring those stats
01-02 00:43:47.088720   979  1005 D NetworkStatsRecorder: vpnArray:[Lcom.android.internal.net.VpnInfo;@b7c6143
01-02 00:43:47.088795   979  1005 W NetworkStatsRecorder: unknown interfaces [p2p0, lo], ignoring those stats
01-02 00:44:00.001001   979  1067 D DataShapingService: [isDataShapingWhitelistApp] packageName: android
01-02 00:44:00.001336   979  1067 D DataShapingUtils: [isDataShapingWhitelistApp] packageName: android, mWhitelist: []
01-02 00:44:00.001775   979  1067 D DataShapingService: [openLteDataUpLinkGate] isForce: false
01-02 00:44:00.002054   979  1067 D DataShapingService: Alarm manager openLteDataUpLinkGate: true
01-02 00:44:00.002152   979  1251 D DataShapingService: [handleMessage] msg_alarm_manager_trigger
01-02 00:44:00.002179   979  1067 I DataShapingService: openLteGateSuccess = true
01-02 00:44:17.161964   979  1005 W NetworkStatsRecorder: unknown interfaces [p2p0, lo], ignoring those stats
01-02 00:44:17.162304   979  1005 W NetworkStatsRecorder: unknown interfaces [p2p0, lo], ignoring those stats
01-02 00:44:17.162658   979  1005 D NetworkStatsRecorder: vpnArray:[Lcom.android.internal.net.VpnInfo;@ec848f9
01-02 00:44:17.162807   979  1005 W NetworkStatsRecorder: unknown interfaces [p2p0, lo], ignoring those stats
01-02 00:44:17.162892   979  1005 D NetworkStatsRecorder: vpnArray:[Lcom.android.internal.net.VpnInfo;@ec848f9
01-02 00:44:17.162990   979  1005 W NetworkStatsRecorder: unknown interfaces [p2p0, lo], ignoring those stats
01-02 00:44:17.189471   979  1005 I chatty  : uid=1000(system) DuraSpeedEventT identical 1 line
01-02 00:44:17.189784   979  1005 W NetworkStatsRecorder: unknown interfaces [p2p0, lo], ignoring those stats
01-02 00:44:17.190128   979  1005 D NetworkStatsRecorder: vpnArray:[Lcom.android.internal.net.VpnInfo;@b19203e
01-02 00:44:17.190284   979  1005 W NetworkStatsRecorder: unknown interfaces [p2p0, lo], ignoring those stats
01-02 00:44:17.190369   979  1005 D NetworkStatsRecorder: vpnArray:[Lcom.android.internal.net.VpnInfo;@b19203e
01-02 00:44:17.190450   979  1005 W NetworkStatsRecorder: unknown interfaces [p2p0, lo], ignoring those stats
01-02 00:44:47.275552   979  1005 I chatty  : uid=1000(system) DuraSpeedEventT identical 1 line
01-02 00:44:47.275869   979  1005 W NetworkStatsRecorder: unknown interfaces [p2p0, lo], ignoring those stats
01-02 00:44:47.276248   979  1005 D NetworkStatsRecorder: vpnArray:[Lcom.android.internal.net.VpnInfo;@1cb9bec
01-02 00:44:47.276383   979  1005 W NetworkStatsRecorder: unknown interfaces [p2p0, lo], ignoring those stats
01-02 00:44:47.276469   979  1005 D NetworkStatsRecorder: vpnArray:[Lcom.android.internal.net.VpnInfo;@1cb9bec
01-02 00:44:47.276557   979  1005 W NetworkStatsRecorder: unknown interfaces [p2p0, lo], ignoring those stats
01-02 00:44:47.300629   979  1005 I chatty  : uid=1000(system) DuraSpeedEventT identical 1 line
01-02 00:44:47.300950   979  1005 W NetworkStatsRecorder: unknown interfaces [p2p0, lo], ignoring those stats
01-02 00:44:47.301294   979  1005 D NetworkStatsRecorder: vpnArray:[Lcom.android.internal.net.VpnInfo;@1bb7bb5
01-02 00:44:47.301435   979  1005 W NetworkStatsRecorder: unknown interfaces [p2p0, lo], ignoring those stats
01-02 00:44:47.301539   979  1005 D NetworkStatsRecorder: vpnArray:[Lcom.android.internal.net.VpnInfo;@1bb7bb5
01-02 00:44:47.301616   979  1005 W NetworkStatsRecorder: unknown interfaces [p2p0, lo], ignoring those stats
01-02 00:45:00.001772   979  1067 D DataShapingService: [isDataShapingWhitelistApp] packageName: android
01-02 00:45:00.002273   979  1067 D DataShapingUtils: [isDataShapingWhitelistApp] packageName: android, mWhitelist: []
01-02 00:45:00.002759   979  1067 D DataShapingService: [openLteDataUpLinkGate] isForce: false
01-02 00:45:00.002936   979  1067 D DataShapingService: Alarm manager openLteDataUpLinkGate: false
01-02 00:45:00.003030   979  1067 I DataShapingService: openLteGateSuccess = false
01-02 00:45:10.745327   979  1437 V WindowManager: Changing focus from Window{3222c2b u0 com.mediatek.mtklogger/com.mediatek.mtklogger.MainActivity} to Window{2751e31 u0 Stopping logs} Callers=com.android.server.wm.WindowManagerService.addWindow:1573 com.android.server.wm.Session.addToDisplay:202 android.view.IWindowSession$Stub.onTransact:124 com.android.server.wm.Session.onTransact:163 
01-02 00:45:10.748304   979  1437 D WindowManager: Input focus has changed to Window{2751e31 u0 Stopping logs}
01-02 00:45:10.752218   979  1001 I WindowManager: Focus moving from Window{3222c2b u0 com.mediatek.mtklogger/com.mediatek.mtklogger.MainActivity} to Window{2751e31 u0 Stopping logs}
01-02 00:45:10.852288   979  1001 I WindowManager: Losing delayed focus: Window{3222c2b u0 com.mediatek.mtklogger/com.mediatek.mtklogger.MainActivity}
01-02 00:45:17.425607   979  1005 W NetworkStatsRecorder: unknown interfaces [p2p0, lo], ignoring those stats
01-02 00:45:17.425874   979  1005 W NetworkStatsRecorder: unknown interfaces [p2p0, lo], ignoring those stats
01-02 00:45:17.426218   979  1005 D NetworkStatsRecorder: vpnArray:[Lcom.android.internal.net.VpnInfo;@5f6f916
01-02 00:45:17.426332   979  1005 W NetworkStatsRecorder: unknown interfaces [p2p0, lo], ignoring those stats
01-02 00:45:17.426394   979  1005 D NetworkStatsRecorder: vpnArray:[Lcom.android.internal.net.VpnInfo;@5f6f916
01-02 00:45:17.426486   979  1005 W NetworkStatsRecorder: unknown interfaces [p2p0, lo], ignoring those stats
01-02 00:45:17.451919   979  1005 I chatty  : uid=1000(system) DuraSpeedEventT identical 1 line
01-02 00:45:17.452185   979  1005 W NetworkStatsRecorder: unknown interfaces [p2p0, lo], ignoring those stats
01-02 00:45:17.452472   979  1005 D NetworkStatsRecorder: vpnArray:[Lcom.android.internal.net.VpnInfo;@710f297
01-02 00:45:17.452573   979  1005 W NetworkStatsRecorder: unknown interfaces [p2p0, lo], ignoring those stats
01-02 00:45:17.452645   979  1005 D NetworkStatsRecorder: vpnArray:[Lcom.android.internal.net.VpnInfo;@710f297
01-02 00:45:17.452699   979  1005 W NetworkStatsRecorder: unknown interfaces [p2p0, lo], ignoring those stats
01-02 00:45:30.806620   979  1001 I WindowManager: Focus moving from Window{2751e31 u0 Stopping logs EXITING} to Window{3222c2b u0 com.mediatek.mtklogger/com.mediatek.mtklogger.MainActivity}
01-02 00:45:35.767537   979  1001 I WindowManager: Focus moving from Window{3222c2b u0 com.mediatek.mtklogger/com.mediatek.mtklogger.MainActivity} to Window{ee5dcf0 u0 Starting logs}
01-02 00:45:35.877911   979  1001 I WindowManager: Losing delayed focus: Window{3222c2b u0 com.mediatek.mtklogger/com.mediatek.mtklogger.MainActivity}
01-02 00:45:39.751232   979  1437 V WindowManager: Remove Window{ee5dcf0 u0 Starting logs} client=8682133, surfaceController=Surface(name=Starting logs) Callers=com.android.server.wm.WindowState.removeIfPossible:1860 com.android.server.wm.WindowManagerService.removeWindow:1740 com.android.server.wm.Session.remove:222 android.view.IWindowSession$Stub.onTransact:242 com.android.server.wm.Session.onTransact:163 
01-02 00:45:39.753485   979  1437 V WindowManager: Changing focus from Window{ee5dcf0 u0 Starting logs EXITING} to Window{3222c2b u0 com.mediatek.mtklogger/com.mediatek.mtklogger.MainActivity} Callers=com.android.server.wm.WindowState.setupWindowForRemoveOnExit:2008 com.android.server.wm.WindowState.removeIfPossible:1980 com.android.server.wm.WindowState.removeIfPossible:1860 com.android.server.wm.WindowManagerService.removeWindow:1740 
01-02 00:45:39.753999   979  1437 D WindowManager: Input focus has changed to Window{3222c2b u0 com.mediatek.mtklogger/com.mediatek.mtklogger.MainActivity}
01-02 00:45:39.774307   979  1001 I WindowManager: Focus moving from Window{ee5dcf0 u0 Starting logs EXITING} to Window{3222c2b u0 com.mediatek.mtklogger/com.mediatek.mtklogger.MainActivity}
01-02 00:45:47.575716   979  1005 W NetworkStatsRecorder: unknown interfaces [p2p0, lo], ignoring those stats
01-02 00:45:47.576114   979  1005 W NetworkStatsRecorder: unknown interfaces [p2p0, lo], ignoring those stats
01-02 00:45:47.576507   979  1005 D NetworkStatsRecorder: vpnArray:[Lcom.android.internal.net.VpnInfo;@6ec14ee
01-02 00:45:47.576674   979  1005 W NetworkStatsRecorder: unknown interfaces [p2p0, lo], ignoring those stats
01-02 00:45:47.576768   979  1005 D NetworkStatsRecorder: vpnArray:[Lcom.android.internal.net.VpnInfo;@6ec14ee
01-02 00:45:47.576847   979  1005 W NetworkStatsRecorder: unknown interfaces [p2p0, lo], ignoring those stats
01-02 00:45:47.604352   979  1005 I chatty  : uid=1000(system) DuraSpeedEventT identical 1 line
01-02 00:45:47.604666   979  1005 W NetworkStatsRecorder: unknown interfaces [p2p0, lo], ignoring those stats
01-02 00:45:47.605014   979  1005 D NetworkStatsRecorder: vpnArray:[Lcom.android.internal.net.VpnInfo;@ef99d8f
01-02 00:45:47.605149   979  1005 W NetworkStatsRecorder: unknown interfaces [p2p0, lo], ignoring those stats
01-02 00:45:47.605249   979  1005 D NetworkStatsRecorder: vpnArray:[Lcom.android.internal.net.VpnInfo;@ef99d8f
01-02 00:45:47.605326   979  1005 W NetworkStatsRecorder: unknown interfaces [p2p0, lo], ignoring those stats
01-02 00:46:00.002100   979  1067 D DataShapingService: [isDataShapingWhitelistApp] packageName: android
01-02 00:46:00.002420   979  1067 D DataShapingUtils: [isDataShapingWhitelistApp] packageName: android, mWhitelist: []
01-02 00:46:00.002843   979  1067 D DataShapingService: [openLteDataUpLinkGate] isForce: false
01-02 00:46:00.003003   979  1067 D DataShapingService: Alarm manager openLteDataUpLinkGate: false
01-02 00:46:00.003085   979  1067 I DataShapingService: openLteGateSuccess = false
01-02 00:46:17.716097   979  1005 W NetworkStatsRecorder: unknown interfaces [p2p0, lo], ignoring those stats
01-02 00:46:17.716411   979  1005 W NetworkStatsRecorder: unknown interfaces [p2p0, lo], ignoring those stats
01-02 00:46:17.716768   979  1005 D NetworkStatsRecorder: vpnArray:[Lcom.android.internal.net.VpnInfo;@383bc25
01-02 00:46:17.716908   979  1005 W NetworkStatsRecorder: unknown interfaces [p2p0, lo], ignoring those stats
01-02 00:46:17.716992   979  1005 D NetworkStatsRecorder: vpnArray:[Lcom.android.internal.net.VpnInfo;@383bc25
01-02 00:46:17.717067   979  1005 W NetworkStatsRecorder: unknown interfaces [p2p0, lo], ignoring those stats
01-02 00:46:17.741473   979  1005 I chatty  : uid=1000(system) DuraSpeedEventT identical 1 line
01-02 00:46:17.741805   979  1005 W NetworkStatsRecorder: unknown interfaces [p2p0, lo], ignoring those stats
01-02 00:46:17.742131   979  1005 D NetworkStatsRecorder: vpnArray:[Lcom.android.internal.net.VpnInfo;@c0891fa
01-02 00:46:17.742226   979  1005 W NetworkStatsRecorder: unknown interfaces [p2p0, lo], ignoring those stats
01-02 00:46:17.742329   979  1005 D NetworkStatsRecorder: vpnArray:[Lcom.android.internal.net.VpnInfo;@c0891fa
01-02 00:46:17.742404   979  1005 W NetworkStatsRecorder: unknown interfaces [p2p0, lo], ignoring those stats
01-02 00:46:47.818249   979  1005 I chatty  : uid=1000(system) DuraSpeedEventT identical 1 line
01-02 00:46:47.818568   979  1005 W NetworkStatsRecorder: unknown interfaces [p2p0, lo], ignoring those stats
01-02 00:46:47.818933   979  1005 D NetworkStatsRecorder: vpnArray:[Lcom.android.internal.net.VpnInfo;@d7c83ab
01-02 00:46:47.819069   979  1005 W NetworkStatsRecorder: unknown interfaces [p2p0, lo], ignoring those stats
01-02 00:46:47.819150   979  1005 D NetworkStatsRecorder: vpnArray:[Lcom.android.internal.net.VpnInfo;@d7c83ab
01-02 00:46:47.819223   979  1005 W NetworkStatsRecorder: unknown interfaces [p2p0, lo], ignoring those stats
01-02 00:46:47.846560   979  1005 I chatty  : uid=1000(system) DuraSpeedEventT identical 1 line
01-02 00:46:47.846904   979  1005 W NetworkStatsRecorder: unknown interfaces [p2p0, lo], ignoring those stats
01-02 00:46:47.847420   979  1005 D NetworkStatsRecorder: vpnArray:[Lcom.android.internal.net.VpnInfo;@f645a08
01-02 00:46:47.847598   979  1005 W NetworkStatsRecorder: unknown interfaces [p2p0, lo], ignoring those stats
01-02 00:46:47.847709   979  1005 D NetworkStatsRecorder: vpnArray:[Lcom.android.internal.net.VpnInfo;@f645a08
01-02 00:46:47.847858   979  1005 W NetworkStatsRecorder: unknown interfaces [p2p0, lo], ignoring those stats
01-02 00:47:00.001255   979  1067 D DataShapingService: [isDataShapingWhitelistApp] packageName: android
01-02 00:47:00.001585   979  1067 D DataShapingUtils: [isDataShapingWhitelistApp] packageName: android, mWhitelist: []
01-02 00:47:00.002025   979  1067 D DataShapingService: [openLteDataUpLinkGate] isForce: false
01-02 00:47:00.002194   979  1067 D DataShapingService: Alarm manager openLteDataUpLinkGate: false
01-02 00:47:00.002330   979  1067 I DataShapingService: openLteGateSuccess = false
01-02 00:47:07.530199   979  1067 D DataShapingService: [isDataShapingWhitelistApp] packageName: com.google.android.gms
01-02 00:47:07.530528   979  1067 D DataShapingUtils: [isDataShapingWhitelistApp] packageName: com.google.android.gms, mWhitelist: []
01-02 00:47:07.530964   979  1067 D DataShapingService: [openLteDataUpLinkGate] isForce: false
01-02 00:47:07.531140   979  1067 D DataShapingService: Alarm manager openLteDataUpLinkGate: false
01-02 00:47:07.531220   979  1067 I DataShapingService: openLteGateSuccess = false
01-02 00:47:17.911731   979  1005 W NetworkStatsRecorder: unknown interfaces [p2p0, lo], ignoring those stats
01-02 00:47:17.912042   979  1005 W NetworkStatsRecorder: unknown interfaces [p2p0, lo], ignoring those stats
01-02 00:47:17.912411   979  1005 D NetworkStatsRecorder: vpnArray:[Lcom.android.internal.net.VpnInfo;@4f50f6f
01-02 00:47:17.912552   979  1005 W NetworkStatsRecorder: unknown interfaces [p2p0, lo], ignoring those stats
01-02 00:47:17.912638   979  1005 D NetworkStatsRecorder: vpnArray:[Lcom.android.internal.net.VpnInfo;@4f50f6f
01-02 00:47:17.912713   979  1005 W NetworkStatsRecorder: unknown interfaces [p2p0, lo], ignoring those stats
01-02 00:47:17.918185   979  1005 D NetworkStatsRecorder: loadLocked() reading from disk for uid
01-02 00:47:17.938830   979  1005 W NetworkStatsRecorder: unknown interfaces [p2p0, lo], ignoring those stats
01-02 00:47:17.939146   979  1005 W NetworkStatsRecorder: unknown interfaces [p2p0, lo], ignoring those stats
01-02 00:47:17.939601   979  1005 D NetworkStatsRecorder: vpnArray:[Lcom.android.internal.net.VpnInfo;@5e5947c
01-02 00:47:17.939752   979  1005 W NetworkStatsRecorder: unknown interfaces [p2p0, lo], ignoring those stats
01-02 00:47:17.939863   979  1005 D NetworkStatsRecorder: vpnArray:[Lcom.android.internal.net.VpnInfo;@5e5947c
01-02 00:47:17.939940   979  1005 W NetworkStatsRecorder: unknown interfaces [p2p0, lo], ignoring those stats
01-02 00:47:48.020887   979  1005 I chatty  : uid=1000(system) DuraSpeedEventT identical 1 line
01-02 00:47:48.021201   979  1005 W NetworkStatsRecorder: unknown interfaces [p2p0, lo], ignoring those stats
01-02 00:47:48.021570   979  1005 D NetworkStatsRecorder: vpnArray:[Lcom.android.internal.net.VpnInfo;@9e63105
01-02 00:47:48.021664   979  1005 W NetworkStatsRecorder: unknown interfaces [p2p0, lo], ignoring those stats
01-02 00:47:48.021743   979  1005 D NetworkStatsRecorder: vpnArray:[Lcom.android.internal.net.VpnInfo;@9e63105
01-02 00:47:48.021896   979  1005 W NetworkStatsRecorder: unknown interfaces [p2p0, lo], ignoring those stats
01-02 00:47:48.048573   979  1005 I chatty  : uid=1000(system) DuraSpeedEventT identical 1 line
01-02 00:47:48.048891   979  1005 W NetworkStatsRecorder: unknown interfaces [p2p0, lo], ignoring those stats
01-02 00:47:48.049242   979  1005 D NetworkStatsRecorder: vpnArray:[Lcom.android.internal.net.VpnInfo;@8d0955a
01-02 00:47:48.049338   979  1005 W NetworkStatsRecorder: unknown interfaces [p2p0, lo], ignoring those stats
01-02 00:47:48.049437   979  1005 D NetworkStatsRecorder: vpnArray:[Lcom.android.internal.net.VpnInfo;@8d0955a
01-02 00:47:48.049514   979  1005 W NetworkStatsRecorder: unknown interfaces [p2p0, lo], ignoring those stats
01-02 00:48:00.001078   979  1067 D DataShapingService: [isDataShapingWhitelistApp] packageName: android
01-02 00:48:00.001410   979  1067 D DataShapingUtils: [isDataShapingWhitelistApp] packageName: android, mWhitelist: []
01-02 00:48:00.001839   979  1067 D DataShapingService: [openLteDataUpLinkGate] isForce: false
01-02 00:48:00.001957   979  1067 D DataShapingService: Alarm manager openLteDataUpLinkGate: false
01-02 00:48:00.002056   979  1067 I DataShapingService: openLteGateSuccess = false
01-02 00:48:18.160914   979  1005 W NetworkStatsRecorder: unknown interfaces [p2p0, lo], ignoring those stats
01-02 00:48:18.161251   979  1005 W NetworkStatsRecorder: unknown interfaces [p2p0, lo], ignoring those stats
01-02 00:48:18.161620   979  1005 D NetworkStatsRecorder: vpnArray:[Lcom.android.internal.net.VpnInfo;@2357c68
01-02 00:48:18.161763   979  1005 W NetworkStatsRecorder: unknown interfaces [p2p0, lo], ignoring those stats
01-02 00:48:18.161848   979  1005 D NetworkStatsRecorder: vpnArray:[Lcom.android.internal.net.VpnInfo;@2357c68
01-02 00:48:18.161923   979  1005 W NetworkStatsRecorder: unknown interfaces [p2p0, lo], ignoring those stats
01-02 00:48:18.186854   979  1005 I chatty  : uid=1000(system) DuraSpeedEventT identical 1 line
01-02 00:48:18.187197   979  1005 W NetworkStatsRecorder: unknown interfaces [p2p0, lo], ignoring those stats
01-02 00:48:18.187710   979  1005 D NetworkStatsRecorder: vpnArray:[Lcom.android.internal.net.VpnInfo;@d1dd881
01-02 00:48:18.187858   979  1005 W NetworkStatsRecorder: unknown interfaces [p2p0, lo], ignoring those stats
01-02 00:48:18.187963   979  1005 D NetworkStatsRecorder: vpnArray:[Lcom.android.internal.net.VpnInfo;@d1dd881
01-02 00:48:18.188041   979  1005 W NetworkStatsRecorder: unknown interfaces [p2p0, lo], ignoring those stats
01-02 00:48:48.251528   979  1005 I chatty  : uid=1000(system) DuraSpeedEventT identical 1 line
01-02 00:48:48.251833   979  1005 W NetworkStatsRecorder: unknown interfaces [p2p0, lo], ignoring those stats
01-02 00:48:48.252175   979  1005 D NetworkStatsRecorder: vpnArray:[Lcom.android.internal.net.VpnInfo;@a9090a
01-02 00:48:48.252270   979  1005 W NetworkStatsRecorder: unknown interfaces [p2p0, lo], ignoring those stats
01-02 00:48:48.252350   979  1005 D NetworkStatsRecorder: vpnArray:[Lcom.android.internal.net.VpnInfo;@a9090a
01-02 00:48:48.252470   979  1005 W NetworkStatsRecorder: unknown interfaces [p2p0, lo], ignoring those stats
01-02 00:48:48.275776   979  1005 I chatty  : uid=1000(system) DuraSpeedEventT identical 1 line
01-02 00:48:48.276123   979  1005 W NetworkStatsRecorder: unknown interfaces [p2p0, lo], ignoring those stats
01-02 00:48:48.276471   979  1005 D NetworkStatsRecorder: vpnArray:[Lcom.android.internal.net.VpnInfo;@76157b
01-02 00:48:48.276567   979  1005 W NetworkStatsRecorder: unknown interfaces [p2p0, lo], ignoring those stats
01-02 00:48:48.276670   979  1005 D NetworkStatsRecorder: vpnArray:[Lcom.android.internal.net.VpnInfo;@76157b
01-02 00:48:48.276745   979  1005 W NetworkStatsRecorder: unknown interfaces [p2p0, lo], ignoring those stats
01-02 00:49:00.001992   979  1067 D DataShapingService: [isDataShapingWhitelistApp] packageName: android
01-02 00:49:00.002315   979  1067 D DataShapingUtils: [isDataShapingWhitelistApp] packageName: android, mWhitelist: []
01-02 00:49:00.002750   979  1067 D DataShapingService: [openLteDataUpLinkGate] isForce: false
01-02 00:49:00.003034   979  1067 D DataShapingService: Alarm manager openLteDataUpLinkGate: true
01-02 00:49:00.003122   979  1251 D DataShapingService: [handleMessage] msg_alarm_manager_trigger
01-02 00:49:00.003165   979  1067 I DataShapingService: openLteGateSuccess = true
01-02 00:49:18.400455   979  1005 W NetworkStatsRecorder: unknown interfaces [p2p0, lo], ignoring those stats
01-02 00:49:18.400758   979  1005 W NetworkStatsRecorder: unknown interfaces [p2p0, lo], ignoring those stats
01-02 00:49:18.401131   979  1005 D NetworkStatsRecorder: vpnArray:[Lcom.android.internal.net.VpnInfo;@b0ce3f1
01-02 00:49:18.401273   979  1005 W NetworkStatsRecorder: unknown interfaces [p2p0, lo], ignoring those stats
01-02 00:49:18.401357   979  1005 D NetworkStatsRecorder: vpnArray:[Lcom.android.internal.net.VpnInfo;@b0ce3f1
01-02 00:49:18.401433   979  1005 W NetworkStatsRecorder: unknown interfaces [p2p0, lo], ignoring those stats
01-02 00:49:18.427551   979  1005 I chatty  : uid=1000(system) DuraSpeedEventT identical 1 line
01-02 00:49:18.427894   979  1005 W NetworkStatsRecorder: unknown interfaces [p2p0, lo], ignoring those stats
01-02 00:49:18.428239   979  1005 D NetworkStatsRecorder: vpnArray:[Lcom.android.internal.net.VpnInfo;@f56abd6
01-02 00:49:18.428378   979  1005 W NetworkStatsRecorder: unknown interfaces [p2p0, lo], ignoring those stats
01-02 00:49:18.428627   979  1005 D NetworkStatsRecorder: vpnArray:[Lcom.android.internal.net.VpnInfo;@f56abd6
01-02 00:49:18.428764   979  1005 W NetworkStatsRecorder: unknown interfaces [p2p0, lo], ignoring those stats
01-02 00:49:21.366964   979  1226 D WifiController: battery changed pluggedType: 2
01-02 00:49:48.522172   979  1005 W NetworkStatsRecorder: unknown interfaces [p2p0, lo], ignoring those stats
01-02 00:49:48.522480   979  1005 W NetworkStatsRecorder: unknown interfaces [p2p0, lo], ignoring those stats
01-02 00:49:48.522816   979  1005 D NetworkStatsRecorder: vpnArray:[Lcom.android.internal.net.VpnInfo;@b334d44
01-02 00:49:48.522941   979  1005 W NetworkStatsRecorder: unknown interfaces [p2p0, lo], ignoring those stats
01-02 00:49:48.523069   979  1005 D NetworkStatsRecorder: vpnArray:[Lcom.android.internal.net.VpnInfo;@b334d44
01-02 00:49:48.523150   979  1005 W NetworkStatsRecorder: unknown interfaces [p2p0, lo], ignoring those stats
01-02 00:49:48.547425   979  1005 I chatty  : uid=1000(system) DuraSpeedEventT identical 1 line
01-02 00:49:48.547759   979  1005 W NetworkStatsRecorder: unknown interfaces [p2p0, lo], ignoring those stats
01-02 00:49:48.548096   979  1005 D NetworkStatsRecorder: vpnArray:[Lcom.android.internal.net.VpnInfo;@cface2d
01-02 00:49:48.548228   979  1005 W NetworkStatsRecorder: unknown interfaces [p2p0, lo], ignoring those stats
01-02 00:49:48.548310   979  1005 D NetworkStatsRecorder: vpnArray:[Lcom.android.internal.net.VpnInfo;@cface2d
01-02 00:49:48.548401   979  1005 W NetworkStatsRecorder: unknown interfaces [p2p0, lo], ignoring those stats
01-02 00:50:00.000996   979  1067 D DataShapingService: [isDataShapingWhitelistApp] packageName: android
01-02 00:50:00.001316   979  1067 D DataShapingUtils: [isDataShapingWhitelistApp] packageName: android, mWhitelist: []
01-02 00:50:00.001745   979  1067 D DataShapingService: [openLteDataUpLinkGate] isForce: false
01-02 00:50:00.001934   979  1067 D DataShapingService: Alarm manager openLteDataUpLinkGate: false
01-02 00:50:00.002029   979  1067 I DataShapingService: openLteGateSuccess = false
01-02 00:50:18.670529   979  1005 W NetworkStatsRecorder: unknown interfaces [p2p0, lo], ignoring those stats
01-02 00:50:18.670851   979  1005 W NetworkStatsRecorder: unknown interfaces [p2p0, lo], ignoring those stats
01-02 00:50:18.671201   979  1005 D NetworkStatsRecorder: vpnArray:[Lcom.android.internal.net.VpnInfo;@93bb8f3
01-02 00:50:18.671480   979  1005 W NetworkStatsRecorder: unknown interfaces [p2p0, lo], ignoring those stats
01-02 00:50:18.671574   979  1005 D NetworkStatsRecorder: vpnArray:[Lcom.android.internal.net.VpnInfo;@93bb8f3
01-02 00:50:18.671655   979  1005 W NetworkStatsRecorder: unknown interfaces [p2p0, lo], ignoring those stats
01-02 00:50:18.696443   979  1005 I chatty  : uid=1000(system) DuraSpeedEventT identical 1 line
01-02 00:50:18.696764   979  1005 W NetworkStatsRecorder: unknown interfaces [p2p0, lo], ignoring those stats
01-02 00:50:18.697333   979  1005 D NetworkStatsRecorder: vpnArray:[Lcom.android.internal.net.VpnInfo;@fb9f9b0
01-02 00:50:18.697481   979  1005 W NetworkStatsRecorder: unknown interfaces [p2p0, lo], ignoring those stats
01-02 00:50:18.697567   979  1005 D NetworkStatsRecorder: vpnArray:[Lcom.android.internal.net.VpnInfo;@fb9f9b0
01-02 00:50:18.697656   979  1005 W NetworkStatsRecorder: unknown interfaces [p2p0, lo], ignoring those stats
01-02 00:50:48.758686   979  1005 I chatty  : uid=1000(system) DuraSpeedEventT identical 1 line
01-02 00:50:48.759013   979  1005 W NetworkStatsRecorder: unknown interfaces [p2p0, lo], ignoring those stats
01-02 00:50:48.759529   979  1005 D NetworkStatsRecorder: vpnArray:[Lcom.android.internal.net.VpnInfo;@a632029
01-02 00:50:48.759680   979  1005 W NetworkStatsRecorder: unknown interfaces [p2p0, lo], ignoring those stats
01-02 00:50:48.759792   979  1005 D NetworkStatsRecorder: vpnArray:[Lcom.android.internal.net.VpnInfo;@a632029
01-02 00:50:48.759874   979  1005 W NetworkStatsRecorder: unknown interfaces [p2p0, lo], ignoring those stats
01-02 00:50:48.784555   979  1005 I chatty  : uid=1000(system) DuraSpeedEventT identical 1 line
01-02 00:50:48.784867   979  1005 W NetworkStatsRecorder: unknown interfaces [p2p0, lo], ignoring those stats
01-02 00:50:48.785226   979  1005 D NetworkStatsRecorder: vpnArray:[Lcom.android.internal.net.VpnInfo;@8b75fae
01-02 00:50:48.785323   979  1005 W NetworkStatsRecorder: unknown interfaces [p2p0, lo], ignoring those stats
01-02 00:50:48.785404   979  1005 D NetworkStatsRecorder: vpnArray:[Lcom.android.internal.net.VpnInfo;@8b75fae
01-02 00:50:48.785478   979  1005 W NetworkStatsRecorder: unknown interfaces [p2p0, lo], ignoring those stats
01-02 00:51:00.001012   979  1067 D DataShapingService: [isDataShapingWhitelistApp] packageName: android
01-02 00:51:00.001342   979  1067 D DataShapingUtils: [isDataShapingWhitelistApp] packageName: android, mWhitelist: []
01-02 00:51:00.001785   979  1067 D DataShapingService: [openLteDataUpLinkGate] isForce: false
01-02 00:51:00.001968   979  1067 D DataShapingService: Alarm manager openLteDataUpLinkGate: false
01-02 00:51:00.002050   979  1067 I DataShapingService: openLteGateSuccess = false
01-02 00:51:18.814483   979  1005 W NetworkStatsRecorder: unknown interfaces [p2p0, lo], ignoring those stats
01-02 00:51:18.814797   979  1005 W NetworkStatsRecorder: unknown interfaces [p2p0, lo], ignoring those stats
01-02 00:51:18.815132   979  1005 D NetworkStatsRecorder: vpnArray:[Lcom.android.internal.net.VpnInfo;@ebd00dc
01-02 00:51:18.815229   979  1005 W NetworkStatsRecorder: unknown interfaces [p2p0, lo], ignoring those stats
01-02 00:51:18.815436   979  1005 D NetworkStatsRecorder: vpnArray:[Lcom.android.internal.net.VpnInfo;@ebd00dc
01-02 00:51:18.815517   979  1005 W NetworkStatsRecorder: unknown interfaces [p2p0, lo], ignoring those stats
01-02 00:51:18.839570   979  1005 I chatty  : uid=1000(system) DuraSpeedEventT identical 1 line
01-02 00:51:18.839882   979  1005 W NetworkStatsRecorder: unknown interfaces [p2p0, lo], ignoring those stats
01-02 00:51:18.840235   979  1005 D NetworkStatsRecorder: vpnArray:[Lcom.android.internal.net.VpnInfo;@2e495e5
01-02 00:51:18.840328   979  1005 W NetworkStatsRecorder: unknown interfaces [p2p0, lo], ignoring those stats
01-02 00:51:18.840408   979  1005 D NetworkStatsRecorder: vpnArray:[Lcom.android.internal.net.VpnInfo;@2e495e5
01-02 00:51:18.840482   979  1005 W NetworkStatsRecorder: unknown interfaces [p2p0, lo], ignoring those stats
01-02 00:51:48.964819   979  1005 I chatty  : uid=1000(system) DuraSpeedEventT identical 1 line
01-02 00:51:48.965187   979  1005 W NetworkStatsRecorder: unknown interfaces [p2p0, lo], ignoring those stats
01-02 00:51:48.965793   979  1005 D NetworkStatsRecorder: vpnArray:[Lcom.android.internal.net.VpnInfo;@51dc8ba
01-02 00:51:48.965974   979  1005 W NetworkStatsRecorder: unknown interfaces [p2p0, lo], ignoring those stats
01-02 00:51:48.966106   979  1005 D NetworkStatsRecorder: vpnArray:[Lcom.android.internal.net.VpnInfo;@51dc8ba
01-02 00:51:48.966235   979  1005 W NetworkStatsRecorder: unknown interfaces [p2p0, lo], ignoring those stats
01-02 00:51:48.990973   979  1005 I chatty  : uid=1000(system) DuraSpeedEventT identical 1 line
01-02 00:51:48.991233   979  1005 W NetworkStatsRecorder: unknown interfaces [p2p0, lo], ignoring those stats
01-02 00:51:48.991658   979  1005 D NetworkStatsRecorder: vpnArray:[Lcom.android.internal.net.VpnInfo;@ab3536b
01-02 00:51:48.991760   979  1005 W NetworkStatsRecorder: unknown interfaces [p2p0, lo], ignoring those stats
01-02 00:51:48.991820   979  1005 D NetworkStatsRecorder: vpnArray:[Lcom.android.internal.net.VpnInfo;@ab3536b
01-02 00:51:48.991873   979  1005 W NetworkStatsRecorder: unknown interfaces [p2p0, lo], ignoring those stats
01-02 00:52:00.001937   979  1067 D DataShapingService: [isDataShapingWhitelistApp] packageName: android
01-02 00:52:00.002269   979  1067 D DataShapingUtils: [isDataShapingWhitelistApp] packageName: android, mWhitelist: []
01-02 00:52:00.002714   979  1067 D DataShapingService: [openLteDataUpLinkGate] isForce: false
01-02 00:52:00.002875   979  1067 D DataShapingService: Alarm manager openLteDataUpLinkGate: false
01-02 00:52:00.003001   979  1067 I DataShapingService: openLteGateSuccess = false
01-02 00:52:19.052818   979  1005 W NetworkStatsRecorder: unknown interfaces [p2p0, lo], ignoring those stats
01-02 00:52:19.053242   979  1005 W NetworkStatsRecorder: unknown interfaces [p2p0, lo], ignoring those stats
01-02 00:52:19.053624   979  1005 D NetworkStatsRecorder: vpnArray:[Lcom.android.internal.net.VpnInfo;@74dab61
01-02 00:52:19.053776   979  1005 W NetworkStatsRecorder: unknown interfaces [p2p0, lo], ignoring those stats
01-02 00:52:19.053891   979  1005 D NetworkStatsRecorder: vpnArray:[Lcom.android.internal.net.VpnInfo;@74dab61
01-02 00:52:19.053973   979  1005 W NetworkStatsRecorder: unknown interfaces [p2p0, lo], ignoring those stats
01-02 00:52:19.079548   979  1005 I chatty  : uid=1000(system) DuraSpeedEventT identical 1 line
01-02 00:52:19.079870   979  1005 W NetworkStatsRecorder: unknown interfaces [p2p0, lo], ignoring those stats
01-02 00:52:19.080216   979  1005 D NetworkStatsRecorder: vpnArray:[Lcom.android.internal.net.VpnInfo;@44fb686
01-02 00:52:19.080382   979  1005 W NetworkStatsRecorder: unknown interfaces [p2p0, lo], ignoring those stats
01-02 00:52:19.080468   979  1005 D NetworkStatsRecorder: vpnArray:[Lcom.android.internal.net.VpnInfo;@44fb686
01-02 00:52:19.080597   979  1005 W NetworkStatsRecorder: unknown interfaces [p2p0, lo], ignoring those stats
01-02 00:52:21.365967   979  1226 D WifiController: battery changed pluggedType: 2
01-02 00:52:28.298399   979  1067 D DataShapingService: [openLteDataUpLinkGate] isForce: false
01-02 00:52:28.298747   979  1067 D DataShapingService: Alarm manager openLteDataUpLinkGate: false
01-02 00:52:28.298839   979  1067 I DataShapingService: openLteGateSuccess = false
01-02 00:52:28.325313   979  1437 W ActivityManager: Unable to start service Intent { act=com.google.android.gms.analytics.service.START cmp=com.google.android.gms/.analytics.service.AnalyticsService (has extras) } U=0: not found
01-02 00:52:49.136143   979  1005 W NetworkStatsRecorder: unknown interfaces [p2p0, lo], ignoring those stats
01-02 00:52:49.136468   979  1005 W NetworkStatsRecorder: unknown interfaces [p2p0, lo], ignoring those stats
01-02 00:52:49.136825   979  1005 D NetworkStatsRecorder: vpnArray:[Lcom.android.internal.net.VpnInfo;@8276599
01-02 00:52:49.136921   979  1005 W NetworkStatsRecorder: unknown interfaces [p2p0, lo], ignoring those stats
01-02 00:52:49.137004   979  1005 D NetworkStatsRecorder: vpnArray:[Lcom.android.internal.net.VpnInfo;@8276599
01-02 00:52:49.137078   979  1005 W NetworkStatsRecorder: unknown interfaces [p2p0, lo], ignoring those stats
01-02 00:52:49.142901   979  1005 D NetworkStatsRecorder: loadLocked() reading from disk for uid
01-02 00:52:49.163159   979  1005 W NetworkStatsRecorder: unknown interfaces [p2p0, lo], ignoring those stats
01-02 00:52:49.163778   979  1005 W NetworkStatsRecorder: unknown interfaces [p2p0, lo], ignoring those stats
01-02 00:52:49.164139   979  1005 D NetworkStatsRecorder: vpnArray:[Lcom.android.internal.net.VpnInfo;@711105e
01-02 00:52:49.164238   979  1005 W NetworkStatsRecorder: unknown interfaces [p2p0, lo], ignoring those stats
01-02 00:52:49.164345   979  1005 D NetworkStatsRecorder: vpnArray:[Lcom.android.internal.net.VpnInfo;@711105e
01-02 00:52:49.164423   979  1005 W NetworkStatsRecorder: unknown interfaces [p2p0, lo], ignoring those stats
01-02 00:53:00.002014   979  1067 D DataShapingService: [isDataShapingWhitelistApp] packageName: android
01-02 00:53:00.002341   979  1067 D DataShapingUtils: [isDataShapingWhitelistApp] packageName: android, mWhitelist: []
01-02 00:53:00.003351   979  1067 D DataShapingService: [openLteDataUpLinkGate] isForce: false
01-02 00:53:00.003575   979  1067 D DataShapingService: Alarm manager openLteDataUpLinkGate: false
01-02 00:53:00.003663   979  1067 I DataShapingService: openLteGateSuccess = false
01-02 00:53:19.245302   979  1005 W NetworkStatsRecorder: unknown interfaces [p2p0, lo], ignoring those stats
01-02 00:53:19.245630   979  1005 W NetworkStatsRecorder: unknown interfaces [p2p0, lo], ignoring those stats
01-02 00:53:19.246010   979  1005 D NetworkStatsRecorder: vpnArray:[Lcom.android.internal.net.VpnInfo;@530590c
01-02 00:53:19.246150   979  1005 W NetworkStatsRecorder: unknown interfaces [p2p0, lo], ignoring those stats
01-02 00:53:19.246236   979  1005 D NetworkStatsRecorder: vpnArray:[Lcom.android.internal.net.VpnInfo;@530590c
01-02 00:53:19.246366   979  1005 W NetworkStatsRecorder: unknown interfaces [p2p0, lo], ignoring those stats
01-02 00:53:19.271795   979  1005 I chatty  : uid=1000(system) DuraSpeedEventT identical 1 line
01-02 00:53:19.272122   979  1005 W NetworkStatsRecorder: unknown interfaces [p2p0, lo], ignoring those stats
01-02 00:53:19.272473   979  1005 D NetworkStatsRecorder: vpnArray:[Lcom.android.internal.net.VpnInfo;@bffc255
01-02 00:53:19.272567   979  1005 W NetworkStatsRecorder: unknown interfaces [p2p0, lo], ignoring those stats
01-02 00:53:19.272668   979  1005 D NetworkStatsRecorder: vpnArray:[Lcom.android.internal.net.VpnInfo;@bffc255
01-02 00:53:19.272744   979  1005 W NetworkStatsRecorder: unknown interfaces [p2p0, lo], ignoring those stats
01-02 00:53:21.369728   979  1226 D WifiController: battery changed pluggedType: 2
01-02 00:53:49.340957   979  1005 W NetworkStatsRecorder: unknown interfaces [p2p0, lo], ignoring those stats
01-02 00:53:49.341284   979  1005 W NetworkStatsRecorder: unknown interfaces [p2p0, lo], ignoring those stats
01-02 00:53:49.341659   979  1005 D NetworkStatsRecorder: vpnArray:[Lcom.android.internal.net.VpnInfo;@bd9d46a
01-02 00:53:49.341756   979  1005 W NetworkStatsRecorder: unknown interfaces [p2p0, lo], ignoring those stats
01-02 00:53:49.341893   979  1005 D NetworkStatsRecorder: vpnArray:[Lcom.android.internal.net.VpnInfo;@bd9d46a
01-02 00:53:49.341973   979  1005 W NetworkStatsRecorder: unknown interfaces [p2p0, lo], ignoring those stats
01-02 00:53:49.366819   979  1005 I chatty  : uid=1000(system) DuraSpeedEventT identical 1 line
01-02 00:53:49.367144   979  1005 W NetworkStatsRecorder: unknown interfaces [p2p0, lo], ignoring those stats
01-02 00:53:49.367630   979  1005 D NetworkStatsRecorder: vpnArray:[Lcom.android.internal.net.VpnInfo;@e73ed5b
01-02 00:53:49.367780   979  1005 W NetworkStatsRecorder: unknown interfaces [p2p0, lo], ignoring those stats
01-02 00:53:49.367892   979  1005 D NetworkStatsRecorder: vpnArray:[Lcom.android.internal.net.VpnInfo;@e73ed5b
01-02 00:53:49.367970   979  1005 W NetworkStatsRecorder: unknown interfaces [p2p0, lo], ignoring those stats
01-02 00:54:00.001975   979  1067 D DataShapingService: [isDataShapingWhitelistApp] packageName: android
01-02 00:54:00.002334   979  1067 D DataShapingUtils: [isDataShapingWhitelistApp] packageName: android, mWhitelist: []
01-02 00:54:00.003083   979  1067 D DataShapingService: [openLteDataUpLinkGate] isForce: false
01-02 00:54:00.003763   979  1067 D DataShapingService: Alarm manager openLteDataUpLinkGate: true
01-02 00:54:00.003830   979  1251 D DataShapingService: [handleMessage] msg_alarm_manager_trigger
01-02 00:54:00.003966   979  1067 I DataShapingService: openLteGateSuccess = true
01-02 00:54:19.415802   979  1005 W NetworkStatsRecorder: unknown interfaces [p2p0, lo], ignoring those stats
01-02 00:54:19.416116   979  1005 W NetworkStatsRecorder: unknown interfaces [p2p0, lo], ignoring those stats
01-02 00:54:19.416479   979  1005 D NetworkStatsRecorder: vpnArray:[Lcom.android.internal.net.VpnInfo;@b36eac5
01-02 00:54:19.416620   979  1005 W NetworkStatsRecorder: unknown interfaces [p2p0, lo], ignoring those stats
01-02 00:54:19.416706   979  1005 D NetworkStatsRecorder: vpnArray:[Lcom.android.internal.net.VpnInfo;@b36eac5
01-02 00:54:19.416785   979  1005 W NetworkStatsRecorder: unknown interfaces [p2p0, lo], ignoring those stats
01-02 00:54:19.441789   979  1005 I chatty  : uid=1000(system) DuraSpeedEventT identical 1 line
01-02 00:54:19.442114   979  1005 W NetworkStatsRecorder: unknown interfaces [p2p0, lo], ignoring those stats
01-02 00:54:19.442448   979  1005 D NetworkStatsRecorder: vpnArray:[Lcom.android.internal.net.VpnInfo;@b482c1a
01-02 00:54:19.442582   979  1005 W NetworkStatsRecorder: unknown interfaces [p2p0, lo], ignoring those stats
01-02 00:54:19.442684   979  1005 D NetworkStatsRecorder: vpnArray:[Lcom.android.internal.net.VpnInfo;@b482c1a
01-02 00:54:19.442768   979  1005 W NetworkStatsRecorder: unknown interfaces [p2p0, lo], ignoring those stats
01-02 00:54:49.564695   979  1005 I chatty  : uid=1000(system) DuraSpeedEventT identical 1 line
01-02 00:54:49.565021   979  1005 W NetworkStatsRecorder: unknown interfaces [p2p0, lo], ignoring those stats
01-02 00:54:49.565394   979  1005 D NetworkStatsRecorder: vpnArray:[Lcom.android.internal.net.VpnInfo;@b71d128
01-02 00:54:49.565562   979  1005 W NetworkStatsRecorder: unknown interfaces [p2p0, lo], ignoring those stats
01-02 00:54:49.565648   979  1005 D NetworkStatsRecorder: vpnArray:[Lcom.android.internal.net.VpnInfo;@b71d128
01-02 00:54:49.565725   979  1005 W NetworkStatsRecorder: unknown interfaces [p2p0, lo], ignoring those stats
01-02 00:54:49.590782   979  1005 I chatty  : uid=1000(system) DuraSpeedEventT identical 1 line
01-02 00:54:49.591122   979  1005 W NetworkStatsRecorder: unknown interfaces [p2p0, lo], ignoring those stats
01-02 00:54:49.591556   979  1005 D NetworkStatsRecorder: vpnArray:[Lcom.android.internal.net.VpnInfo;@a206e41
01-02 00:54:49.591663   979  1005 W NetworkStatsRecorder: unknown interfaces [p2p0, lo], ignoring those stats
01-02 00:54:49.591773   979  1005 D NetworkStatsRecorder: vpnArray:[Lcom.android.internal.net.VpnInfo;@a206e41
01-02 00:54:49.591857   979  1005 W NetworkStatsRecorder: unknown interfaces [p2p0, lo], ignoring those stats
01-02 00:55:00.000839   979  1067 D DataShapingService: [isDataShapingWhitelistApp] packageName: android
01-02 00:55:00.001171   979  1067 D DataShapingUtils: [isDataShapingWhitelistApp] packageName: android, mWhitelist: []
01-02 00:55:00.001635   979  1067 D DataShapingService: [openLteDataUpLinkGate] isForce: false
01-02 00:55:00.001829   979  1067 D DataShapingService: Alarm manager openLteDataUpLinkGate: false
01-02 00:55:00.001914   979  1067 I DataShapingService: openLteGateSuccess = false
01-02 00:55:11.927229   979 11208 V WindowManager: Changing focus from Window{3222c2b u0 com.mediatek.mtklogger/com.mediatek.mtklogger.MainActivity} to Window{cc4ad7d u0 Stopping logs} Callers=com.android.server.wm.WindowManagerService.addWindow:1573 com.android.server.wm.Session.addToDisplay:202 android.view.IWindowSession$Stub.onTransact:124 com.android.server.wm.Session.onTransact:163 
01-02 00:55:11.930293   979 11208 D WindowManager: Input focus has changed to Window{cc4ad7d u0 Stopping logs}
01-02 00:55:11.933831   979  1001 I WindowManager: Focus moving from Window{3222c2b u0 com.mediatek.mtklogger/com.mediatek.mtklogger.MainActivity} to Window{cc4ad7d u0 Stopping logs}
01-02 00:55:12.036760   979  1001 I WindowManager: Losing delayed focus: Window{3222c2b u0 com.mediatek.mtklogger/com.mediatek.mtklogger.MainActivity}
01-02 00:55:19.712145   979  1005 W NetworkStatsRecorder: unknown interfaces [p2p0, lo], ignoring those stats
01-02 00:55:19.712483   979  1005 W NetworkStatsRecorder: unknown interfaces [p2p0, lo], ignoring those stats
01-02 00:55:19.712897   979  1005 D NetworkStatsRecorder: vpnArray:[Lcom.android.internal.net.VpnInfo;@8482472
01-02 00:55:19.713063   979  1005 W NetworkStatsRecorder: unknown interfaces [p2p0, lo], ignoring those stats
01-02 00:55:19.713155   979  1005 D NetworkStatsRecorder: vpnArray:[Lcom.android.internal.net.VpnInfo;@8482472
01-02 00:55:19.713235   979  1005 W NetworkStatsRecorder: unknown interfaces [p2p0, lo], ignoring those stats
01-02 00:55:19.742143   979  1005 I chatty  : uid=1000(system) DuraSpeedEventT identical 1 line
01-02 00:55:19.742424   979  1005 W NetworkStatsRecorder: unknown interfaces [p2p0, lo], ignoring those stats
01-02 00:55:19.742736   979  1005 D NetworkStatsRecorder: vpnArray:[Lcom.android.internal.net.VpnInfo;@3fe70c3
01-02 00:55:19.742852   979  1005 W NetworkStatsRecorder: unknown interfaces [p2p0, lo], ignoring those stats
01-02 00:55:19.742939   979  1005 D NetworkStatsRecorder: vpnArray:[Lcom.android.internal.net.VpnInfo;@3fe70c3
01-02 00:55:19.743024   979  1005 W NetworkStatsRecorder: unknown interfaces [p2p0, lo], ignoring those stats
01-02 00:55:21.373676   979  1226 D WifiController: battery changed pluggedType: 2
01-02 00:55:31.988920   979  1001 I WindowManager: Focus moving from Window{cc4ad7d u0 Stopping logs EXITING} to Window{3222c2b u0 com.mediatek.mtklogger/com.mediatek.mtklogger.MainActivity}
